Archive member included to satisfy reference by file (symbol)

c:/progra~1/raspbe~1/picosd~1.1/gcc-ar~1/bin/../lib/gcc/arm-none-eabi/10.3.1/thumb/v6-m/nofp\libgcc.a(_dvmd_tls.o)
                              CMakeFiles/mw3200.dir/C_/Program_Files/Raspberry_Pi/Pico_SDK_v1.5.1/pico-sdk/src/rp2_common/pico_divider/divider.S.obj (__aeabi_idiv0)
c:/progra~1/raspbe~1/picosd~1.1/gcc-ar~1/bin/../lib/gcc/arm-none-eabi/10.3.1/../../../../arm-none-eabi/lib/thumb/v6-m/nofp\libg.a(lib_a-calloc.o)
                              CMakeFiles/mw3200.dir/C_/Program_Files/Raspberry_Pi/Pico_SDK_v1.5.1/pico-sdk/src/rp2_common/pico_malloc/pico_malloc.c.obj (calloc)
c:/progra~1/raspbe~1/picosd~1.1/gcc-ar~1/bin/../lib/gcc/arm-none-eabi/10.3.1/../../../../arm-none-eabi/lib/thumb/v6-m/nofp\libg.a(lib_a-callocr.o)
                              c:/progra~1/raspbe~1/picosd~1.1/gcc-ar~1/bin/../lib/gcc/arm-none-eabi/10.3.1/../../../../arm-none-eabi/lib/thumb/v6-m/nofp\libg.a(lib_a-calloc.o) (_calloc_r)
c:/progra~1/raspbe~1/picosd~1.1/gcc-ar~1/bin/../lib/gcc/arm-none-eabi/10.3.1/../../../../arm-none-eabi/lib/thumb/v6-m/nofp\libg.a(lib_a-errno.o)
                              c:/progra~1/raspbe~1/picosd~1.1/gcc-ar~1/bin/../lib/gcc/arm-none-eabi/10.3.1/../../../../arm-none-eabi/lib/thumb/v6-m/nofp\libg.a(lib_a-callocr.o) (__errno)
c:/progra~1/raspbe~1/picosd~1.1/gcc-ar~1/bin/../lib/gcc/arm-none-eabi/10.3.1/../../../../arm-none-eabi/lib/thumb/v6-m/nofp\libg.a(lib_a-impure.o)
                              c:/progra~1/raspbe~1/picosd~1.1/gcc-ar~1/bin/../lib/gcc/arm-none-eabi/10.3.1/../../../../arm-none-eabi/lib/thumb/v6-m/nofp\libg.a(lib_a-calloc.o) (_impure_ptr)
c:/progra~1/raspbe~1/picosd~1.1/gcc-ar~1/bin/../lib/gcc/arm-none-eabi/10.3.1/../../../../arm-none-eabi/lib/thumb/v6-m/nofp\libg.a(lib_a-init.o)
                              c:/progra~1/raspbe~1/picosd~1.1/gcc-ar~1/bin/../lib/gcc/arm-none-eabi/10.3.1/../../../../arm-none-eabi/lib/thumb/v6-m/nofp/crt0.o (__libc_init_array)
c:/progra~1/raspbe~1/picosd~1.1/gcc-ar~1/bin/../lib/gcc/arm-none-eabi/10.3.1/../../../../arm-none-eabi/lib/thumb/v6-m/nofp\libg.a(lib_a-malloc.o)
                              CMakeFiles/mw3200.dir/C_/Program_Files/Raspberry_Pi/Pico_SDK_v1.5.1/pico-sdk/src/rp2_common/pico_malloc/pico_malloc.c.obj (malloc)
c:/progra~1/raspbe~1/picosd~1.1/gcc-ar~1/bin/../lib/gcc/arm-none-eabi/10.3.1/../../../../arm-none-eabi/lib/thumb/v6-m/nofp\libg.a(lib_a-mallocr.o)
                              c:/progra~1/raspbe~1/picosd~1.1/gcc-ar~1/bin/../lib/gcc/arm-none-eabi/10.3.1/../../../../arm-none-eabi/lib/thumb/v6-m/nofp\libg.a(lib_a-callocr.o) (_malloc_r)
c:/progra~1/raspbe~1/picosd~1.1/gcc-ar~1/bin/../lib/gcc/arm-none-eabi/10.3.1/../../../../arm-none-eabi/lib/thumb/v6-m/nofp\libg.a(lib_a-memcmp.o)
                              CMakeFiles/mw3200.dir/C_/Program_Files/Raspberry_Pi/Pico_SDK_v1.5.1/pico-sdk/lib/cyw43-driver/src/cyw43_ll.c.obj (memcmp)
c:/progra~1/raspbe~1/picosd~1.1/gcc-ar~1/bin/../lib/gcc/arm-none-eabi/10.3.1/../../../../arm-none-eabi/lib/thumb/v6-m/nofp\libg.a(lib_a-memmove.o)
                              CMakeFiles/mw3200.dir/C_/Program_Files/Raspberry_Pi/Pico_SDK_v1.5.1/pico-sdk/lib/cyw43-driver/src/cyw43_ll.c.obj (memmove)
c:/progra~1/raspbe~1/picosd~1.1/gcc-ar~1/bin/../lib/gcc/arm-none-eabi/10.3.1/../../../../arm-none-eabi/lib/thumb/v6-m/nofp\libg.a(lib_a-mlock.o)
                              c:/progra~1/raspbe~1/picosd~1.1/gcc-ar~1/bin/../lib/gcc/arm-none-eabi/10.3.1/../../../../arm-none-eabi/lib/thumb/v6-m/nofp\libg.a(lib_a-mallocr.o) (__malloc_lock)
c:/progra~1/raspbe~1/picosd~1.1/gcc-ar~1/bin/../lib/gcc/arm-none-eabi/10.3.1/../../../../arm-none-eabi/lib/thumb/v6-m/nofp\libg.a(lib_a-realloc.o)
                              CMakeFiles/mw3200.dir/C_/Program_Files/Raspberry_Pi/Pico_SDK_v1.5.1/pico-sdk/src/rp2_common/pico_malloc/pico_malloc.c.obj (realloc)
c:/progra~1/raspbe~1/picosd~1.1/gcc-ar~1/bin/../lib/gcc/arm-none-eabi/10.3.1/../../../../arm-none-eabi/lib/thumb/v6-m/nofp\libg.a(lib_a-reallocr.o)
                              c:/progra~1/raspbe~1/picosd~1.1/gcc-ar~1/bin/../lib/gcc/arm-none-eabi/10.3.1/../../../../arm-none-eabi/lib/thumb/v6-m/nofp\libg.a(lib_a-realloc.o) (_realloc_r)
c:/progra~1/raspbe~1/picosd~1.1/gcc-ar~1/bin/../lib/gcc/arm-none-eabi/10.3.1/../../../../arm-none-eabi/lib/thumb/v6-m/nofp\libg.a(lib_a-sbrkr.o)
                              c:/progra~1/raspbe~1/picosd~1.1/gcc-ar~1/bin/../lib/gcc/arm-none-eabi/10.3.1/../../../../arm-none-eabi/lib/thumb/v6-m/nofp\libg.a(lib_a-mallocr.o) (_sbrk_r)
c:/progra~1/raspbe~1/picosd~1.1/gcc-ar~1/bin/../lib/gcc/arm-none-eabi/10.3.1/../../../../arm-none-eabi/lib/thumb/v6-m/nofp\libg.a(lib_a-strlen-stub.o)
                              CMakeFiles/mw3200.dir/C_/Program_Files/Raspberry_Pi/Pico_SDK_v1.5.1/pico-sdk/src/rp2_common/pico_stdio/stdio.c.obj (strlen)
c:/progra~1/raspbe~1/picosd~1.1/gcc-ar~1/bin/../lib/gcc/arm-none-eabi/10.3.1/../../../../arm-none-eabi/lib/thumb/v6-m/nofp\libg.a(lib_a-strncmp.o)
[...]
Memory Configuration

Name             Origin             Length             Attributes
FLASH            0x10000000         0x00200000         xr
RAM              0x20000000         0x00040000         xrw
SCRATCH_X        0x20040000         0x00001000         xrw
SCRATCH_Y        0x20041000         0x00001000         xrw
*default*        0x00000000         0xffffffff

Linker script and memory map

LOAD c:/progra~1/raspbe~1/picosd~1.1/gcc-ar~1/bin/../lib/gcc/arm-none-eabi/10.3.1/thumb/v6-m/nofp/crti.o
LOAD c:/progra~1/raspbe~1/picosd~1.1/gcc-ar~1/bin/../lib/gcc/arm-none-eabi/10.3.1/thumb/v6-m/nofp/crtbegin.o
LOAD c:/progra~1/raspbe~1/picosd~1.1/gcc-ar~1/bin/../lib/gcc/arm-none-eabi/10.3.1/../../../../arm-none-eabi/lib/thumb/v6-m/nofp/crt0.o

.flash_begin    0x10000000        0x0
                0x10000000                __flash_binary_start = .

.boot2          0x10000000      0x100
                0x10000000                __boot2_start__ = .
 *(.boot2)
 .boot2         0x10000000      0x100 C:\Users\drad\AppData\Local\Temp\ccM7xv1y.o
                0x10000100                __boot2_end__ = .
                0x00000001                ASSERT (((__boot2_end__ - __boot2_start__) == 0x100), ERROR: Pico second stage bootloader must be 256 bytes in size)

.text           0x10000100     0xa000
                0x10000100                __logical_binary_start = .
 *(.vectors)
 .vectors       0x10000100       0xd4 CMakeFiles/mw3200.dir/C_/Program_Files/Raspberry_Pi/Pico_SDK_v1.5.1/pico-sdk/src/rp2_common/pico_standard_link/crt0.S.obj
                0x10000100                __VECTOR_TABLE
                0x10000100                __vectors
                0x100001c0                isr_invalid
                0x100001c0                __default_isrs_start
                0x100001c2                isr_nmi
                0x100001c4                isr_hardfault
                0x100001c6                isr_svcall
                0x100001c8                isr_pendsv
                0x100001ca                isr_systick
                0x100001cc                isr_irq23
                0x100001cc                isr_irq18
                0x100001cc                isr_irq11
                0x100001cc                isr_irq28
                0x100001cc                isr_irq19
                0x100001cc                isr_irq0
                0x100001cc                isr_irq6
                0x100001cc                isr_irq5
                0x100001cc                isr_irq12
                0x100001cc                isr_irq22
                0x100001cc                isr_irq31
                0x100001cc                isr_irq17
                0x100001cc                isr_irq27
                0x100001cc                isr_irq30
                0x100001cc                isr_irq2
                0x100001cc                isr_irq10
                0x100001cc                isr_irq8
                0x100001cc                isr_irq24
                0x100001cc                isr_irq1
                0x100001cc                isr_irq7
                0x100001cc                isr_irq21
                0x100001cc                isr_irq20
                0x100001cc                isr_irq15
                0x100001cc                isr_irq25
                0x100001cc                isr_irq13
                0x100001cc                __unhandled_user_irq
                0x100001cc                isr_irq4
                0x100001cc                isr_irq16
                0x100001cc                isr_irq29
                0x100001cc                isr_irq26
                0x100001cc                __default_isrs_end
                0x100001cc                isr_irq3
                0x100001cc                isr_irq14
                0x100001cc                isr_irq9
                0x100001d2                unhandled_user_irq_num_in_r0
 *(.binary_info_header)
 .binary_info_header
                0x100001d4       0x14 CMakeFiles/mw3200.dir/C_/Program_Files/Raspberry_Pi/Pico_SDK_v1.5.1/pico-sdk/src/rp2_common/pico_standard_link/crt0.S.obj
                0x100001e8                __binary_info_header_end = .
 *(.reset)
 .reset         0x100001e8       0xa0 CMakeFiles/mw3200.dir/C_/Program_Files/Raspberry_Pi/Pico_SDK_v1.5.1/pico-sdk/src/rp2_common/pico_standard_link/crt0.S.obj
                0x100001e8                _entry_point
 .reset         0x10000288       0x30 CMakeFiles/mw3200.dir/C_/Program_Files/Raspberry_Pi/Pico_SDK_v1.5.1/pico-sdk/src/rp2_common/pico_standard_link/binary_info.c.obj
 *(.init)
 .init          0x100002b8        0x4 c:/progra~1/raspbe~1/picosd~1.1/gcc-ar~1/bin/../lib/gcc/arm-none-eabi/10.3.1/thumb/v6-m/nofp/crti.o
                0x100002b8                _init
 *(EXCLUDE_FILE(*libm.a: *libc.a:*lib_a-mem*.o *libgcc.a:) .text*)
 .text          0x100002bc       0x48 c:/progra~1/raspbe~1/picosd~1.1/gcc-ar~1/bin/../lib/gcc/arm-none-eabi/10.3.1/thumb/v6-m/nofp/crtbegin.o
 .text.main     0x10000304       0x48 CMakeFiles/mw3200.dir/main.c.obj
                0x10000304                main
 .text.gpio_set_function
                0x1000034c       0x30 CMakeFiles/mw3200.dir/C_/Program_Files/Raspberry_Pi/Pico_SDK_v1.5.1/pico-sdk/src/rp2_common/hardware_gpio/gpio.c.obj
                0x1000034c                gpio_set_function
 .text.gpio_set_pulls
                0x1000037c       0x34 CMakeFiles/mw3200.dir/C_/Program_Files/Raspberry_Pi/Pico_SDK_v1.5.1/pico-sdk/src/rp2_common/hardware_gpio/gpio.c.obj
                0x1000037c                gpio_set_pulls
 .text.gpio_set_input_hysteresis_enabled
                0x100003b0       0x30 CMakeFiles/mw3200.dir/C_/Program_Files/Raspberry_Pi/Pico_SDK_v1.5.1/pico-sdk/src/rp2_common/hardware_gpio/gpio.c.obj
                0x100003b0                gpio_set_input_hysteresis_enabled
 .text.gpio_add_raw_irq_handler_with_order_priority_masked
                0x100003e0       0x40 CMakeFiles/mw3200.dir/C_/Program_Files/Raspberry_Pi/Pico_SDK_v1.5.1/pico-sdk/src/rp2_common/hardware_gpio/gpio.c.obj
                0x100003e0                gpio_add_raw_irq_handler_with_order_priority_masked
 .text.gpio_remove_raw_irq_handler_masked
                0x10000420       0x48 CMakeFiles/mw3200.dir/C_/Program_Files/Raspberry_Pi/Pico_SDK_v1.5.1/pico-sdk/src/rp2_common/hardware_gpio/gpio.c.obj
                0x10000420                gpio_remove_raw_irq_handler_masked
 .text.gpio_acknowledge_irq
                0x10000468       0x18 CMakeFiles/mw3200.dir/C_/Program_Files/Raspberry_Pi/Pico_SDK_v1.5.1/pico-sdk/src/rp2_common/hardware_gpio/gpio.c.obj
                0x10000468                gpio_acknowledge_irq
 .text._gpio_set_irq_enabled
                0x10000480       0x34 CMakeFiles/mw3200.dir/C_/Program_Files/Raspberry_Pi/Pico_SDK_v1.5.1/pico-sdk/src/rp2_common/hardware_gpio/gpio.c.obj
 .text.gpio_set_irq_enabled
                0x100004b4       0x20 CMakeFiles/mw3200.dir/C_/Program_Files/Raspberry_Pi/Pico_SDK_v1.5.1/pico-sdk/src/rp2_common/hardware_gpio/gpio.c.obj
                0x100004b4                gpio_set_irq_enabled
 .text.gpio_init
                0x100004d4       0x16 CMakeFiles/mw3200.dir/C_/Program_Files/Raspberry_Pi/Pico_SDK_v1.5.1/pico-sdk/src/rp2_common/hardware_gpio/gpio.c.obj
                0x100004d4                gpio_init
 *fill*         0x100004ea        0x2 
 .text.running_on_fpga
                0x100004ec       0x14 CMakeFiles/mw3200.dir/C_/Program_Files/Raspberry_Pi/Pico_SDK_v1.5.1/pico-sdk/src/rp2_common/pico_platform/platform.c.obj
                0x100004ec                running_on_fpga
 .text.hw_claim_lock
                0x10000500       0x18 CMakeFiles/mw3200.dir/C_/Program_Files/Raspberry_Pi/Pico_SDK_v1.5.1/pico-sdk/src/rp2_common/hardware_claim/claim.c.obj
                0x10000500                hw_claim_lock
 .text.hw_claim_unlock
                0x10000518       0x14 CMakeFiles/mw3200.dir/C_/Program_Files/Raspberry_Pi/Pico_SDK_v1.5.1/pico-sdk/src/rp2_common/hardware_claim/claim.c.obj
                0x10000518                hw_claim_unlock
 .text.hw_claim_or_assert
                0x1000052c       0x32 CMakeFiles/mw3200.dir/C_/Program_Files/Raspberry_Pi/Pico_SDK_v1.5.1/pico-sdk/src/rp2_common/hardware_claim/claim.c.obj
                0x1000052c                hw_claim_or_assert
 .text.hw_claim_unused_from_range
                0x1000055e       0x50 CMakeFiles/mw3200.dir/C_/Program_Files/Raspberry_Pi/Pico_SDK_v1.5.1/pico-sdk/src/rp2_common/hardware_claim/claim.c.obj
                0x1000055e                hw_claim_unused_from_range
 *fill*         0x100005ae        0x2 
 .text.hw_claim_clear
                0x100005b0       0x40 CMakeFiles/mw3200.dir/C_/Program_Files/Raspberry_Pi/Pico_SDK_v1.5.1/pico-sdk/src/rp2_common/hardware_claim/claim.c.obj
                0x100005b0                hw_claim_clear
 .text.spin_locks_reset
                0x100005f0       0x20 CMakeFiles/mw3200.dir/C_/Program_Files/Raspberry_Pi/Pico_SDK_v1.5.1/pico-sdk/src/rp2_common/hardware_sync/sync.c.obj
                0x100005f0                spin_locks_reset
 .text.next_striped_spin_lock_num
                0x10000610       0x1c CMakeFiles/mw3200.dir/C_/Program_Files/Raspberry_Pi/Pico_SDK_v1.5.1/pico-sdk/src/rp2_common/hardware_sync/sync.c.obj
                0x10000610                next_striped_spin_lock_num
 .text.spin_lock_claim_unused
                0x1000062c       0x20 CMakeFiles/mw3200.dir/C_/Program_Files/Raspberry_Pi/Pico_SDK_v1.5.1/pico-sdk/src/rp2_common/hardware_sync/sync.c.obj
                0x1000062c                spin_lock_claim_unused
 .text.set_raw_irq_handler_and_unlock
                0x1000064c       0x28 CMakeFiles/mw3200.dir/C_/Program_Files/Raspberry_Pi/Pico_SDK_v1.5.1/pico-sdk/src/rp2_common/hardware_irq/irq.c.obj
 .text.get_user_irq_claim_index
                0x10000674        0x6 CMakeFiles/mw3200.dir/C_/Program_Files/Raspberry_Pi/Pico_SDK_v1.5.1/pico-sdk/src/rp2_common/hardware_irq/irq.c.obj
 *fill*         0x1000067a        0x2 
 .text.make_branch
                0x1000067c       0x48 CMakeFiles/mw3200.dir/C_/Program_Files/Raspberry_Pi/Pico_SDK_v1.5.1/pico-sdk/src/rp2_common/hardware_irq/irq.c.obj
 .text.insert_branch_and_link
                0x100006c4       0x40 CMakeFiles/mw3200.dir/C_/Program_Files/Raspberry_Pi/Pico_SDK_v1.5.1/pico-sdk/src/rp2_common/hardware_irq/irq.c.obj
 .text.irq_is_enabled
                0x10000704       0x18 CMakeFiles/mw3200.dir/C_/Program_Files/Raspberry_Pi/Pico_SDK_v1.5.1/pico-sdk/src/rp2_common/hardware_irq/irq.c.obj
                0x10000704                irq_is_enabled
 .text.irq_set_mask_enabled
                0x1000071c       0x20 CMakeFiles/mw3200.dir/C_/Program_Files/Raspberry_Pi/Pico_SDK_v1.5.1/pico-sdk/src/rp2_common/hardware_irq/irq.c.obj
                0x1000071c                irq_set_mask_enabled
 .text.irq_set_enabled
                0x1000073c        0xe CMakeFiles/mw3200.dir/C_/Program_Files/Raspberry_Pi/Pico_SDK_v1.5.1/pico-sdk/src/rp2_common/hardware_irq/irq.c.obj
                0x1000073c                irq_set_enabled
 *fill*         0x1000074a        0x2 
 .text.irq_set_pending
                0x1000074c       0x10 CMakeFiles/mw3200.dir/C_/Program_Files/Raspberry_Pi/Pico_SDK_v1.5.1/pico-sdk/src/rp2_common/hardware_irq/irq.c.obj
                0x1000074c                irq_set_pending
 .text.irq_get_vtable_handler
                0x1000075c       0x10 CMakeFiles/mw3200.dir/C_/Program_Files/Raspberry_Pi/Pico_SDK_v1.5.1/pico-sdk/src/rp2_common/hardware_irq/irq.c.obj
                0x1000075c                irq_get_vtable_handler
 .text.irq_has_shared_handler
                0x1000076c       0x24 CMakeFiles/mw3200.dir/C_/Program_Files/Raspberry_Pi/Pico_SDK_v1.5.1/pico-sdk/src/rp2_common/hardware_irq/irq.c.obj
                0x1000076c                irq_has_shared_handler
 .text.irq_set_exclusive_handler
                0x10000790       0x54 CMakeFiles/mw3200.dir/C_/Program_Files/Raspberry_Pi/Pico_SDK_v1.5.1/pico-sdk/src/rp2_common/hardware_irq/irq.c.obj
                0x10000790                irq_set_exclusive_handler
 .text.irq_add_shared_handler
                0x100007e4      0x234 CMakeFiles/mw3200.dir/C_/Program_Files/Raspberry_Pi/Pico_SDK_v1.5.1/pico-sdk/src/rp2_common/hardware_irq/irq.c.obj
                0x100007e4                irq_add_shared_handler
 .text.irq_remove_handler
                0x10000a18      0x1ac CMakeFiles/mw3200.dir/C_/Program_Files/Raspberry_Pi/Pico_SDK_v1.5.1/pico-sdk/src/rp2_common/hardware_irq/irq.c.obj
                0x10000a18                irq_remove_handler
 .text.irq_set_priority
                0x10000bc4       0x28 CMakeFiles/mw3200.dir/C_/Program_Files/Raspberry_Pi/Pico_SDK_v1.5.1/pico-sdk/src/rp2_common/hardware_irq/irq.c.obj
                0x10000bc4                irq_set_priority
 .text.irq_add_tail_to_free_list
                0x10000bec       0xf0 CMakeFiles/mw3200.dir/C_/Program_Files/Raspberry_Pi/Pico_SDK_v1.5.1/pico-sdk/src/rp2_common/hardware_irq/irq.c.obj
                0x10000bec                irq_add_tail_to_free_list
 .text.irq_init_priorities
                0x10000cdc       0x1c CMakeFiles/mw3200.dir/C_/Program_Files/Raspberry_Pi/Pico_SDK_v1.5.1/pico-sdk/src/rp2_common/hardware_irq/irq.c.obj
                0x10000cdc                irq_init_priorities
 .text.user_irq_unclaim
                0x10000cf8       0x14 CMakeFiles/mw3200.dir/C_/Program_Files/Raspberry_Pi/Pico_SDK_v1.5.1/pico-sdk/src/rp2_common/hardware_irq/irq.c.obj
                0x10000cf8                user_irq_unclaim
 .text.user_irq_claim_unused
                0x10000d0c       0x28 CMakeFiles/mw3200.dir/C_/Program_Files/Raspberry_Pi/Pico_SDK_v1.5.1/pico-sdk/src/rp2_common/hardware_irq/irq.c.obj
                0x10000d0c                user_irq_claim_unused
 .text.sem_init
                0x10000d34       0x1e CMakeFiles/mw3200.dir/C_/Program_Files/Raspberry_Pi/Pico_SDK_v1.5.1/pico-sdk/src/common/pico_sync/sem.c.obj
                0x10000d34                sem_init
 *fill*         0x10000d52        0x2 
 .text.lock_init
                0x10000d54       0x10 CMakeFiles/mw3200.dir/C_/Program_Files/Raspberry_Pi/Pico_SDK_v1.5.1/pico-sdk/src/common/pico_sync/lock_core.c.obj
                0x10000d54                lock_init
 .text.mutex_init
                0x10000d64       0x1a CMakeFiles/mw3200.dir/C_/Program_Files/Raspberry_Pi/Pico_SDK_v1.5.1/pico-sdk/src/common/pico_sync/mutex.c.obj
                0x10000d64                mutex_init
 .text.recursive_mutex_init
                0x10000d7e       0x1e CMakeFiles/mw3200.dir/C_/Program_Files/Raspberry_Pi/Pico_SDK_v1.5.1/pico-sdk/src/common/pico_sync/mutex.c.obj
                0x10000d7e                recursive_mutex_init
 .text.critical_section_init_with_lock_num
                0x10000d9c       0x14 CMakeFiles/mw3200.dir/C_/Program_Files/Raspberry_Pi/Pico_SDK_v1.5.1/pico-sdk/src/common/pico_sync/critical_section.c.obj
                0x10000d9c                critical_section_init_with_lock_num
 .text.critical_section_init
                0x10000db0       0x14 CMakeFiles/mw3200.dir/C_/Program_Files/Raspberry_Pi/Pico_SDK_v1.5.1/pico-sdk/src/common/pico_sync/critical_section.c.obj
                0x10000db0                critical_section_init
 .text.alarm_pool_post_alloc_init
                0x10000dc4       0x40 CMakeFiles/mw3200.dir/C_/Program_Files/Raspberry_Pi/Pico_SDK_v1.5.1/pico-sdk/src/common/pico_time/time.c.obj
 .text.sleep_until_callback
                0x10000e04       0x30 CMakeFiles/mw3200.dir/C_/Program_Files/Raspberry_Pi/Pico_SDK_v1.5.1/pico-sdk/src/common/pico_time/time.c.obj
 .text.timer_pool_entry_comparator
                0x10000e34       0x7c CMakeFiles/mw3200.dir/C_/Program_Files/Raspberry_Pi/Pico_SDK_v1.5.1/pico-sdk/src/common/pico_time/time.c.obj
                0x10000e34                timer_pool_entry_comparator
 .text.ph_add_child_node
                0x10000eb0       0xa4 CMakeFiles/mw3200.dir/C_/Program_Files/Raspberry_Pi/Pico_SDK_v1.5.1/pico-sdk/src/common/pico_time/time.c.obj
 .text.ph_merge_nodes
                0x10000f54       0x3e CMakeFiles/mw3200.dir/C_/Program_Files/Raspberry_Pi/Pico_SDK_v1.5.1/pico-sdk/src/common/pico_time/time.c.obj
 *fill*         0x10000f92        0x2 
 .text.add_alarm_under_lock
                0x10000f94      0x174 CMakeFiles/mw3200.dir/C_/Program_Files/Raspberry_Pi/Pico_SDK_v1.5.1/pico-sdk/src/common/pico_time/time.c.obj
 .text.alarm_pool_alarm_callback
                0x10001108      0x33c CMakeFiles/mw3200.dir/C_/Program_Files/Raspberry_Pi/Pico_SDK_v1.5.1/pico-sdk/src/common/pico_time/time.c.obj
 .text.alarm_pool_init_default
                0x10001444       0x40 CMakeFiles/mw3200.dir/C_/Program_Files/Raspberry_Pi/Pico_SDK_v1.5.1/pico-sdk/src/common/pico_time/time.c.obj
                0x10001444                alarm_pool_init_default
 .text.alarm_pool_get_default
                0x10001484       0x2c CMakeFiles/mw3200.dir/C_/Program_Files/Raspberry_Pi/Pico_SDK_v1.5.1/pico-sdk/src/common/pico_time/time.c.obj
                0x10001484                alarm_pool_get_default
 .text.alarm_pool_add_alarm_at
                0x100014b0      0x168 CMakeFiles/mw3200.dir/C_/Program_Files/Raspberry_Pi/Pico_SDK_v1.5.1/pico-sdk/src/common/pico_time/time.c.obj
                0x100014b0                alarm_pool_add_alarm_at
 .text.alarm_pool_cancel_alarm
                0x10001618       0xf8 CMakeFiles/mw3200.dir/C_/Program_Files/Raspberry_Pi/Pico_SDK_v1.5.1/pico-sdk/src/common/pico_time/time.c.obj
                0x10001618                alarm_pool_cancel_alarm
 .text.alarm_pool_core_num
                0x10001710        0x4 CMakeFiles/mw3200.dir/C_/Program_Files/Raspberry_Pi/Pico_SDK_v1.5.1/pico-sdk/src/common/pico_time/time.c.obj
                0x10001710                alarm_pool_core_num
 .text.sleep_until
                0x10001714       0xfc CMakeFiles/mw3200.dir/C_/Program_Files/Raspberry_Pi/Pico_SDK_v1.5.1/pico-sdk/src/common/pico_time/time.c.obj
                0x10001714                sleep_until
 .text.sleep_us
                0x10001810       0x58 CMakeFiles/mw3200.dir/C_/Program_Files/Raspberry_Pi/Pico_SDK_v1.5.1/pico-sdk/src/common/pico_time/time.c.obj
                0x10001810                sleep_us
 .text.sleep_ms
                0x10001868       0x14 CMakeFiles/mw3200.dir/C_/Program_Files/Raspberry_Pi/Pico_SDK_v1.5.1/pico-sdk/src/common/pico_time/time.c.obj
                0x10001868                sleep_ms
 .text.best_effort_wfe_or_timeout
                0x1000187c       0xac CMakeFiles/mw3200.dir/C_/Program_Files/Raspberry_Pi/Pico_SDK_v1.5.1/pico-sdk/src/common/pico_time/time.c.obj
                0x1000187c                best_effort_wfe_or_timeout
 .text.hardware_alarm_irq_handler
                0x10001928       0x90 CMakeFiles/mw3200.dir/C_/Program_Files/Raspberry_Pi/Pico_SDK_v1.5.1/pico-sdk/src/rp2_common/hardware_timer/timer.c.obj
 .text.hardware_alarm_claim
                0x100019b8       0x18 CMakeFiles/mw3200.dir/C_/Program_Files/Raspberry_Pi/Pico_SDK_v1.5.1/pico-sdk/src/rp2_common/hardware_timer/timer.c.obj
                0x100019b8                hardware_alarm_claim
 .text.time_us_64
                0x100019d0       0x18 CMakeFiles/mw3200.dir/C_/Program_Files/Raspberry_Pi/Pico_SDK_v1.5.1/pico-sdk/src/rp2_common/hardware_timer/timer.c.obj
                0x100019d0                time_us_64
 .text.busy_wait_until
                0x100019e8       0x28 CMakeFiles/mw3200.dir/C_/Program_Files/Raspberry_Pi/Pico_SDK_v1.5.1/pico-sdk/src/rp2_common/hardware_timer/timer.c.obj
                0x100019e8                busy_wait_until
 .text.hardware_alarm_set_callback
                0x10001a10       0x90 CMakeFiles/mw3200.dir/C_/Program_Files/Raspberry_Pi/Pico_SDK_v1.5.1/pico-sdk/src/rp2_common/hardware_timer/timer.c.obj
                0x10001a10                hardware_alarm_set_callback
 .text.hardware_alarm_set_target
                0x10001aa0       0xe8 CMakeFiles/mw3200.dir/C_/Program_Files/Raspberry_Pi/Pico_SDK_v1.5.1/pico-sdk/src/rp2_common/hardware_timer/timer.c.obj
                0x10001aa0                hardware_alarm_set_target
 .text.hardware_alarm_cancel
                0x10001b88       0x40 CMakeFiles/mw3200.dir/C_/Program_Files/Raspberry_Pi/Pico_SDK_v1.5.1/pico-sdk/src/rp2_common/hardware_timer/timer.c.obj
                0x10001b88                hardware_alarm_cancel
 .text.ph_add_child_node
                0x10001bc8       0xa4 CMakeFiles/mw3200.dir/C_/Program_Files/Raspberry_Pi/Pico_SDK_v1.5.1/pico-sdk/src/common/pico_util/pheap.c.obj
 .text.ph_merge_nodes
                0x10001c6c       0x3e CMakeFiles/mw3200.dir/C_/Program_Files/Raspberry_Pi/Pico_SDK_v1.5.1/pico-sdk/src/common/pico_util/pheap.c.obj
 *fill*         0x10001caa        0x2 
 .text.ph_clear
                0x10001cac       0x70 CMakeFiles/mw3200.dir/C_/Program_Files/Raspberry_Pi/Pico_SDK_v1.5.1/pico-sdk/src/common/pico_util/pheap.c.obj
                0x10001cac                ph_clear
 .text.ph_post_alloc_init
                0x10001d1c        0xe CMakeFiles/mw3200.dir/C_/Program_Files/Raspberry_Pi/Pico_SDK_v1.5.1/pico-sdk/src/common/pico_util/pheap.c.obj
                0x10001d1c                ph_post_alloc_init
 *fill*         0x10001d2a        0x2 
 .text.ph_merge_two_pass
                0x10001d2c       0xa8 CMakeFiles/mw3200.dir/C_/Program_Files/Raspberry_Pi/Pico_SDK_v1.5.1/pico-sdk/src/common/pico_util/pheap.c.obj
                0x10001d2c                ph_merge_two_pass
 .text.ph_remove_any_head
                0x10001dd4      0x128 CMakeFiles/mw3200.dir/C_/Program_Files/Raspberry_Pi/Pico_SDK_v1.5.1/pico-sdk/src/common/pico_util/pheap.c.obj
 .text.ph_remove_head
                0x10001efc       0x14 CMakeFiles/mw3200.dir/C_/Program_Files/Raspberry_Pi/Pico_SDK_v1.5.1/pico-sdk/src/common/pico_util/pheap.c.obj
                0x10001efc                ph_remove_head
 .text.ph_remove_and_free_node
                0x10001f10       0xf8 CMakeFiles/mw3200.dir/C_/Program_Files/Raspberry_Pi/Pico_SDK_v1.5.1/pico-sdk/src/common/pico_util/pheap.c.obj
                0x10001f10                ph_remove_and_free_node
 .text.clock_configure
                0x10002008      0x108 CMakeFiles/mw3200.dir/C_/Program_Files/Raspberry_Pi/Pico_SDK_v1.5.1/pico-sdk/src/rp2_common/hardware_clocks/clocks.c.obj
                0x10002008                clock_configure
 .text.clocks_init
                0x10002110      0x100 CMakeFiles/mw3200.dir/C_/Program_Files/Raspberry_Pi/Pico_SDK_v1.5.1/pico-sdk/src/rp2_common/hardware_clocks/clocks.c.obj
                0x10002110                clocks_init
 .text.clock_get_hz
                0x10002210        0xc CMakeFiles/mw3200.dir/C_/Program_Files/Raspberry_Pi/Pico_SDK_v1.5.1/pico-sdk/src/rp2_common/hardware_clocks/clocks.c.obj
                0x10002210                clock_get_hz
 .text.pll_init
                0x1000221c      0x120 CMakeFiles/mw3200.dir/C_/Program_Files/Raspberry_Pi/Pico_SDK_v1.5.1/pico-sdk/src/rp2_common/hardware_pll/pll.c.obj
                0x1000221c                pll_init
 .text.watchdog_start_tick
                0x1000233c       0x10 CMakeFiles/mw3200.dir/C_/Program_Files/Raspberry_Pi/Pico_SDK_v1.5.1/pico-sdk/src/rp2_common/hardware_watchdog/watchdog.c.obj
                0x1000233c                watchdog_start_tick
 .text.watchdog_update
                0x1000234c       0x14 CMakeFiles/mw3200.dir/C_/Program_Files/Raspberry_Pi/Pico_SDK_v1.5.1/pico-sdk/src/rp2_common/hardware_watchdog/watchdog.c.obj
                0x1000234c                watchdog_update
 .text._watchdog_enable
                0x10002360       0x78 CMakeFiles/mw3200.dir/C_/Program_Files/Raspberry_Pi/Pico_SDK_v1.5.1/pico-sdk/src/rp2_common/hardware_watchdog/watchdog.c.obj
                0x10002360                _watchdog_enable
 .text.watchdog_reboot
                0x100023d8       0x48 CMakeFiles/mw3200.dir/C_/Program_Files/Raspberry_Pi/Pico_SDK_v1.5.1/pico-sdk/src/rp2_common/hardware_watchdog/watchdog.c.obj
                0x100023d8                watchdog_reboot
 .text.xosc_init
                0x10002420       0x28 CMakeFiles/mw3200.dir/C_/Program_Files/Raspberry_Pi/Pico_SDK_v1.5.1/pico-sdk/src/rp2_common/hardware_xosc/xosc.c.obj
                0x10002420                xosc_init
 .text._exit    0x10002448        0x4 CMakeFiles/mw3200.dir/C_/Program_Files/Raspberry_Pi/Pico_SDK_v1.5.1/pico-sdk/src/rp2_common/pico_runtime/runtime.c.obj
                0x10002448                _exit
 .text.exit     0x1000244c        0x6 CMakeFiles/mw3200.dir/C_/Program_Files/Raspberry_Pi/Pico_SDK_v1.5.1/pico-sdk/src/rp2_common/pico_runtime/runtime.c.obj
                0x1000244c                exit
 *fill*         0x10002452        0x2 
 .text.__assert_func
                0x10002454       0x3c CMakeFiles/mw3200.dir/C_/Program_Files/Raspberry_Pi/Pico_SDK_v1.5.1/pico-sdk/src/rp2_common/pico_runtime/runtime.c.obj
                0x10002454                __assert_func
 .text.runtime_init
                0x10002490       0xf8 CMakeFiles/mw3200.dir/C_/Program_Files/Raspberry_Pi/Pico_SDK_v1.5.1/pico-sdk/src/rp2_common/pico_runtime/runtime.c.obj
                0x10002490                runtime_init
 .text.panic    0x10002588       0x30 CMakeFiles/mw3200.dir/C_/Program_Files/Raspberry_Pi/Pico_SDK_v1.5.1/pico-sdk/src/rp2_common/pico_runtime/runtime.c.obj
                0x10002588                panic
 .text.panic_unsupported
                0x100025b8        0xc CMakeFiles/mw3200.dir/C_/Program_Files/Raspberry_Pi/Pico_SDK_v1.5.1/pico-sdk/src/rp2_common/pico_runtime/runtime.c.obj
                0x100025b8                panic_unsupported
 .text._out_null
                0x100025c4        0x2 CMakeFiles/mw3200.dir/C_/Program_Files/Raspberry_Pi/Pico_SDK_v1.5.1/pico-sdk/src/rp2_common/pico_printf/printf.c.obj
 .text._out_fct
                0x100025c6        0xe CMakeFiles/mw3200.dir/C_/Program_Files/Raspberry_Pi/Pico_SDK_v1.5.1/pico-sdk/src/rp2_common/pico_printf/printf.c.obj
 .text._atoi    0x100025d4       0x24 CMakeFiles/mw3200.dir/C_/Program_Files/Raspberry_Pi/Pico_SDK_v1.5.1/pico-sdk/src/rp2_common/pico_printf/printf.c.obj
 .text._out_rev
                0x100025f8       0xae CMakeFiles/mw3200.dir/C_/Program_Files/Raspberry_Pi/Pico_SDK_v1.5.1/pico-sdk/src/rp2_common/pico_printf/printf.c.obj
 .text._ntoa_format
                0x100026a6      0x112 CMakeFiles/mw3200.dir/C_/Program_Files/Raspberry_Pi/Pico_SDK_v1.5.1/pico-sdk/src/rp2_common/pico_printf/printf.c.obj
 .text._ntoa_long
                0x100027b8       0xbc CMakeFiles/mw3200.dir/C_/Program_Files/Raspberry_Pi/Pico_SDK_v1.5.1/pico-sdk/src/rp2_common/pico_printf/printf.c.obj
 .text._ntoa_long_long
                0x10002874       0xe2 CMakeFiles/mw3200.dir/C_/Program_Files/Raspberry_Pi/Pico_SDK_v1.5.1/pico-sdk/src/rp2_common/pico_printf/printf.c.obj
 *fill*         0x10002956        0x2 
 .text._etoa    0x10002958      0x414 CMakeFiles/mw3200.dir/C_/Program_Files/Raspberry_Pi/Pico_SDK_v1.5.1/pico-sdk/src/rp2_common/pico_printf/printf.c.obj
 .text._ftoa    0x10002d6c      0x354 CMakeFiles/mw3200.dir/C_/Program_Files/Raspberry_Pi/Pico_SDK_v1.5.1/pico-sdk/src/rp2_common/pico_printf/printf.c.obj
 .text._vsnprintf
                0x100030c0      0x624 CMakeFiles/mw3200.dir/C_/Program_Files/Raspberry_Pi/Pico_SDK_v1.5.1/pico-sdk/src/rp2_common/pico_printf/printf.c.obj
 .text.vfctprintf
                0x100036e4       0x20 CMakeFiles/mw3200.dir/C_/Program_Files/Raspberry_Pi/Pico_SDK_v1.5.1/pico-sdk/src/rp2_common/pico_printf/printf.c.obj
                0x100036e4                vfctprintf
 .text          0x10003704       0x10 CMakeFiles/mw3200.dir/C_/Program_Files/Raspberry_Pi/Pico_SDK_v1.5.1/pico-sdk/src/rp2_common/pico_bit_ops/bit_ops_aeabi.S.obj
 .text.ctzsi    0x10003714        0xc CMakeFiles/mw3200.dir/C_/Program_Files/Raspberry_Pi/Pico_SDK_v1.5.1/pico-sdk/src/rp2_common/pico_bit_ops/bit_ops_aeabi.S.obj
                0x10003714                __wrap___ctzsi2
 .text.rom_func_lookup
                0x10003720       0x10 CMakeFiles/mw3200.dir/C_/Program_Files/Raspberry_Pi/Pico_SDK_v1.5.1/pico-sdk/src/rp2_common/pico_bootrom/bootrom.c.obj
                0x10003720                rom_func_lookup
 .text.rom_data_lookup
                0x10003730       0x10 CMakeFiles/mw3200.dir/C_/Program_Files/Raspberry_Pi/Pico_SDK_v1.5.1/pico-sdk/src/rp2_common/pico_bootrom/bootrom.c.obj
                0x10003730                rom_data_lookup
 .text.rom_funcs_lookup
                0x10003740       0x36 CMakeFiles/mw3200.dir/C_/Program_Files/Raspberry_Pi/Pico_SDK_v1.5.1/pico-sdk/src/rp2_common/pico_bootrom/bootrom.c.obj
                0x10003740                rom_funcs_lookup
 *fill*         0x10003776        0x2 
 .text.__wrap___aeabi_idiv
                0x10003778       0x50 CMakeFiles/mw3200.dir/C_/Program_Files/Raspberry_Pi/Pico_SDK_v1.5.1/pico-sdk/src/rp2_common/pico_divider/divider.S.obj
                0x10003778                __wrap___aeabi_idivmod
                0x10003778                divmod_s32s32
                0x10003778                div_s32s32
                0x10003778                __wrap___aeabi_idiv
                0x10003780                divmod_s32s32_unsafe
                0x100037ac                divmod_s32s32_savestate
 .text.__wrap___aeabi_uidiv
                0x100037c8       0x4c CMakeFiles/mw3200.dir/C_/Program_Files/Raspberry_Pi/Pico_SDK_v1.5.1/pico-sdk/src/rp2_common/pico_divider/divider.S.obj
                0x100037c8                __wrap___aeabi_uidiv
                0x100037c8                __wrap___aeabi_uidivmod
                0x100037c8                div_u32u32
                0x100037c8                divmod_u32u32
                0x100037d0                divmod_u32u32_unsafe
                0x100037f8                divmod_u32u32_savestate
 .text.__wrap___aeabi_ldiv
                0x10003814      0x424 CMakeFiles/mw3200.dir/C_/Program_Files/Raspberry_Pi/Pico_SDK_v1.5.1/pico-sdk/src/rp2_common/pico_divider/divider.S.obj
                0x10003814                div_s64s64
                0x10003814                divmod_s64s64
                0x10003814                __wrap___aeabi_ldivmod
                0x10003844                divmod_u64u64
                0x10003844                div_u64u64
                0x10003844                __wrap___aeabi_uldivmod
                0x10003854                divmod_u64u64_savestate
                0x10003874                divmod_s64s64_unsafe
                0x100038fc                divmod_u64u64_unsafe
 .text.__wrap___aeabi_darithmetic
                0x10003c38       0x60 CMakeFiles/mw3200.dir/C_/Program_Files/Raspberry_Pi/Pico_SDK_v1.5.1/pico-sdk/src/rp2_common/pico_double/double_aeabi.S.obj
                0x10003c38                __wrap___aeabi_drsub
                0x10003c3e                __wrap___aeabi_dsub
                0x10003c48                __wrap___aeabi_dadd
                0x10003c52                __wrap___aeabi_ddiv
                0x10003c86                __wrap___aeabi_dmul
 .text.__wrap___aeabi_cdcmple
                0x10003c98       0x6c CMakeFiles/mw3200.dir/C_/Program_Files/Raspberry_Pi/Pico_SDK_v1.5.1/pico-sdk/src/rp2_common/pico_double/double_aeabi.S.obj
                0x10003c98                __wrap___aeabi_cdrcmple
                0x10003ca8                __wrap___aeabi_cdcmpeq
                0x10003ca8                __wrap___aeabi_cdcmple
 .text.__wrap___aeabi_dcmplt
                0x10003d04        0xc CMakeFiles/mw3200.dir/C_/Program_Files/Raspberry_Pi/Pico_SDK_v1.5.1/pico-sdk/src/rp2_common/pico_double/double_aeabi.S.obj
                0x10003d04                __wrap___aeabi_dcmplt
 .text.__wrap___aeabi_dcmple
                0x10003d10       0x10 CMakeFiles/mw3200.dir/C_/Program_Files/Raspberry_Pi/Pico_SDK_v1.5.1/pico-sdk/src/rp2_common/pico_double/double_aeabi.S.obj
                0x10003d10                __wrap___aeabi_dcmple
 .text.__wrap___aeabi_dcmpge
                0x10003d20       0x10 CMakeFiles/mw3200.dir/C_/Program_Files/Raspberry_Pi/Pico_SDK_v1.5.1/pico-sdk/src/rp2_common/pico_double/double_aeabi.S.obj
                0x10003d20                __wrap___aeabi_dcmpge
 .text.__wrap___aeabi_dcmpgt
                0x10003d30        0xa CMakeFiles/mw3200.dir/C_/Program_Files/Raspberry_Pi/Pico_SDK_v1.5.1/pico-sdk/src/rp2_common/pico_double/double_aeabi.S.obj
                0x10003d30                __wrap___aeabi_dcmpgt
 .text.__wrap___aeabi_dcmpun
                0x10003d3a       0x1c CMakeFiles/mw3200.dir/C_/Program_Files/Raspberry_Pi/Pico_SDK_v1.5.1/pico-sdk/src/rp2_common/pico_double/double_aeabi.S.obj
                0x10003d3a                __wrap___aeabi_dcmpun
 *fill*         0x10003d56        0x2 
 .text.__wrap___aeabi_i2d
                0x10003d58       0x38 CMakeFiles/mw3200.dir/C_/Program_Files/Raspberry_Pi/Pico_SDK_v1.5.1/pico-sdk/src/rp2_common/pico_double/double_aeabi.S.obj
                0x10003d58                __wrap___aeabi_ui2d
                0x10003d60                __wrap___aeabi_i2d
 .text.__wrap___aeabi_d2iz
                0x10003d90       0x48 CMakeFiles/mw3200.dir/C_/Program_Files/Raspberry_Pi/Pico_SDK_v1.5.1/pico-sdk/src/rp2_common/pico_double/double_aeabi.S.obj
                0x10003d90                double2int_z
                0x10003d90                __wrap___aeabi_d2iz
 .text.__wrap___aeabi_d2uiz
                0x10003dd8       0x10 CMakeFiles/mw3200.dir/C_/Program_Files/Raspberry_Pi/Pico_SDK_v1.5.1/pico-sdk/src/rp2_common/pico_double/double_aeabi.S.obj
                0x10003dd8                __wrap___aeabi_d2uiz
                0x10003dd8                double2uint
 .text.missing_double_func_shim
                0x10003de8        0xc CMakeFiles/mw3200.dir/C_/Program_Files/Raspberry_Pi/Pico_SDK_v1.5.1/pico-sdk/src/rp2_common/pico_double/double_init_rom.c.obj
 .text.__aeabi_double_init
                0x10003df4       0xcc CMakeFiles/mw3200.dir/C_/Program_Files/Raspberry_Pi/Pico_SDK_v1.5.1/pico-sdk/src/rp2_common/pico_double/double_init_rom.c.obj
                0x10003df4                __aeabi_double_init
 .text.double_table_shim_on_use_helper
                0x10003ec0       0x34 CMakeFiles/mw3200.dir/C_/Program_Files/Raspberry_Pi/Pico_SDK_v1.5.1/pico-sdk/src/rp2_common/pico_double/double_v1_rom_shim.S.obj
                0x10003ec0                double_table_shim_on_use_helper
 .text.__aeabi_lmul
                0x10003ef4       0x32 CMakeFiles/mw3200.dir/C_/Program_Files/Raspberry_Pi/Pico_SDK_v1.5.1/pico-sdk/src/rp2_common/pico_int64_ops/pico_int64_ops_aeabi.S.obj
                0x10003ef4                __wrap___aeabi_lmul
 *fill*         0x10003f26        0x2 
 .text.missing_float_func_shim
                0x10003f28        0xc CMakeFiles/mw3200.dir/C_/Program_Files/Raspberry_Pi/Pico_SDK_v1.5.1/pico-sdk/src/rp2_common/pico_float/float_init_rom.c.obj
 .text.__aeabi_float_init
                0x10003f34       0x88 CMakeFiles/mw3200.dir/C_/Program_Files/Raspberry_Pi/Pico_SDK_v1.5.1/pico-sdk/src/rp2_common/pico_float/float_init_rom.c.obj
                0x10003f34                __aeabi_float_init
 .text          0x10003fbc       0x10 CMakeFiles/mw3200.dir/C_/Program_Files/Raspberry_Pi/Pico_SDK_v1.5.1/pico-sdk/src/rp2_common/pico_mem_ops/mem_ops_aeabi.S.obj
                0x10003fbc                __aeabi_mem_init
 .text.memset   0x10003fcc        0xc CMakeFiles/mw3200.dir/C_/Program_Files/Raspberry_Pi/Pico_SDK_v1.5.1/pico-sdk/src/rp2_common/pico_mem_ops/mem_ops_aeabi.S.obj
                0x10003fcc                __wrap_memset
 .text.memcpy   0x10003fd8        0xc CMakeFiles/mw3200.dir/C_/Program_Files/Raspberry_Pi/Pico_SDK_v1.5.1/pico-sdk/src/rp2_common/pico_mem_ops/mem_ops_aeabi.S.obj
                0x10003fd8                __wrap_memcpy
                0x10003fd8                __wrap___aeabi_memcpy
 .text.stdio_out_chars_no_crlf
                0x10003fe4        0xe CMakeFiles/mw3200.dir/C_/Program_Files/Raspberry_Pi/Pico_SDK_v1.5.1/pico-sdk/src/rp2_common/pico_stdio/stdio.c.obj
 *fill*         0x10003ff2        0x2 
 .text.stdio_out_chars_crlf
                0x10003ff4       0x80 CMakeFiles/mw3200.dir/C_/Program_Files/Raspberry_Pi/Pico_SDK_v1.5.1/pico-sdk/src/rp2_common/pico_stdio/stdio.c.obj
 .text.stdio_stack_buffer_flush
                0x10004074       0x44 CMakeFiles/mw3200.dir/C_/Program_Files/Raspberry_Pi/Pico_SDK_v1.5.1/pico-sdk/src/rp2_common/pico_stdio/stdio.c.obj
 .text.stdio_buffered_printer
                0x100040b8       0x20 CMakeFiles/mw3200.dir/C_/Program_Files/Raspberry_Pi/Pico_SDK_v1.5.1/pico-sdk/src/rp2_common/pico_stdio/stdio.c.obj
 .text.stdout_serialize_begin
                0x100040d8       0x5c CMakeFiles/mw3200.dir/C_/Program_Files/Raspberry_Pi/Pico_SDK_v1.5.1/pico-sdk/src/rp2_common/pico_stdio/stdio.c.obj
                0x100040d8                stdout_serialize_begin
 .text.stdout_serialize_end
                0x10004134       0x10 CMakeFiles/mw3200.dir/C_/Program_Files/Raspberry_Pi/Pico_SDK_v1.5.1/pico-sdk/src/rp2_common/pico_stdio/stdio.c.obj
                0x10004134                stdout_serialize_end
 .text.stdio_put_string
                0x10004144       0x98 CMakeFiles/mw3200.dir/C_/Program_Files/Raspberry_Pi/Pico_SDK_v1.5.1/pico-sdk/src/rp2_common/pico_stdio/stdio.c.obj
 .text.stdio_set_driver_enabled
                0x100041dc       0x2c CMakeFiles/mw3200.dir/C_/Program_Files/Raspberry_Pi/Pico_SDK_v1.5.1/pico-sdk/src/rp2_common/pico_stdio/stdio.c.obj
                0x100041dc                stdio_set_driver_enabled
 .text.stdio_flush
                0x10004208       0x20 CMakeFiles/mw3200.dir/C_/Program_Files/Raspberry_Pi/Pico_SDK_v1.5.1/pico-sdk/src/rp2_common/pico_stdio/stdio.c.obj
                0x10004208                stdio_flush
 .text.__wrap_puts
                0x10004228       0x1e CMakeFiles/mw3200.dir/C_/Program_Files/Raspberry_Pi/Pico_SDK_v1.5.1/pico-sdk/src/rp2_common/pico_stdio/stdio.c.obj
                0x10004228                __wrap_puts
 *fill*         0x10004246        0x2 
 .text.__wrap_vprintf
                0x10004248       0x40 CMakeFiles/mw3200.dir/C_/Program_Files/Raspberry_Pi/Pico_SDK_v1.5.1/pico-sdk/src/rp2_common/pico_stdio/stdio.c.obj
                0x10004248                __wrap_vprintf
 .text.__wrap_printf
                0x10004288       0x18 CMakeFiles/mw3200.dir/C_/Program_Files/Raspberry_Pi/Pico_SDK_v1.5.1/pico-sdk/src/rp2_common/pico_stdio/stdio.c.obj
                0x10004288                __wrap_printf
 .text.stdio_init_all
                0x100042a0        0x8 CMakeFiles/mw3200.dir/C_/Program_Files/Raspberry_Pi/Pico_SDK_v1.5.1/pico-sdk/src/rp2_common/pico_stdio/stdio.c.obj
                0x100042a0                stdio_init_all
 .text.resetd_init
                0x100042a8        0x2 CMakeFiles/mw3200.dir/C_/Program_Files/Raspberry_Pi/Pico_SDK_v1.5.1/pico-sdk/src/rp2_common/pico_stdio_usb/reset_interface.c.obj
 *fill*         0x100042aa        0x2 
 .text.resetd_reset
                0x100042ac        0xc CMakeFiles/mw3200.dir/C_/Program_Files/Raspberry_Pi/Pico_SDK_v1.5.1/pico-sdk/src/rp2_common/pico_stdio_usb/reset_interface.c.obj
 .text.resetd_open
                0x100042b8       0x34 CMakeFiles/mw3200.dir/C_/Program_Files/Raspberry_Pi/Pico_SDK_v1.5.1/pico-sdk/src/rp2_common/pico_stdio_usb/reset_interface.c.obj
 .text.resetd_xfer_cb
                0x100042ec        0x4 CMakeFiles/mw3200.dir/C_/Program_Files/Raspberry_Pi/Pico_SDK_v1.5.1/pico-sdk/src/rp2_common/pico_stdio_usb/reset_interface.c.obj
 .text.reset_usb_boot
                0x100042f0       0x18 CMakeFiles/mw3200.dir/C_/Program_Files/Raspberry_Pi/Pico_SDK_v1.5.1/pico-sdk/src/rp2_common/pico_stdio_usb/reset_interface.c.obj
 .text.resetd_control_xfer_cb
                0x10004308       0x5c CMakeFiles/mw3200.dir/C_/Program_Files/Raspberry_Pi/Pico_SDK_v1.5.1/pico-sdk/src/rp2_common/pico_stdio_usb/reset_interface.c.obj
 .text.usbd_app_driver_get_cb
                0x10004364        0xc CMakeFiles/mw3200.dir/C_/Program_Files/Raspberry_Pi/Pico_SDK_v1.5.1/pico-sdk/src/rp2_common/pico_stdio_usb/reset_interface.c.obj
                0x10004364                usbd_app_driver_get_cb
 .text.tud_cdc_line_coding_cb
                0x10004370       0x28 CMakeFiles/mw3200.dir/C_/Program_Files/Raspberry_Pi/Pico_SDK_v1.5.1/pico-sdk/src/rp2_common/pico_stdio_usb/reset_interface.c.obj
                0x10004370                tud_cdc_line_coding_cb
 .text.stdio_usb_set_chars_available_callback
                0x10004398       0x14 CMakeFiles/mw3200.dir/C_/Program_Files/Raspberry_Pi/Pico_SDK_v1.5.1/pico-sdk/src/rp2_common/pico_stdio_usb/stdio_usb.c.obj
                0x10004398                stdio_usb_set_chars_available_callback
 .text.usb_irq  0x100043ac       0x10 CMakeFiles/mw3200.dir/C_/Program_Files/Raspberry_Pi/Pico_SDK_v1.5.1/pico-sdk/src/rp2_common/pico_stdio_usb/stdio_usb.c.obj
 .text.timer_task
                0x100043bc       0x5c CMakeFiles/mw3200.dir/C_/Program_Files/Raspberry_Pi/Pico_SDK_v1.5.1/pico-sdk/src/rp2_common/pico_stdio_usb/stdio_usb.c.obj
 .text.low_priority_worker_irq
                0x10004418       0xdc CMakeFiles/mw3200.dir/C_/Program_Files/Raspberry_Pi/Pico_SDK_v1.5.1/pico-sdk/src/rp2_common/pico_stdio_usb/stdio_usb.c.obj
 .text.tud_cdc_rx_cb
                0x100044f4       0x20 CMakeFiles/mw3200.dir/C_/Program_Files/Raspberry_Pi/Pico_SDK_v1.5.1/pico-sdk/src/rp2_common/pico_stdio_usb/stdio_usb.c.obj
                0x100044f4                tud_cdc_rx_cb
 .text.stdio_usb_init
                0x10004514      0x11c CMakeFiles/mw3200.dir/C_/Program_Files/Raspberry_Pi/Pico_SDK_v1.5.1/pico-sdk/src/rp2_common/pico_stdio_usb/stdio_usb.c.obj
                0x10004514                stdio_usb_init
 .text.stdio_usb_connected
                0x10004630        0xa CMakeFiles/mw3200.dir/C_/Program_Files/Raspberry_Pi/Pico_SDK_v1.5.1/pico-sdk/src/rp2_common/pico_stdio_usb/stdio_usb.c.obj
                0x10004630                stdio_usb_connected
 *fill*         0x1000463a        0x2 
 .text.stdio_usb_in_chars
                0x1000463c       0xc4 CMakeFiles/mw3200.dir/C_/Program_Files/Raspberry_Pi/Pico_SDK_v1.5.1/pico-sdk/src/rp2_common/pico_stdio_usb/stdio_usb.c.obj
                0x1000463c                stdio_usb_in_chars
 .text.stdio_usb_out_chars
                0x10004700      0x114 CMakeFiles/mw3200.dir/C_/Program_Files/Raspberry_Pi/Pico_SDK_v1.5.1/pico-sdk/src/rp2_common/pico_stdio_usb/stdio_usb.c.obj
 .text.tud_descriptor_device_cb
                0x10004814        0x8 CMakeFiles/mw3200.dir/C_/Program_Files/Raspberry_Pi/Pico_SDK_v1.5.1/pico-sdk/src/rp2_common/pico_stdio_usb/stdio_usb_descriptors.c.obj
                0x10004814                tud_descriptor_device_cb
 .text.tud_descriptor_configuration_cb
                0x1000481c        0x8 CMakeFiles/mw3200.dir/C_/Program_Files/Raspberry_Pi/Pico_SDK_v1.5.1/pico-sdk/src/rp2_common/pico_stdio_usb/stdio_usb_descriptors.c.obj
                0x1000481c                tud_descriptor_configuration_cb
 .text.tud_descriptor_string_cb
                0x10004824       0x6c CMakeFiles/mw3200.dir/C_/Program_Files/Raspberry_Pi/Pico_SDK_v1.5.1/pico-sdk/src/rp2_common/pico_stdio_usb/stdio_usb_descriptors.c.obj
                0x10004824                tud_descriptor_string_cb
 .text._retrieve_unique_id_on_boot
                0x10004890       0x10 CMakeFiles/mw3200.dir/C_/Program_Files/Raspberry_Pi/Pico_SDK_v1.5.1/pico-sdk/src/rp2_common/pico_unique_id/unique_id.c.obj
 .text.pico_get_unique_board_id
                0x100048a0       0x10 CMakeFiles/mw3200.dir/C_/Program_Files/Raspberry_Pi/Pico_SDK_v1.5.1/pico-sdk/src/rp2_common/pico_unique_id/unique_id.c.obj
                0x100048a0                pico_get_unique_board_id
 .text.pico_get_unique_board_id_string
                0x100048b0       0x60 CMakeFiles/mw3200.dir/C_/Program_Files/Raspberry_Pi/Pico_SDK_v1.5.1/pico-sdk/src/rp2_common/pico_unique_id/unique_id.c.obj
                0x100048b0                pico_get_unique_board_id_string
 .text.flash_get_unique_id
                0x10004910       0x46 CMakeFiles/mw3200.dir/C_/Program_Files/Raspberry_Pi/Pico_SDK_v1.5.1/pico-sdk/src/rp2_common/hardware_flash/flash.c.obj
                0x10004910                flash_get_unique_id
 *fill*         0x10004956        0x2 
 .text.hw_endpoint_get_by_addr
                0x10004958       0x18 CMakeFiles/mw3200.dir/C_/Program_Files/Raspberry_Pi/Pico_SDK_v1.5.1/pico-sdk/lib/tinyusb/src/portable/raspberrypi/rp2040/dcd_rp2040.c.obj
 .text._hw_endpoint_alloc
                0x10004970       0x70 CMakeFiles/mw3200.dir/C_/Program_Files/Raspberry_Pi/Pico_SDK_v1.5.1/pico-sdk/lib/tinyusb/src/portable/raspberrypi/rp2040/dcd_rp2040.c.obj
 .text.hw_endpoint_init
                0x100049e0       0x88 CMakeFiles/mw3200.dir/C_/Program_Files/Raspberry_Pi/Pico_SDK_v1.5.1/pico-sdk/lib/tinyusb/src/portable/raspberrypi/rp2040/dcd_rp2040.c.obj
 .text.hw_endpoint_xfer
                0x10004a68       0x14 CMakeFiles/mw3200.dir/C_/Program_Files/Raspberry_Pi/Pico_SDK_v1.5.1/pico-sdk/lib/tinyusb/src/portable/raspberrypi/rp2040/dcd_rp2040.c.obj
 .text.dcd_int_enable
                0x10004a7c       0x2c CMakeFiles/mw3200.dir/C_/Program_Files/Raspberry_Pi/Pico_SDK_v1.5.1/pico-sdk/lib/tinyusb/src/portable/raspberrypi/rp2040/dcd_rp2040.c.obj
                0x10004a7c                dcd_int_enable
 .text.dcd_set_address
                0x10004aa8       0x2c CMakeFiles/mw3200.dir/C_/Program_Files/Raspberry_Pi/Pico_SDK_v1.5.1/pico-sdk/lib/tinyusb/src/portable/raspberrypi/rp2040/dcd_rp2040.c.obj
                0x10004aa8                dcd_set_address
 .text.dcd_connect
                0x10004ad4       0x10 CMakeFiles/mw3200.dir/C_/Program_Files/Raspberry_Pi/Pico_SDK_v1.5.1/pico-sdk/lib/tinyusb/src/portable/raspberrypi/rp2040/dcd_rp2040.c.obj
                0x10004ad4                dcd_connect
 .text.dcd_init
                0x10004ae4       0x80 CMakeFiles/mw3200.dir/C_/Program_Files/Raspberry_Pi/Pico_SDK_v1.5.1/pico-sdk/lib/tinyusb/src/portable/raspberrypi/rp2040/dcd_rp2040.c.obj
                0x10004ae4                dcd_init
 .text.dcd_edpt0_status_complete
                0x10004b64       0x1c CMakeFiles/mw3200.dir/C_/Program_Files/Raspberry_Pi/Pico_SDK_v1.5.1/pico-sdk/lib/tinyusb/src/portable/raspberrypi/rp2040/dcd_rp2040.c.obj
                0x10004b64                dcd_edpt0_status_complete
 .text.dcd_edpt_open
                0x10004b80       0x40 CMakeFiles/mw3200.dir/C_/Program_Files/Raspberry_Pi/Pico_SDK_v1.5.1/pico-sdk/lib/tinyusb/src/portable/raspberrypi/rp2040/dcd_rp2040.c.obj
                0x10004b80                dcd_edpt_open
 .text.dcd_edpt_close_all
                0x10004bc0        0x8 CMakeFiles/mw3200.dir/C_/Program_Files/Raspberry_Pi/Pico_SDK_v1.5.1/pico-sdk/lib/tinyusb/src/portable/raspberrypi/rp2040/dcd_rp2040.c.obj
                0x10004bc0                dcd_edpt_close_all
 .text.dcd_edpt_xfer
                0x10004bc8       0x34 CMakeFiles/mw3200.dir/C_/Program_Files/Raspberry_Pi/Pico_SDK_v1.5.1/pico-sdk/lib/tinyusb/src/portable/raspberrypi/rp2040/dcd_rp2040.c.obj
                0x10004bc8                dcd_edpt_xfer
 .text.dcd_edpt_stall
                0x10004bfc       0x2c CMakeFiles/mw3200.dir/C_/Program_Files/Raspberry_Pi/Pico_SDK_v1.5.1/pico-sdk/lib/tinyusb/src/portable/raspberrypi/rp2040/dcd_rp2040.c.obj
                0x10004bfc                dcd_edpt_stall
 .text.dcd_edpt_clear_stall
                0x10004c28       0x20 CMakeFiles/mw3200.dir/C_/Program_Files/Raspberry_Pi/Pico_SDK_v1.5.1/pico-sdk/lib/tinyusb/src/portable/raspberrypi/rp2040/dcd_rp2040.c.obj
                0x10004c28                dcd_edpt_clear_stall
 .text.rp2040_usb_init
                0x10004c48       0x4c CMakeFiles/mw3200.dir/C_/Program_Files/Raspberry_Pi/Pico_SDK_v1.5.1/pico-sdk/lib/tinyusb/src/portable/raspberrypi/rp2040/rp2040_usb.c.obj
                0x10004c48                rp2040_usb_init
 .text.hw_endpoint_xfer_start
                0x10004c94       0x50 CMakeFiles/mw3200.dir/C_/Program_Files/Raspberry_Pi/Pico_SDK_v1.5.1/pico-sdk/lib/tinyusb/src/portable/raspberrypi/rp2040/rp2040_usb.c.obj
                0x10004c94                hw_endpoint_xfer_start
 .text.configuration_reset
                0x10004ce4       0x84 CMakeFiles/mw3200.dir/C_/Program_Files/Raspberry_Pi/Pico_SDK_v1.5.1/pico-sdk/lib/tinyusb/src/device/usbd.c.obj
 .text.usbd_reset
                0x10004d68        0xc CMakeFiles/mw3200.dir/C_/Program_Files/Raspberry_Pi/Pico_SDK_v1.5.1/pico-sdk/lib/tinyusb/src/device/usbd.c.obj
 .text.invoke_class_control
                0x10004d74       0x1a CMakeFiles/mw3200.dir/C_/Program_Files/Raspberry_Pi/Pico_SDK_v1.5.1/pico-sdk/lib/tinyusb/src/device/usbd.c.obj
 *fill*         0x10004d8e        0x2 
 .text.process_set_config
                0x10004d90      0x178 CMakeFiles/mw3200.dir/C_/Program_Files/Raspberry_Pi/Pico_SDK_v1.5.1/pico-sdk/lib/tinyusb/src/device/usbd.c.obj
 .text.process_get_descriptor
                0x10004f08       0xdc CMakeFiles/mw3200.dir/C_/Program_Files/Raspberry_Pi/Pico_SDK_v1.5.1/pico-sdk/lib/tinyusb/src/device/usbd.c.obj
 .text.tud_mounted
                0x10004fe4       0x10 CMakeFiles/mw3200.dir/C_/Program_Files/Raspberry_Pi/Pico_SDK_v1.5.1/pico-sdk/lib/tinyusb/src/device/usbd.c.obj
                0x10004fe4                tud_mounted
 .text.tud_suspended
                0x10004ff4       0x10 CMakeFiles/mw3200.dir/C_/Program_Files/Raspberry_Pi/Pico_SDK_v1.5.1/pico-sdk/lib/tinyusb/src/device/usbd.c.obj
                0x10004ff4                tud_suspended
 .text.tud_inited
                0x10005004       0x14 CMakeFiles/mw3200.dir/C_/Program_Files/Raspberry_Pi/Pico_SDK_v1.5.1/pico-sdk/lib/tinyusb/src/device/usbd.c.obj
                0x10005004                tud_inited
 .text.tud_init
                0x10005018       0xcc CMakeFiles/mw3200.dir/C_/Program_Files/Raspberry_Pi/Pico_SDK_v1.5.1/pico-sdk/lib/tinyusb/src/device/usbd.c.obj
                0x10005018                tud_init
 .text.usbd_defer_func
                0x100050e4       0x2a CMakeFiles/mw3200.dir/C_/Program_Files/Raspberry_Pi/Pico_SDK_v1.5.1/pico-sdk/lib/tinyusb/src/device/usbd.c.obj
                0x100050e4                usbd_defer_func
 *fill*         0x1000510e        0x2 
 .text.usbd_edpt_open
                0x10005110       0x34 CMakeFiles/mw3200.dir/C_/Program_Files/Raspberry_Pi/Pico_SDK_v1.5.1/pico-sdk/lib/tinyusb/src/device/usbd.c.obj
                0x10005110                usbd_edpt_open
 .text.usbd_open_edpt_pair
                0x10005144       0x62 CMakeFiles/mw3200.dir/C_/Program_Files/Raspberry_Pi/Pico_SDK_v1.5.1/pico-sdk/lib/tinyusb/src/device/usbd.c.obj
                0x10005144                usbd_open_edpt_pair
 *fill*         0x100051a6        0x2 
 .text.usbd_edpt_claim
                0x100051a8       0x28 CMakeFiles/mw3200.dir/C_/Program_Files/Raspberry_Pi/Pico_SDK_v1.5.1/pico-sdk/lib/tinyusb/src/device/usbd.c.obj
                0x100051a8                usbd_edpt_claim
 .text.usbd_edpt_release
                0x100051d0       0x28 CMakeFiles/mw3200.dir/C_/Program_Files/Raspberry_Pi/Pico_SDK_v1.5.1/pico-sdk/lib/tinyusb/src/device/usbd.c.obj
                0x100051d0                usbd_edpt_release
 .text.usbd_edpt_xfer
                0x100051f8       0x78 CMakeFiles/mw3200.dir/C_/Program_Files/Raspberry_Pi/Pico_SDK_v1.5.1/pico-sdk/lib/tinyusb/src/device/usbd.c.obj
                0x100051f8                usbd_edpt_xfer
 .text.usbd_edpt_stall
                0x10005270       0x48 CMakeFiles/mw3200.dir/C_/Program_Files/Raspberry_Pi/Pico_SDK_v1.5.1/pico-sdk/lib/tinyusb/src/device/usbd.c.obj
                0x10005270                usbd_edpt_stall
 .text.usbd_edpt_clear_stall
                0x100052b8       0x48 CMakeFiles/mw3200.dir/C_/Program_Files/Raspberry_Pi/Pico_SDK_v1.5.1/pico-sdk/lib/tinyusb/src/device/usbd.c.obj
                0x100052b8                usbd_edpt_clear_stall
 .text.usbd_edpt_stalled
                0x10005300       0x1c CMakeFiles/mw3200.dir/C_/Program_Files/Raspberry_Pi/Pico_SDK_v1.5.1/pico-sdk/lib/tinyusb/src/device/usbd.c.obj
                0x10005300                usbd_edpt_stalled
 .text.process_control_request
                0x1000531c      0x37c CMakeFiles/mw3200.dir/C_/Program_Files/Raspberry_Pi/Pico_SDK_v1.5.1/pico-sdk/lib/tinyusb/src/device/usbd.c.obj
 .text.tud_task_ext
                0x10005698      0x1b8 CMakeFiles/mw3200.dir/C_/Program_Files/Raspberry_Pi/Pico_SDK_v1.5.1/pico-sdk/lib/tinyusb/src/device/usbd.c.obj
                0x10005698                tud_task_ext
 .text._data_stage_xact
                0x10005850       0x58 CMakeFiles/mw3200.dir/C_/Program_Files/Raspberry_Pi/Pico_SDK_v1.5.1/pico-sdk/lib/tinyusb/src/device/usbd_control.c.obj
 .text.tud_control_status
                0x100058a8       0x38 CMakeFiles/mw3200.dir/C_/Program_Files/Raspberry_Pi/Pico_SDK_v1.5.1/pico-sdk/lib/tinyusb/src/device/usbd_control.c.obj
                0x100058a8                tud_control_status
 .text.tud_control_xfer
                0x100058e0       0x74 CMakeFiles/mw3200.dir/C_/Program_Files/Raspberry_Pi/Pico_SDK_v1.5.1/pico-sdk/lib/tinyusb/src/device/usbd_control.c.obj
                0x100058e0                tud_control_xfer
 .text.usbd_control_reset
                0x10005954       0x14 CMakeFiles/mw3200.dir/C_/Program_Files/Raspberry_Pi/Pico_SDK_v1.5.1/pico-sdk/lib/tinyusb/src/device/usbd_control.c.obj
                0x10005954                usbd_control_reset
 .text.usbd_control_set_complete_callback
                0x10005968        0xc CMakeFiles/mw3200.dir/C_/Program_Files/Raspberry_Pi/Pico_SDK_v1.5.1/pico-sdk/lib/tinyusb/src/device/usbd_control.c.obj
                0x10005968                usbd_control_set_complete_callback
 .text.usbd_control_set_request
                0x10005974       0x1c CMakeFiles/mw3200.dir/C_/Program_Files/Raspberry_Pi/Pico_SDK_v1.5.1/pico-sdk/lib/tinyusb/src/device/usbd_control.c.obj
                0x10005974                usbd_control_set_request
 .text.usbd_control_xfer_cb
                0x10005990       0xcc CMakeFiles/mw3200.dir/C_/Program_Files/Raspberry_Pi/Pico_SDK_v1.5.1/pico-sdk/lib/tinyusb/src/device/usbd_control.c.obj
                0x10005990                usbd_control_xfer_cb
 .text._prep_out_transaction
                0x10005a5c       0x4a CMakeFiles/mw3200.dir/C_/Program_Files/Raspberry_Pi/Pico_SDK_v1.5.1/pico-sdk/lib/tinyusb/src/class/cdc/cdc_device.c.obj
 *fill*         0x10005aa6        0x2 
 .text.tud_cdc_n_connected
                0x10005aa8       0x44 CMakeFiles/mw3200.dir/C_/Program_Files/Raspberry_Pi/Pico_SDK_v1.5.1/pico-sdk/lib/tinyusb/src/class/cdc/cdc_device.c.obj
                0x10005aa8                tud_cdc_n_connected
 .text.tud_cdc_n_available
                0x10005aec       0x18 CMakeFiles/mw3200.dir/C_/Program_Files/Raspberry_Pi/Pico_SDK_v1.5.1/pico-sdk/lib/tinyusb/src/class/cdc/cdc_device.c.obj
                0x10005aec                tud_cdc_n_available
 .text.tud_cdc_n_read
                0x10005b04       0x28 CMakeFiles/mw3200.dir/C_/Program_Files/Raspberry_Pi/Pico_SDK_v1.5.1/pico-sdk/lib/tinyusb/src/class/cdc/cdc_device.c.obj
                0x10005b04                tud_cdc_n_read
 .text.tud_cdc_n_write_flush
                0x10005b2c       0xb8 CMakeFiles/mw3200.dir/C_/Program_Files/Raspberry_Pi/Pico_SDK_v1.5.1/pico-sdk/lib/tinyusb/src/class/cdc/cdc_device.c.obj
                0x10005b2c                tud_cdc_n_write_flush
 .text.tud_cdc_n_write
                0x10005be4       0x38 CMakeFiles/mw3200.dir/C_/Program_Files/Raspberry_Pi/Pico_SDK_v1.5.1/pico-sdk/lib/tinyusb/src/class/cdc/cdc_device.c.obj
                0x10005be4                tud_cdc_n_write
 .text.tud_cdc_n_write_available
                0x10005c1c       0x1c CMakeFiles/mw3200.dir/C_/Program_Files/Raspberry_Pi/Pico_SDK_v1.5.1/pico-sdk/lib/tinyusb/src/class/cdc/cdc_device.c.obj
                0x10005c1c                tud_cdc_n_write_available
 .text.cdcd_init
                0x10005c38       0xbc CMakeFiles/mw3200.dir/C_/Program_Files/Raspberry_Pi/Pico_SDK_v1.5.1/pico-sdk/lib/tinyusb/src/class/cdc/cdc_device.c.obj
                0x10005c38                cdcd_init
 .text.cdcd_reset
                0x10005cf4       0x44 CMakeFiles/mw3200.dir/C_/Program_Files/Raspberry_Pi/Pico_SDK_v1.5.1/pico-sdk/lib/tinyusb/src/class/cdc/cdc_device.c.obj
                0x10005cf4                cdcd_reset
 .text.cdcd_open
                0x10005d38       0xcc CMakeFiles/mw3200.dir/C_/Program_Files/Raspberry_Pi/Pico_SDK_v1.5.1/pico-sdk/lib/tinyusb/src/class/cdc/cdc_device.c.obj
                0x10005d38                cdcd_open
 .text.cdcd_control_xfer_cb
                0x10005e04      0x134 CMakeFiles/mw3200.dir/C_/Program_Files/Raspberry_Pi/Pico_SDK_v1.5.1/pico-sdk/lib/tinyusb/src/class/cdc/cdc_device.c.obj
                0x10005e04                cdcd_control_xfer_cb
 .text.cdcd_xfer_cb
                0x10005f38      0x130 CMakeFiles/mw3200.dir/C_/Program_Files/Raspberry_Pi/Pico_SDK_v1.5.1/pico-sdk/lib/tinyusb/src/class/cdc/cdc_device.c.obj
                0x10005f38                cdcd_xfer_cb
 .text.tusb_init
                0x10006068        0xa CMakeFiles/mw3200.dir/C_/Program_Files/Raspberry_Pi/Pico_SDK_v1.5.1/pico-sdk/lib/tinyusb/src/tusb.c.obj
                0x10006068                tusb_init
 .text.tusb_inited
                0x10006072        0xe CMakeFiles/mw3200.dir/C_/Program_Files/Raspberry_Pi/Pico_SDK_v1.5.1/pico-sdk/lib/tinyusb/src/tusb.c.obj
                0x10006072                tusb_inited
 .text.tu_edpt_claim
                0x10006080       0x50 CMakeFiles/mw3200.dir/C_/Program_Files/Raspberry_Pi/Pico_SDK_v1.5.1/pico-sdk/lib/tinyusb/src/tusb.c.obj
                0x10006080                tu_edpt_claim
 .text.tu_edpt_release
                0x100060d0       0x3c CMakeFiles/mw3200.dir/C_/Program_Files/Raspberry_Pi/Pico_SDK_v1.5.1/pico-sdk/lib/tinyusb/src/tusb.c.obj
                0x100060d0                tu_edpt_release
 .text.tu_edpt_validate
                0x1000610c       0x78 CMakeFiles/mw3200.dir/C_/Program_Files/Raspberry_Pi/Pico_SDK_v1.5.1/pico-sdk/lib/tinyusb/src/tusb.c.obj
                0x1000610c                tu_edpt_validate
 .text.tu_edpt_bind_driver
                0x10006184       0x26 CMakeFiles/mw3200.dir/C_/Program_Files/Raspberry_Pi/Pico_SDK_v1.5.1/pico-sdk/lib/tinyusb/src/tusb.c.obj
                0x10006184                tu_edpt_bind_driver
 .text.advance_index
                0x100061aa       0x1a CMakeFiles/mw3200.dir/C_/Program_Files/Raspberry_Pi/Pico_SDK_v1.5.1/pico-sdk/lib/tinyusb/src/common/tusb_fifo.c.obj
 .text._tu_fifo_peek
                0x100061c4       0x56 CMakeFiles/mw3200.dir/C_/Program_Files/Raspberry_Pi/Pico_SDK_v1.5.1/pico-sdk/lib/tinyusb/src/common/tusb_fifo.c.obj
 .text._ff_pull_const_addr
                0x1000621a       0x4c CMakeFiles/mw3200.dir/C_/Program_Files/Raspberry_Pi/Pico_SDK_v1.5.1/pico-sdk/lib/tinyusb/src/common/tusb_fifo.c.obj
 .text._ff_pull_n
                0x10006266      0x110 CMakeFiles/mw3200.dir/C_/Program_Files/Raspberry_Pi/Pico_SDK_v1.5.1/pico-sdk/lib/tinyusb/src/common/tusb_fifo.c.obj
 .text._tu_fifo_peek_n
                0x10006376       0x6a CMakeFiles/mw3200.dir/C_/Program_Files/Raspberry_Pi/Pico_SDK_v1.5.1/pico-sdk/lib/tinyusb/src/common/tusb_fifo.c.obj
 .text._tu_fifo_read_n
                0x100063e0       0x4e CMakeFiles/mw3200.dir/C_/Program_Files/Raspberry_Pi/Pico_SDK_v1.5.1/pico-sdk/lib/tinyusb/src/common/tusb_fifo.c.obj
 .text._ff_push_const_addr
                0x1000642e       0x40 CMakeFiles/mw3200.dir/C_/Program_Files/Raspberry_Pi/Pico_SDK_v1.5.1/pico-sdk/lib/tinyusb/src/common/tusb_fifo.c.obj
 .text._ff_push_n
                0x1000646e      0x10c CMakeFiles/mw3200.dir/C_/Program_Files/Raspberry_Pi/Pico_SDK_v1.5.1/pico-sdk/lib/tinyusb/src/common/tusb_fifo.c.obj
 .text._tu_fifo_write_n
                0x1000657a       0xf0 CMakeFiles/mw3200.dir/C_/Program_Files/Raspberry_Pi/Pico_SDK_v1.5.1/pico-sdk/lib/tinyusb/src/common/tusb_fifo.c.obj
 .text.tu_fifo_config
                0x1000666a       0x7c CMakeFiles/mw3200.dir/C_/Program_Files/Raspberry_Pi/Pico_SDK_v1.5.1/pico-sdk/lib/tinyusb/src/common/tusb_fifo.c.obj
                0x1000666a                tu_fifo_config
 .text.tu_fifo_count
                0x100066e6       0x2a CMakeFiles/mw3200.dir/C_/Program_Files/Raspberry_Pi/Pico_SDK_v1.5.1/pico-sdk/lib/tinyusb/src/common/tusb_fifo.c.obj
                0x100066e6                tu_fifo_count
 .text.tu_fifo_empty
                0x10006710       0x10 CMakeFiles/mw3200.dir/C_/Program_Files/Raspberry_Pi/Pico_SDK_v1.5.1/pico-sdk/lib/tinyusb/src/common/tusb_fifo.c.obj
                0x10006710                tu_fifo_empty
 .text.tu_fifo_full
                0x10006720       0x28 CMakeFiles/mw3200.dir/C_/Program_Files/Raspberry_Pi/Pico_SDK_v1.5.1/pico-sdk/lib/tinyusb/src/common/tusb_fifo.c.obj
                0x10006720                tu_fifo_full
 .text.tu_fifo_remaining
                0x10006748       0x2c CMakeFiles/mw3200.dir/C_/Program_Files/Raspberry_Pi/Pico_SDK_v1.5.1/pico-sdk/lib/tinyusb/src/common/tusb_fifo.c.obj
                0x10006748                tu_fifo_remaining
 .text.tu_fifo_read
                0x10006774       0x42 CMakeFiles/mw3200.dir/C_/Program_Files/Raspberry_Pi/Pico_SDK_v1.5.1/pico-sdk/lib/tinyusb/src/common/tusb_fifo.c.obj
                0x10006774                tu_fifo_read
 .text.tu_fifo_read_n
                0x100067b6        0xa CMakeFiles/mw3200.dir/C_/Program_Files/Raspberry_Pi/Pico_SDK_v1.5.1/pico-sdk/lib/tinyusb/src/common/tusb_fifo.c.obj
                0x100067b6                tu_fifo_read_n
 .text.tu_fifo_write
                0x100067c0       0x64 CMakeFiles/mw3200.dir/C_/Program_Files/Raspberry_Pi/Pico_SDK_v1.5.1/pico-sdk/lib/tinyusb/src/common/tusb_fifo.c.obj
                0x100067c0                tu_fifo_write
 .text.tu_fifo_write_n
                0x10006824        0xa CMakeFiles/mw3200.dir/C_/Program_Files/Raspberry_Pi/Pico_SDK_v1.5.1/pico-sdk/lib/tinyusb/src/common/tusb_fifo.c.obj
                0x10006824                tu_fifo_write_n
 .text.tu_fifo_clear
                0x1000682e       0x3e CMakeFiles/mw3200.dir/C_/Program_Files/Raspberry_Pi/Pico_SDK_v1.5.1/pico-sdk/lib/tinyusb/src/common/tusb_fifo.c.obj
                0x1000682e                tu_fifo_clear
 .text.tu_fifo_set_overwritable
                0x1000686c       0x46 CMakeFiles/mw3200.dir/C_/Program_Files/Raspberry_Pi/Pico_SDK_v1.5.1/pico-sdk/lib/tinyusb/src/common/tusb_fifo.c.obj
                0x1000686c                tu_fifo_set_overwritable
 *fill*         0x100068b2        0x2 
 .text.cyw43_arch_set_async_context
                0x100068b4        0xc CMakeFiles/mw3200.dir/C_/Program_Files/Raspberry_Pi/Pico_SDK_v1.5.1/pico-sdk/src/rp2_common/pico_cyw43_arch/cyw43_arch.c.obj
                0x100068b4                cyw43_arch_set_async_context
 .text.cyw43_arch_gpio_put
                0x100068c0       0x14 CMakeFiles/mw3200.dir/C_/Program_Files/Raspberry_Pi/Pico_SDK_v1.5.1/pico-sdk/src/rp2_common/pico_cyw43_arch/cyw43_arch.c.obj
                0x100068c0                cyw43_arch_gpio_put
 .text.cyw43_arch_async_context
                0x100068d4        0xc CMakeFiles/mw3200.dir/C_/Program_Files/Raspberry_Pi/Pico_SDK_v1.5.1/pico-sdk/src/rp2_common/pico_cyw43_arch/cyw43_arch.c.obj
                0x100068d4                cyw43_arch_async_context
 .text.cyw43_arch_init_default_async_context
                0x100068e0       0x20 CMakeFiles/mw3200.dir/C_/Program_Files/Raspberry_Pi/Pico_SDK_v1.5.1/pico-sdk/src/rp2_common/pico_cyw43_arch/cyw43_arch_threadsafe_background.c.obj
                0x100068e0                cyw43_arch_init_default_async_context
 .text.cyw43_arch_deinit
                0x10006900       0x28 CMakeFiles/mw3200.dir/C_/Program_Files/Raspberry_Pi/Pico_SDK_v1.5.1/pico-sdk/src/rp2_common/pico_cyw43_arch/cyw43_arch_threadsafe_background.c.obj
                0x10006900                cyw43_arch_deinit
 .text.cyw43_arch_init
                0x10006928       0x36 CMakeFiles/mw3200.dir/C_/Program_Files/Raspberry_Pi/Pico_SDK_v1.5.1/pico-sdk/src/rp2_common/pico_cyw43_arch/cyw43_arch_threadsafe_background.c.obj
                0x10006928                cyw43_arch_init
 .text.cs_set   0x1000695e       0x1c CMakeFiles/mw3200.dir/C_/Program_Files/Raspberry_Pi/Pico_SDK_v1.5.1/pico-sdk/src/rp2_common/pico_cyw43_driver/cyw43_bus_pio_spi.c.obj
 *fill*         0x1000697a        0x2 
 .text.start_spi_comms
                0x1000697c       0x2c CMakeFiles/mw3200.dir/C_/Program_Files/Raspberry_Pi/Pico_SDK_v1.5.1/pico-sdk/src/rp2_common/pico_cyw43_driver/cyw43_bus_pio_spi.c.obj
 .text.ns_delay
                0x100069a8       0x20 CMakeFiles/mw3200.dir/C_/Program_Files/Raspberry_Pi/Pico_SDK_v1.5.1/pico-sdk/src/rp2_common/pico_cyw43_driver/cyw43_bus_pio_spi.c.obj
 .text.stop_spi_comms
                0x100069c8       0x10 CMakeFiles/mw3200.dir/C_/Program_Files/Raspberry_Pi/Pico_SDK_v1.5.1/pico-sdk/src/rp2_common/pico_cyw43_driver/cyw43_bus_pio_spi.c.obj
 .text.cyw43_spi_deinit
                0x100069d8       0x74 CMakeFiles/mw3200.dir/C_/Program_Files/Raspberry_Pi/Pico_SDK_v1.5.1/pico-sdk/src/rp2_common/pico_cyw43_driver/cyw43_bus_pio_spi.c.obj
                0x100069d8                cyw43_spi_deinit
 .text.cyw43_spi_init
                0x10006a4c      0x284 CMakeFiles/mw3200.dir/C_/Program_Files/Raspberry_Pi/Pico_SDK_v1.5.1/pico-sdk/src/rp2_common/pico_cyw43_driver/cyw43_bus_pio_spi.c.obj
                0x10006a4c                cyw43_spi_init
 .text.cyw43_spi_transfer
                0x10006cd0      0x694 CMakeFiles/mw3200.dir/C_/Program_Files/Raspberry_Pi/Pico_SDK_v1.5.1/pico-sdk/src/rp2_common/pico_cyw43_driver/cyw43_bus_pio_spi.c.obj
                0x10006cd0                cyw43_spi_transfer
 .text.cyw43_spi_gpio_setup
                0x10007364       0x3a CMakeFiles/mw3200.dir/C_/Program_Files/Raspberry_Pi/Pico_SDK_v1.5.1/pico-sdk/src/rp2_common/pico_cyw43_driver/cyw43_bus_pio_spi.c.obj
                0x10007364                cyw43_spi_gpio_setup
 .text.cyw43_spi_reset
                0x1000739e       0x28 CMakeFiles/mw3200.dir/C_/Program_Files/Raspberry_Pi/Pico_SDK_v1.5.1/pico-sdk/src/rp2_common/pico_cyw43_driver/cyw43_bus_pio_spi.c.obj
                0x1000739e                cyw43_spi_reset
 *fill*         0x100073c6        0x2 
 .text.read_reg_u32_swap
                0x100073c8       0x68 CMakeFiles/mw3200.dir/C_/Program_Files/Raspberry_Pi/Pico_SDK_v1.5.1/pico-sdk/src/rp2_common/pico_cyw43_driver/cyw43_bus_pio_spi.c.obj
                0x100073c8                read_reg_u32_swap
 .text.cyw43_read_reg_u32
                0x10007430       0x54 CMakeFiles/mw3200.dir/C_/Program_Files/Raspberry_Pi/Pico_SDK_v1.5.1/pico-sdk/src/rp2_common/pico_cyw43_driver/cyw43_bus_pio_spi.c.obj
                0x10007430                cyw43_read_reg_u32
 .text.cyw43_read_reg_u16
                0x10007484       0x54 CMakeFiles/mw3200.dir/C_/Program_Files/Raspberry_Pi/Pico_SDK_v1.5.1/pico-sdk/src/rp2_common/pico_cyw43_driver/cyw43_bus_pio_spi.c.obj
                0x10007484                cyw43_read_reg_u16
 .text.cyw43_read_reg_u8
                0x100074d8       0x54 CMakeFiles/mw3200.dir/C_/Program_Files/Raspberry_Pi/Pico_SDK_v1.5.1/pico-sdk/src/rp2_common/pico_cyw43_driver/cyw43_bus_pio_spi.c.obj
                0x100074d8                cyw43_read_reg_u8
 .text.write_reg_u32_swap
                0x1000752c       0x34 CMakeFiles/mw3200.dir/C_/Program_Files/Raspberry_Pi/Pico_SDK_v1.5.1/pico-sdk/src/rp2_common/pico_cyw43_driver/cyw43_bus_pio_spi.c.obj
                0x1000752c                write_reg_u32_swap
 .text.cyw43_write_reg_u32
                0x10007560       0x58 CMakeFiles/mw3200.dir/C_/Program_Files/Raspberry_Pi/Pico_SDK_v1.5.1/pico-sdk/src/rp2_common/pico_cyw43_driver/cyw43_bus_pio_spi.c.obj
                0x10007560                cyw43_write_reg_u32
 .text.cyw43_write_reg_u16
                0x100075b8       0x58 CMakeFiles/mw3200.dir/C_/Program_Files/Raspberry_Pi/Pico_SDK_v1.5.1/pico-sdk/src/rp2_common/pico_cyw43_driver/cyw43_bus_pio_spi.c.obj
                0x100075b8                cyw43_write_reg_u16
 .text.cyw43_write_reg_u8
                0x10007610       0x58 CMakeFiles/mw3200.dir/C_/Program_Files/Raspberry_Pi/Pico_SDK_v1.5.1/pico-sdk/src/rp2_common/pico_cyw43_driver/cyw43_bus_pio_spi.c.obj
                0x10007610                cyw43_write_reg_u8
 .text.cyw43_read_bytes
                0x10007668      0x104 CMakeFiles/mw3200.dir/C_/Program_Files/Raspberry_Pi/Pico_SDK_v1.5.1/pico-sdk/src/rp2_common/pico_cyw43_driver/cyw43_bus_pio_spi.c.obj
                0x10007668                cyw43_read_bytes
 .text.cyw43_write_bytes
                0x1000776c      0x128 CMakeFiles/mw3200.dir/C_/Program_Files/Raspberry_Pi/Pico_SDK_v1.5.1/pico-sdk/src/rp2_common/pico_cyw43_driver/cyw43_bus_pio_spi.c.obj
                0x1000776c                cyw43_write_bytes
 .text.get_core_address
                0x10007894       0x1c CMakeFiles/mw3200.dir/C_/Program_Files/Raspberry_Pi/Pico_SDK_v1.5.1/pico-sdk/lib/cyw43-driver/src/cyw43_ll.c.obj
 .text.sdpcm_process_rx_packet
                0x100078b0      0x180 CMakeFiles/mw3200.dir/C_/Program_Files/Raspberry_Pi/Pico_SDK_v1.5.1/pico-sdk/lib/cyw43-driver/src/cyw43_ll.c.obj
 .text.cyw43_ll_wifi_parse_scan_result
                0x10007a30       0x9c CMakeFiles/mw3200.dir/C_/Program_Files/Raspberry_Pi/Pico_SDK_v1.5.1/pico-sdk/lib/cyw43-driver/src/cyw43_ll.c.obj
 .text.cyw43_ll_parse_async_event
                0x10007acc       0x8e CMakeFiles/mw3200.dir/C_/Program_Files/Raspberry_Pi/Pico_SDK_v1.5.1/pico-sdk/lib/cyw43-driver/src/cyw43_ll.c.obj
 *fill*         0x10007b5a        0x2 
 .text.cyw43_kso_set
                0x10007b5c       0x98 CMakeFiles/mw3200.dir/C_/Program_Files/Raspberry_Pi/Pico_SDK_v1.5.1/pico-sdk/lib/cyw43-driver/src/cyw43_ll.c.obj
 .text.cyw43_ll_bus_sleep_helper
                0x10007bf4        0xe CMakeFiles/mw3200.dir/C_/Program_Files/Raspberry_Pi/Pico_SDK_v1.5.1/pico-sdk/lib/cyw43-driver/src/cyw43_ll.c.obj
 *fill*         0x10007c02        0x2 
 .text.cyw43_read_reg
                0x10007c04       0x48 CMakeFiles/mw3200.dir/C_/Program_Files/Raspberry_Pi/Pico_SDK_v1.5.1/pico-sdk/lib/cyw43-driver/src/cyw43_ll.c.obj
 .text.cyw43_write_reg
                0x10007c4c       0x4c CMakeFiles/mw3200.dir/C_/Program_Files/Raspberry_Pi/Pico_SDK_v1.5.1/pico-sdk/lib/cyw43-driver/src/cyw43_ll.c.obj
 .text.cyw43_set_backplane_window
                0x10007c98       0x74 CMakeFiles/mw3200.dir/C_/Program_Files/Raspberry_Pi/Pico_SDK_v1.5.1/pico-sdk/lib/cyw43-driver/src/cyw43_ll.c.obj
 .text.cyw43_read_backplane
                0x10007d0c       0x30 CMakeFiles/mw3200.dir/C_/Program_Files/Raspberry_Pi/Pico_SDK_v1.5.1/pico-sdk/lib/cyw43-driver/src/cyw43_ll.c.obj
 .text.disable_device_core
                0x10007d3c       0x3c CMakeFiles/mw3200.dir/C_/Program_Files/Raspberry_Pi/Pico_SDK_v1.5.1/pico-sdk/lib/cyw43-driver/src/cyw43_ll.c.obj
 .text.device_core_is_up
                0x10007d78       0x4c CMakeFiles/mw3200.dir/C_/Program_Files/Raspberry_Pi/Pico_SDK_v1.5.1/pico-sdk/lib/cyw43-driver/src/cyw43_ll.c.obj
 .text.cyw43_write_backplane
                0x10007dc4       0x34 CMakeFiles/mw3200.dir/C_/Program_Files/Raspberry_Pi/Pico_SDK_v1.5.1/pico-sdk/lib/cyw43-driver/src/cyw43_ll.c.obj
 .text.reset_device_core
                0x10007df8       0x74 CMakeFiles/mw3200.dir/C_/Program_Files/Raspberry_Pi/Pico_SDK_v1.5.1/pico-sdk/lib/cyw43-driver/src/cyw43_ll.c.obj
 .text.cyw43_download_resource
                0x10007e6c      0x17c CMakeFiles/mw3200.dir/C_/Program_Files/Raspberry_Pi/Pico_SDK_v1.5.1/pico-sdk/lib/cyw43-driver/src/cyw43_ll.c.obj
 .text.cyw43_ll_init
                0x10007fe8       0x20 CMakeFiles/mw3200.dir/C_/Program_Files/Raspberry_Pi/Pico_SDK_v1.5.1/pico-sdk/lib/cyw43-driver/src/cyw43_ll.c.obj
                0x10007fe8                cyw43_ll_init
 .text.cyw43_ll_deinit
                0x10008008        0x8 CMakeFiles/mw3200.dir/C_/Program_Files/Raspberry_Pi/Pico_SDK_v1.5.1/pico-sdk/lib/cyw43-driver/src/cyw43_ll.c.obj
                0x10008008                cyw43_ll_deinit
 .text.cyw43_ll_bus_sleep
                0x10008010       0x34 CMakeFiles/mw3200.dir/C_/Program_Files/Raspberry_Pi/Pico_SDK_v1.5.1/pico-sdk/lib/cyw43-driver/src/cyw43_ll.c.obj
                0x10008010                cyw43_ll_bus_sleep
 .text.cyw43_ll_sdpcm_poll_device
                0x10008044      0x158 CMakeFiles/mw3200.dir/C_/Program_Files/Raspberry_Pi/Pico_SDK_v1.5.1/pico-sdk/lib/cyw43-driver/src/cyw43_ll.c.obj
 .text.cyw43_ll_process_packets
                0x1000819c       0x5c CMakeFiles/mw3200.dir/C_/Program_Files/Raspberry_Pi/Pico_SDK_v1.5.1/pico-sdk/lib/cyw43-driver/src/cyw43_ll.c.obj
                0x1000819c                cyw43_ll_process_packets
 .text.cyw43_sdpcm_send_common
                0x100081f8      0x104 CMakeFiles/mw3200.dir/C_/Program_Files/Raspberry_Pi/Pico_SDK_v1.5.1/pico-sdk/lib/cyw43-driver/src/cyw43_ll.c.obj
 .text.cyw43_send_ioctl
                0x100082fc       0x56 CMakeFiles/mw3200.dir/C_/Program_Files/Raspberry_Pi/Pico_SDK_v1.5.1/pico-sdk/lib/cyw43-driver/src/cyw43_ll.c.obj
 *fill*         0x10008352        0x2 
 .text.cyw43_do_ioctl
                0x10008354       0xc0 CMakeFiles/mw3200.dir/C_/Program_Files/Raspberry_Pi/Pico_SDK_v1.5.1/pico-sdk/lib/cyw43-driver/src/cyw43_ll.c.obj
 .text.cyw43_ll_ioctl
                0x10008414       0x1e CMakeFiles/mw3200.dir/C_/Program_Files/Raspberry_Pi/Pico_SDK_v1.5.1/pico-sdk/lib/cyw43-driver/src/cyw43_ll.c.obj
                0x10008414                cyw43_ll_ioctl
 *fill*         0x10008432        0x2 
 .text.cyw43_clm_load
                0x10008434       0xdc CMakeFiles/mw3200.dir/C_/Program_Files/Raspberry_Pi/Pico_SDK_v1.5.1/pico-sdk/lib/cyw43-driver/src/cyw43_ll.c.obj
 .text.cyw43_write_iovar_u32
                0x10008510       0x60 CMakeFiles/mw3200.dir/C_/Program_Files/Raspberry_Pi/Pico_SDK_v1.5.1/pico-sdk/lib/cyw43-driver/src/cyw43_ll.c.obj
 .text.cyw43_write_iovar_n
                0x10008570       0x50 CMakeFiles/mw3200.dir/C_/Program_Files/Raspberry_Pi/Pico_SDK_v1.5.1/pico-sdk/lib/cyw43-driver/src/cyw43_ll.c.obj
 .text.cyw43_set_ioctl_u32
                0x100085c0       0x30 CMakeFiles/mw3200.dir/C_/Program_Files/Raspberry_Pi/Pico_SDK_v1.5.1/pico-sdk/lib/cyw43-driver/src/cyw43_ll.c.obj
 .text.cyw43_write_iovar_u32_u32
                0x100085f0       0x74 CMakeFiles/mw3200.dir/C_/Program_Files/Raspberry_Pi/Pico_SDK_v1.5.1/pico-sdk/lib/cyw43-driver/src/cyw43_ll.c.obj
 .text.cyw43_ll_wifi_get_mac
                0x10008664       0x48 CMakeFiles/mw3200.dir/C_/Program_Files/Raspberry_Pi/Pico_SDK_v1.5.1/pico-sdk/lib/cyw43-driver/src/cyw43_ll.c.obj
                0x10008664                cyw43_ll_wifi_get_mac
 .text.cyw43_ll_bus_init
                0x100086ac      0x360 CMakeFiles/mw3200.dir/C_/Program_Files/Raspberry_Pi/Pico_SDK_v1.5.1/pico-sdk/lib/cyw43-driver/src/cyw43_ll.c.obj
                0x100086ac                cyw43_ll_bus_init
 .text.cyw43_ll_wifi_set_wpa_auth
                0x10008a0c        0xe CMakeFiles/mw3200.dir/C_/Program_Files/Raspberry_Pi/Pico_SDK_v1.5.1/pico-sdk/lib/cyw43-driver/src/cyw43_ll.c.obj
                0x10008a0c                cyw43_ll_wifi_set_wpa_auth
 *fill*         0x10008a1a        0x2 
 .text.cyw43_ll_wifi_rejoin
                0x10008a1c       0x20 CMakeFiles/mw3200.dir/C_/Program_Files/Raspberry_Pi/Pico_SDK_v1.5.1/pico-sdk/lib/cyw43-driver/src/cyw43_ll.c.obj
                0x10008a1c                cyw43_ll_wifi_rejoin
 .text.cyw43_ll_gpio_set
                0x10008a3c       0x30 CMakeFiles/mw3200.dir/C_/Program_Files/Raspberry_Pi/Pico_SDK_v1.5.1/pico-sdk/lib/cyw43-driver/src/cyw43_ll.c.obj
                0x10008a3c                cyw43_ll_gpio_set
 .text.cyw43_ll_has_work
                0x10008a6c       0x12 CMakeFiles/mw3200.dir/C_/Program_Files/Raspberry_Pi/Pico_SDK_v1.5.1/pico-sdk/lib/cyw43-driver/src/cyw43_ll.c.obj
                0x10008a6c                cyw43_ll_has_work
 *fill*         0x10008a7e        0x2 
 .text.cyw43_poll_func
                0x10008a80       0xb0 CMakeFiles/mw3200.dir/C_/Program_Files/Raspberry_Pi/Pico_SDK_v1.5.1/pico-sdk/lib/cyw43-driver/src/cyw43_ctrl.c.obj
 .text.cyw43_dump_async_event
                0x10008b30       0x8c CMakeFiles/mw3200.dir/C_/Program_Files/Raspberry_Pi/Pico_SDK_v1.5.1/pico-sdk/lib/cyw43-driver/src/cyw43_ctrl.c.obj
 .text.cyw43_ensure_up
                0x10008bbc       0xec CMakeFiles/mw3200.dir/C_/Program_Files/Raspberry_Pi/Pico_SDK_v1.5.1/pico-sdk/lib/cyw43-driver/src/cyw43_ctrl.c.obj
 .text.cyw43_init
                0x10008ca8       0x8c CMakeFiles/mw3200.dir/C_/Program_Files/Raspberry_Pi/Pico_SDK_v1.5.1/pico-sdk/lib/cyw43-driver/src/cyw43_ctrl.c.obj
                0x10008ca8                cyw43_init
 .text.cyw43_deinit
                0x10008d34       0x3c CMakeFiles/mw3200.dir/C_/Program_Files/Raspberry_Pi/Pico_SDK_v1.5.1/pico-sdk/lib/cyw43-driver/src/cyw43_ctrl.c.obj
                0x10008d34                cyw43_deinit
 .text.cyw43_cb_read_host_interrupt_pin
                0x10008d70        0xe CMakeFiles/mw3200.dir/C_/Program_Files/Raspberry_Pi/Pico_SDK_v1.5.1/pico-sdk/lib/cyw43-driver/src/cyw43_ctrl.c.obj
                0x10008d70                cyw43_cb_read_host_interrupt_pin
 *fill*         0x10008d7e        0x2 
 .text.cyw43_cb_ensure_awake
                0x10008d80        0xc CMakeFiles/mw3200.dir/C_/Program_Files/Raspberry_Pi/Pico_SDK_v1.5.1/pico-sdk/lib/cyw43-driver/src/cyw43_ctrl.c.obj
                0x10008d80                cyw43_cb_ensure_awake
 .text.cyw43_cb_process_async_event
                0x10008d8c      0x1b8 CMakeFiles/mw3200.dir/C_/Program_Files/Raspberry_Pi/Pico_SDK_v1.5.1/pico-sdk/lib/cyw43-driver/src/cyw43_ctrl.c.obj
                0x10008d8c                cyw43_cb_process_async_event
 .text.cyw43_gpio_set
                0x10008f44       0x30 CMakeFiles/mw3200.dir/C_/Program_Files/Raspberry_Pi/Pico_SDK_v1.5.1/pico-sdk/lib/cyw43-driver/src/cyw43_ctrl.c.obj
                0x10008f44                cyw43_gpio_set
 .text._pio_can_add_program_at_offset
                0x10008f74       0x3c CMakeFiles/mw3200.dir/C_/Program_Files/Raspberry_Pi/Pico_SDK_v1.5.1/pico-sdk/src/rp2_common/hardware_pio/pio.c.obj
 .text._pio_find_offset_for_program
                0x10008fb0       0x7c CMakeFiles/mw3200.dir/C_/Program_Files/Raspberry_Pi/Pico_SDK_v1.5.1/pico-sdk/src/rp2_common/hardware_pio/pio.c.obj
 .text._pio_add_program_at_offset
                0x1000902c       0x78 CMakeFiles/mw3200.dir/C_/Program_Files/Raspberry_Pi/Pico_SDK_v1.5.1/pico-sdk/src/rp2_common/hardware_pio/pio.c.obj
 .text.pio_sm_unclaim
                0x100090a4       0x20 CMakeFiles/mw3200.dir/C_/Program_Files/Raspberry_Pi/Pico_SDK_v1.5.1/pico-sdk/src/rp2_common/hardware_pio/pio.c.obj
                0x100090a4                pio_sm_unclaim
 .text.pio_claim_unused_sm
                0x100090c4       0x3c CMakeFiles/mw3200.dir/C_/Program_Files/Raspberry_Pi/Pico_SDK_v1.5.1/pico-sdk/src/rp2_common/hardware_pio/pio.c.obj
                0x100090c4                pio_claim_unused_sm
 .text.pio_can_add_program
                0x10009100       0x26 CMakeFiles/mw3200.dir/C_/Program_Files/Raspberry_Pi/Pico_SDK_v1.5.1/pico-sdk/src/rp2_common/hardware_pio/pio.c.obj
                0x10009100                pio_can_add_program
 *fill*         0x10009126        0x2 
 .text.pio_add_program
                0x10009128       0x38 CMakeFiles/mw3200.dir/C_/Program_Files/Raspberry_Pi/Pico_SDK_v1.5.1/pico-sdk/src/rp2_common/hardware_pio/pio.c.obj
                0x10009128                pio_add_program
 .text.pio_remove_program
                0x10009160       0x58 CMakeFiles/mw3200.dir/C_/Program_Files/Raspberry_Pi/Pico_SDK_v1.5.1/pico-sdk/src/rp2_common/hardware_pio/pio.c.obj
                0x10009160                pio_remove_program
 .text.pio_sm_set_pindirs_with_mask
                0x100091b8       0x9c CMakeFiles/mw3200.dir/C_/Program_Files/Raspberry_Pi/Pico_SDK_v1.5.1/pico-sdk/src/rp2_common/hardware_pio/pio.c.obj
                0x100091b8                pio_sm_set_pindirs_with_mask
 .text.pio_sm_set_consecutive_pindirs
                0x10009254       0xa4 CMakeFiles/mw3200.dir/C_/Program_Files/Raspberry_Pi/Pico_SDK_v1.5.1/pico-sdk/src/rp2_common/hardware_pio/pio.c.obj
                0x10009254                pio_sm_set_consecutive_pindirs
 .text.dma_channel_unclaim
                0x100092f8       0x10 CMakeFiles/mw3200.dir/C_/Program_Files/Raspberry_Pi/Pico_SDK_v1.5.1/pico-sdk/src/rp2_common/hardware_dma/dma.c.obj
                0x100092f8                dma_channel_unclaim
 .text.dma_claim_unused_channel
                0x10009308       0x20 CMakeFiles/mw3200.dir/C_/Program_Files/Raspberry_Pi/Pico_SDK_v1.5.1/pico-sdk/src/rp2_common/hardware_dma/dma.c.obj
                0x10009308                dma_claim_unused_channel
 .text.dma_channel_cleanup
                0x10009328       0x5c CMakeFiles/mw3200.dir/C_/Program_Files/Raspberry_Pi/Pico_SDK_v1.5.1/pico-sdk/src/rp2_common/hardware_dma/dma.c.obj
                0x10009328                dma_channel_cleanup
 .text.cyw43_sleep_timeout_reached
                0x10009384       0x50 CMakeFiles/mw3200.dir/C_/Program_Files/Raspberry_Pi/Pico_SDK_v1.5.1/pico-sdk/src/rp2_common/pico_cyw43_driver/cyw43_driver.c.obj
 .text.cyw43_set_irq_enabled
                0x100093d4        0xe CMakeFiles/mw3200.dir/C_/Program_Files/Raspberry_Pi/Pico_SDK_v1.5.1/pico-sdk/src/rp2_common/pico_cyw43_driver/cyw43_driver.c.obj
 *fill*         0x100093e2        0x2 
 .text.cyw43_irq_init
                0x100093e4       0x50 CMakeFiles/mw3200.dir/C_/Program_Files/Raspberry_Pi/Pico_SDK_v1.5.1/pico-sdk/src/rp2_common/pico_cyw43_driver/cyw43_driver.c.obj
                0x100093e4                cyw43_irq_init
 .text.cyw43_gpio_irq_handler
                0x10009434       0x40 CMakeFiles/mw3200.dir/C_/Program_Files/Raspberry_Pi/Pico_SDK_v1.5.1/pico-sdk/src/rp2_common/pico_cyw43_driver/cyw43_driver.c.obj
 .text.cyw43_irq_deinit
                0x10009474       0x48 CMakeFiles/mw3200.dir/C_/Program_Files/Raspberry_Pi/Pico_SDK_v1.5.1/pico-sdk/src/rp2_common/pico_cyw43_driver/cyw43_driver.c.obj
                0x10009474                cyw43_irq_deinit
 .text.no_lwip_fail
                0x100094bc        0xc CMakeFiles/mw3200.dir/C_/Program_Files/Raspberry_Pi/Pico_SDK_v1.5.1/pico-sdk/src/rp2_common/pico_cyw43_driver/cyw43_driver.c.obj
 .text.cyw43_do_poll
                0x100094c8       0xc8 CMakeFiles/mw3200.dir/C_/Program_Files/Raspberry_Pi/Pico_SDK_v1.5.1/pico-sdk/src/rp2_common/pico_cyw43_driver/cyw43_driver.c.obj
 .text.cyw43_post_poll_hook
                0x10009590       0x38 CMakeFiles/mw3200.dir/C_/Program_Files/Raspberry_Pi/Pico_SDK_v1.5.1/pico-sdk/src/rp2_common/pico_cyw43_driver/cyw43_driver.c.obj
                0x10009590                cyw43_post_poll_hook
 .text.cyw43_schedule_internal_poll_dispatch
                0x100095c8       0x3c CMakeFiles/mw3200.dir/C_/Program_Files/Raspberry_Pi/Pico_SDK_v1.5.1/pico-sdk/src/rp2_common/pico_cyw43_driver/cyw43_driver.c.obj
                0x100095c8                cyw43_schedule_internal_poll_dispatch
 .text.cyw43_driver_init
                0x10009604       0x38 CMakeFiles/mw3200.dir/C_/Program_Files/Raspberry_Pi/Pico_SDK_v1.5.1/pico-sdk/src/rp2_common/pico_cyw43_driver/cyw43_driver.c.obj
                0x10009604                cyw43_driver_init
 .text.cyw43_driver_deinit
                0x1000963c       0x64 CMakeFiles/mw3200.dir/C_/Program_Files/Raspberry_Pi/Pico_SDK_v1.5.1/pico-sdk/src/rp2_common/pico_cyw43_driver/cyw43_driver.c.obj
                0x1000963c                cyw43_driver_deinit
 .text.storage_read_blocks
                0x100096a0        0x6 CMakeFiles/mw3200.dir/C_/Program_Files/Raspberry_Pi/Pico_SDK_v1.5.1/pico-sdk/src/rp2_common/pico_cyw43_driver/cyw43_driver.c.obj
                0x100096a0                storage_read_blocks
 *fill*         0x100096a6        0x2 
 .text.cyw43_hal_generate_laa_mac
                0x100096a8       0x34 CMakeFiles/mw3200.dir/C_/Program_Files/Raspberry_Pi/Pico_SDK_v1.5.1/pico-sdk/src/rp2_common/pico_cyw43_driver/cyw43_driver.c.obj
                0x100096a8                cyw43_hal_generate_laa_mac
 .text.cyw43_thread_enter
                0x100096dc       0x14 CMakeFiles/mw3200.dir/C_/Program_Files/Raspberry_Pi/Pico_SDK_v1.5.1/pico-sdk/src/rp2_common/pico_cyw43_driver/cyw43_driver.c.obj
                0x100096dc                cyw43_thread_enter
 .text.cyw43_thread_exit
                0x100096f0       0x14 CMakeFiles/mw3200.dir/C_/Program_Files/Raspberry_Pi/Pico_SDK_v1.5.1/pico-sdk/src/rp2_common/pico_cyw43_driver/cyw43_driver.c.obj
                0x100096f0                cyw43_thread_exit
 .text.cyw43_thread_lock_check
                0x10009704       0x14 CMakeFiles/mw3200.dir/C_/Program_Files/Raspberry_Pi/Pico_SDK_v1.5.1/pico-sdk/src/rp2_common/pico_cyw43_driver/cyw43_driver.c.obj
                0x10009704                cyw43_thread_lock_check
 .text.cyw43_await_background_or_timeout_us
                0x10009718       0x60 CMakeFiles/mw3200.dir/C_/Program_Files/Raspberry_Pi/Pico_SDK_v1.5.1/pico-sdk/src/rp2_common/pico_cyw43_driver/cyw43_driver.c.obj
                0x10009718                cyw43_await_background_or_timeout_us
 .text.cyw43_delay_ms
                0x10009778       0x70 CMakeFiles/mw3200.dir/C_/Program_Files/Raspberry_Pi/Pico_SDK_v1.5.1/pico-sdk/src/rp2_common/pico_cyw43_driver/cyw43_driver.c.obj
                0x10009778                cyw43_delay_ms
 .text.cyw43_cb_tcpip_deinit
                0x100097e8        0x2 CMakeFiles/mw3200.dir/C_/Program_Files/Raspberry_Pi/Pico_SDK_v1.5.1/pico-sdk/src/rp2_common/pico_cyw43_driver/cyw43_driver.c.obj
                0x100097e8                cyw43_cb_tcpip_deinit
 .text.cyw43_cb_tcpip_set_link_up
                0x100097ea        0x6 CMakeFiles/mw3200.dir/C_/Program_Files/Raspberry_Pi/Pico_SDK_v1.5.1/pico-sdk/src/rp2_common/pico_cyw43_driver/cyw43_driver.c.obj
                0x100097ea                cyw43_cb_tcpip_set_link_up
 .text.cyw43_cb_tcpip_set_link_down
                0x100097f0        0x6 CMakeFiles/mw3200.dir/C_/Program_Files/Raspberry_Pi/Pico_SDK_v1.5.1/pico-sdk/src/rp2_common/pico_cyw43_driver/cyw43_driver.c.obj
                0x100097f0                cyw43_cb_tcpip_set_link_down
 .text.cyw43_cb_process_ethernet
                0x100097f6        0x6 CMakeFiles/mw3200.dir/C_/Program_Files/Raspberry_Pi/Pico_SDK_v1.5.1/pico-sdk/src/rp2_common/pico_cyw43_driver/cyw43_driver.c.obj
                0x100097f6                cyw43_cb_process_ethernet
 .text.async_context_threadsafe_background_acquire_lock_blocking
                0x100097fc        0xa CMakeFiles/mw3200.dir/C_/Program_Files/Raspberry_Pi/Pico_SDK_v1.5.1/pico-sdk/src/rp2_common/pico_async_context/async_context_threadsafe_background.c.obj
 .text.async_context_threadsafe_background_wake_up
                0x10009806       0x16 CMakeFiles/mw3200.dir/C_/Program_Files/Raspberry_Pi/Pico_SDK_v1.5.1/pico-sdk/src/rp2_common/pico_async_context/async_context_threadsafe_background.c.obj
 .text.alarm_handler
                0x1000981c       0x14 CMakeFiles/mw3200.dir/C_/Program_Files/Raspberry_Pi/Pico_SDK_v1.5.1/pico-sdk/src/rp2_common/pico_async_context/async_context_threadsafe_background.c.obj
 .text.async_context_threadsafe_background_set_work_pending
                0x10009830        0xc CMakeFiles/mw3200.dir/C_/Program_Files/Raspberry_Pi/Pico_SDK_v1.5.1/pico-sdk/src/rp2_common/pico_async_context/async_context_threadsafe_background.c.obj
 .text.async_context_threadsafe_background_lock_check
                0x1000983c       0x2c CMakeFiles/mw3200.dir/C_/Program_Files/Raspberry_Pi/Pico_SDK_v1.5.1/pico-sdk/src/rp2_common/pico_async_context/async_context_threadsafe_background.c.obj
 .text.process_under_lock
                0x10009868       0xfc CMakeFiles/mw3200.dir/C_/Program_Files/Raspberry_Pi/Pico_SDK_v1.5.1/pico-sdk/src/rp2_common/pico_async_context/async_context_threadsafe_background.c.obj
 .text.lock_release
                0x10009964       0x1e CMakeFiles/mw3200.dir/C_/Program_Files/Raspberry_Pi/Pico_SDK_v1.5.1/pico-sdk/src/rp2_common/pico_async_context/async_context_threadsafe_background.c.obj
 .text.async_context_threadsafe_background_execute_sync
                0x10009982       0x1e CMakeFiles/mw3200.dir/C_/Program_Files/Raspberry_Pi/Pico_SDK_v1.5.1/pico-sdk/src/rp2_common/pico_async_context/async_context_threadsafe_background.c.obj
                0x10009982                async_context_threadsafe_background_execute_sync
 .text.async_context_threadsafe_background_release_lock
                0x100099a0        0x8 CMakeFiles/mw3200.dir/C_/Program_Files/Raspberry_Pi/Pico_SDK_v1.5.1/pico-sdk/src/rp2_common/pico_async_context/async_context_threadsafe_background.c.obj
 .text.low_prio_irq_deinit
                0x100099a8       0x50 CMakeFiles/mw3200.dir/C_/Program_Files/Raspberry_Pi/Pico_SDK_v1.5.1/pico-sdk/src/rp2_common/pico_async_context/async_context_threadsafe_background.c.obj
 .text.async_context_threadsafe_background_deinit
                0x100099f8       0x58 CMakeFiles/mw3200.dir/C_/Program_Files/Raspberry_Pi/Pico_SDK_v1.5.1/pico-sdk/src/rp2_common/pico_async_context/async_context_threadsafe_background.c.obj
 .text.low_priority_irq_handler
                0x10009a50       0x78 CMakeFiles/mw3200.dir/C_/Program_Files/Raspberry_Pi/Pico_SDK_v1.5.1/pico-sdk/src/rp2_common/pico_async_context/async_context_threadsafe_background.c.obj
 .text.async_context_threadsafe_background_wait_for_work_until
                0x10009ac8        0xa CMakeFiles/mw3200.dir/C_/Program_Files/Raspberry_Pi/Pico_SDK_v1.5.1/pico-sdk/src/rp2_common/pico_async_context/async_context_threadsafe_background.c.obj
 .text.async_context_threadsafe_background_wait_until
                0x10009ad2       0x1a CMakeFiles/mw3200.dir/C_/Program_Files/Raspberry_Pi/Pico_SDK_v1.5.1/pico-sdk/src/rp2_common/pico_async_context/async_context_threadsafe_background.c.obj
 .text.async_context_threadsafe_background_when_pending_worker
                0x10009aec       0x20 CMakeFiles/mw3200.dir/C_/Program_Files/Raspberry_Pi/Pico_SDK_v1.5.1/pico-sdk/src/rp2_common/pico_async_context/async_context_threadsafe_background.c.obj
 .text.async_context_threadsafe_background_add_when_pending_worker
                0x10009b0c       0x20 CMakeFiles/mw3200.dir/C_/Program_Files/Raspberry_Pi/Pico_SDK_v1.5.1/pico-sdk/src/rp2_common/pico_async_context/async_context_threadsafe_background.c.obj
 .text.async_context_threadsafe_background_remove_at_time_worker
                0x10009b2c       0x20 CMakeFiles/mw3200.dir/C_/Program_Files/Raspberry_Pi/Pico_SDK_v1.5.1/pico-sdk/src/rp2_common/pico_async_context/async_context_threadsafe_background.c.obj
 .text.async_context_threadsafe_background_add_at_time_worker
                0x10009b4c       0x20 CMakeFiles/mw3200.dir/C_/Program_Files/Raspberry_Pi/Pico_SDK_v1.5.1/pico-sdk/src/rp2_common/pico_async_context/async_context_threadsafe_background.c.obj
 .text.low_prio_irq_init
                0x10009b6c       0x80 CMakeFiles/mw3200.dir/C_/Program_Files/Raspberry_Pi/Pico_SDK_v1.5.1/pico-sdk/src/rp2_common/pico_async_context/async_context_threadsafe_background.c.obj
 .text.async_context_threadsafe_background_default_config
                0x10009bec        0xa CMakeFiles/mw3200.dir/C_/Program_Files/Raspberry_Pi/Pico_SDK_v1.5.1/pico-sdk/src/rp2_common/pico_async_context/async_context_threadsafe_background.c.obj
                0x10009bec                async_context_threadsafe_background_default_config
 *fill*         0x10009bf6        0x2 
 .text.async_context_threadsafe_background_init
                0x10009bf8       0x74 CMakeFiles/mw3200.dir/C_/Program_Files/Raspberry_Pi/Pico_SDK_v1.5.1/pico-sdk/src/rp2_common/pico_async_context/async_context_threadsafe_background.c.obj
                0x10009bf8                async_context_threadsafe_background_init
 .text.async_context_base_add_at_time_worker
                0x10009c6c       0x1c CMakeFiles/mw3200.dir/C_/Program_Files/Raspberry_Pi/Pico_SDK_v1.5.1/pico-sdk/src/rp2_common/pico_async_context/async_context_base.c.obj
                0x10009c6c                async_context_base_add_at_time_worker
 .text.async_context_base_remove_at_time_worker
                0x10009c88       0x1c CMakeFiles/mw3200.dir/C_/Program_Files/Raspberry_Pi/Pico_SDK_v1.5.1/pico-sdk/src/rp2_common/pico_async_context/async_context_base.c.obj
                0x10009c88                async_context_base_remove_at_time_worker
 .text.async_context_base_add_when_pending_worker
                0x10009ca4       0x1c CMakeFiles/mw3200.dir/C_/Program_Files/Raspberry_Pi/Pico_SDK_v1.5.1/pico-sdk/src/rp2_common/pico_async_context/async_context_base.c.obj
                0x10009ca4                async_context_base_add_when_pending_worker
 .text.async_context_base_remove_when_pending_worker
                0x10009cc0       0x1c CMakeFiles/mw3200.dir/C_/Program_Files/Raspberry_Pi/Pico_SDK_v1.5.1/pico-sdk/src/rp2_common/pico_async_context/async_context_base.c.obj
                0x10009cc0                async_context_base_remove_when_pending_worker
 .text.async_context_base_remove_ready_at_time_worker
                0x10009cdc       0x94 CMakeFiles/mw3200.dir/C_/Program_Files/Raspberry_Pi/Pico_SDK_v1.5.1/pico-sdk/src/rp2_common/pico_async_context/async_context_base.c.obj
                0x10009cdc                async_context_base_remove_ready_at_time_worker
 .text.async_context_base_refresh_next_timeout
                0x10009d70       0x4c CMakeFiles/mw3200.dir/C_/Program_Files/Raspberry_Pi/Pico_SDK_v1.5.1/pico-sdk/src/rp2_common/pico_async_context/async_context_base.c.obj
                0x10009d70                async_context_base_refresh_next_timeout
 .text.async_context_base_execute_once
                0x10009dbc       0x48 CMakeFiles/mw3200.dir/C_/Program_Files/Raspberry_Pi/Pico_SDK_v1.5.1/pico-sdk/src/rp2_common/pico_async_context/async_context_base.c.obj
                0x10009dbc                async_context_base_execute_once
 .text.memcmp   0x10009e04       0x48 c:/progra~1/raspbe~1/picosd~1.1/gcc-ar~1/bin/../lib/gcc/arm-none-eabi/10.3.1/../../../../arm-none-eabi/lib/thumb/v6-m/nofp\libg.a(lib_a-memcmp.o)
                0x10009e04                memcmp
 .text.memmove  0x10009e4c       0xac c:/progra~1/raspbe~1/picosd~1.1/gcc-ar~1/bin/../lib/gcc/arm-none-eabi/10.3.1/../../../../arm-none-eabi/lib/thumb/v6-m/nofp\libg.a(lib_a-memmove.o)
                0x10009e4c                memmove
 .text.strlen   0x10009ef8       0x5c c:/progra~1/raspbe~1/picosd~1.1/gcc-ar~1/bin/../lib/gcc/arm-none-eabi/10.3.1/../../../../arm-none-eabi/lib/thumb/v6-m/nofp\libg.a(lib_a-strlen-stub.o)
                0x10009ef8                strlen