Archive member included to satisfy reference by file (symbol)

c:/progra~1/raspbe~1/picosd~1.1/gcc-ar~1/bin/../lib/gcc/arm-none-eabi/10.3.1/thumb/v6-m/nofp\libgcc.a(_dvmd_tls.o)
                              CMakeFiles/mw_3200_controller_pico.dir/C_/Program_Files/Raspberry_Pi/Pico_SDK_v1.5.1/pico-sdk/src/rp2_common/pico_divider/divider.S.obj (__aeabi_idiv0)
c:/progra~1/raspbe~1/picosd~1.1/gcc-ar~1/bin/../lib/gcc/arm-none-eabi/10.3.1/../../../../arm-none-eabi/lib/thumb/v6-m/nofp\libg.a(lib_a-calloc.o)
                              CMakeFiles/mw_3200_controller_pico.dir/C_/Program_Files/Raspberry_Pi/Pico_SDK_v1.5.1/pico-sdk/src/rp2_common/pico_malloc/pico_malloc.c.obj (calloc)
c:/progra~1/raspbe~1/picosd~1.1/gcc-ar~1/bin/../lib/gcc/arm-none-eabi/10.3.1/../../../../arm-none-eabi/lib/thumb/v6-m/nofp\libg.a(lib_a-callocr.o)
                              c:/progra~1/raspbe~1/picosd~1.1/gcc-ar~1/bin/../lib/gcc/arm-none-eabi/10.3.1/../../../../arm-none-eabi/lib/thumb/v6-m/nofp\libg.a(lib_a-calloc.o) (_calloc_r)
c:/progra~1/raspbe~1/picosd~1.1/gcc-ar~1/bin/../lib/gcc/arm-none-eabi/10.3.1/../../../../arm-none-eabi/lib/thumb/v6-m/nofp\libg.a(lib_a-errno.o)
                              c:/progra~1/raspbe~1/picosd~1.1/gcc-ar~1/bin/../lib/gcc/arm-none-eabi/10.3.1/../../../../arm-none-eabi/lib/thumb/v6-m/nofp\libg.a(lib_a-callocr.o) (__errno)
c:/progra~1/raspbe~1/picosd~1.1/gcc-ar~1/bin/../lib/gcc/arm-none-eabi/10.3.1/../../../../arm-none-eabi/lib/thumb/v6-m/nofp\libg.a(lib_a-impure.o)
                              c:/progra~1/raspbe~1/picosd~1.1/gcc-ar~1/bin/../lib/gcc/arm-none-eabi/10.3.1/../../../../arm-none-eabi/lib/thumb/v6-m/nofp\libg.a(lib_a-calloc.o) (_impure_ptr)
c:/progra~1/raspbe~1/picosd~1.1/gcc-ar~1/bin/../lib/gcc/arm-none-eabi/10.3.1/../../../../arm-none-eabi/lib/thumb/v6-m/nofp\libg.a(lib_a-init.o)
                              c:/progra~1/raspbe~1/picosd~1.1/gcc-ar~1/bin/../lib/gcc/arm-none-eabi/10.3.1/../../../../arm-none-eabi/lib/thumb/v6-m/nofp/crt0.o (__libc_init_array)
c:/progra~1/raspbe~1/picosd~1.1/gcc-ar~1/bin/../lib/gcc/arm-none-eabi/10.3.1/../../../../arm-none-eabi/lib/thumb/v6-m/nofp\libg.a(lib_a-malloc.o)
                              CMakeFiles/mw_3200_controller_pico.dir/C_/Program_Files/Raspberry_Pi/Pico_SDK_v1.5.1/pico-sdk/src/rp2_common/pico_malloc/pico_malloc.c.obj (malloc)
c:/progra~1/raspbe~1/picosd~1.1/gcc-ar~1/bin/../lib/gcc/arm-none-eabi/10.3.1/../../../../arm-none-eabi/lib/thumb/v6-m/nofp\libg.a(lib_a-mallocr.o)
                              c:/progra~1/raspbe~1/picosd~1.1/gcc-ar~1/bin/../lib/gcc/arm-none-eabi/10.3.1/../../../../arm-none-eabi/lib/thumb/v6-m/nofp\libg.a(lib_a-callocr.o) (_malloc_r)
c:/progra~1/raspbe~1/picosd~1.1/gcc-ar~1/bin/../lib/gcc/arm-none-eabi/10.3.1/../../../../arm-none-eabi/lib/thumb/v6-m/nofp\libg.a(lib_a-memcmp.o)
                              CMakeFiles/mw_3200_controller_pico.dir/C_/Program_Files/Raspberry_Pi/Pico_SDK_v1.5.1/pico-sdk/lib/cyw43-driver/src/cyw43_ll.c.obj (memcmp)
c:/progra~1/raspbe~1/picosd~1.1/gcc-ar~1/bin/../lib/gcc/arm-none-eabi/10.3.1/../../../../arm-none-eabi/lib/thumb/v6-m/nofp\libg.a(lib_a-memmove.o)
                              CMakeFiles/mw_3200_controller_pico.dir/C_/Program_Files/Raspberry_Pi/Pico_SDK_v1.5.1/pico-sdk/lib/cyw43-driver/src/cyw43_ll.c.obj (memmove)
c:/progra~1/raspbe~1/picosd~1.1/gcc-ar~1/bin/../lib/gcc/arm-none-eabi/10.3.1/../../../../arm-none-eabi/lib/thumb/v6-m/nofp\libg.a(lib_a-mlock.o)
                              c:/progra~1/raspbe~1/picosd~1.1/gcc-ar~1/bin/../lib/gcc/arm-none-eabi/10.3.1/../../../../arm-none-eabi/lib/thumb/v6-m/nofp\libg.a(lib_a-mallocr.o) (__malloc_lock)
c:/progra~1/raspbe~1/picosd~1.1/gcc-ar~1/bin/../lib/gcc/arm-none-eabi/10.3.1/../../../../arm-none-eabi/lib/thumb/v6-m/nofp\libg.a(lib_a-realloc.o)
                              CMakeFiles/mw_3200_controller_pico.dir/C_/Program_Files/Raspberry_Pi/Pico_SDK_v1.5.1/pico-sdk/src/rp2_common/pico_malloc/pico_malloc.c.obj (realloc)
c:/progra~1/raspbe~1/picosd~1.1/gcc-ar~1/bin/../lib/gcc/arm-none-eabi/10.3.1/../../../../arm-none-eabi/lib/thumb/v6-m/nofp\libg.a(lib_a-reallocr.o)
                              c:/progra~1/raspbe~1/picosd~1.1/gcc-ar~1/bin/../lib/gcc/arm-none-eabi/10.3.1/../../../../arm-none-eabi/lib/thumb/v6-m/nofp\libg.a(lib_a-realloc.o) (_realloc_r)
c:/progra~1/raspbe~1/picosd~1.1/gcc-ar~1/bin/../lib/gcc/arm-none-eabi/10.3.1/../../../../arm-none-eabi/lib/thumb/v6-m/nofp\libg.a(lib_a-sbrkr.o)
                              c:/progra~1/raspbe~1/picosd~1.1/gcc-ar~1/bin/../lib/gcc/arm-none-eabi/10.3.1/../../../../arm-none-eabi/lib/thumb/v6-m/nofp\libg.a(lib_a-mallocr.o) (_sbrk_r)
c:/progra~1/raspbe~1/picosd~1.1/gcc-ar~1/bin/../lib/gcc/arm-none-eabi/10.3.1/../../../../arm-none-eabi/lib/thumb/v6-m/nofp\libg.a(lib_a-strlen-stub.o)
                              CMakeFiles/mw_3200_controller_pico.dir/C_/Program_Files/Raspberry_Pi/Pico_SDK_v1.5.1/pico-sdk/src/rp2_common/pico_stdio/stdio.c.obj (strlen)
[...]
Memory Configuration

Name             Origin             Length             Attributes
FLASH            0x10000000         0x00200000         xr
RAM              0x20000000         0x00040000         xrw
SCRATCH_X        0x20040000         0x00001000         xrw
SCRATCH_Y        0x20041000         0x00001000         xrw
*default*        0x00000000         0xffffffff

Linker script and memory map

LOAD c:/progra~1/raspbe~1/picosd~1.1/gcc-ar~1/bin/../lib/gcc/arm-none-eabi/10.3.1/thumb/v6-m/nofp/crti.o
LOAD c:/progra~1/raspbe~1/picosd~1.1/gcc-ar~1/bin/../lib/gcc/arm-none-eabi/10.3.1/thumb/v6-m/nofp/crtbegin.o
LOAD c:/progra~1/raspbe~1/picosd~1.1/gcc-ar~1/bin/../lib/gcc/arm-none-eabi/10.3.1/../../../../arm-none-eabi/lib/thumb/v6-m/nofp/crt0.o

.flash_begin    0x10000000        0x0
                0x10000000                __flash_binary_start = .

.boot2          0x10000000      0x100
                0x10000000                __boot2_start__ = .
 *(.boot2)
 .boot2         0x10000000      0x100 C:\Users\drad\AppData\Local\Temp\ccAJe3da.o
                0x10000100                __boot2_end__ = .
                0x00000001                ASSERT (((__boot2_end__ - __boot2_start__) == 0x100), ERROR: Pico second stage bootloader must be 256 bytes in size)

.text           0x10000100     0x9ff0
                0x10000100                __logical_binary_start = .
 *(.vectors)
 .vectors       0x10000100       0xd4 CMakeFiles/mw_3200_controller_pico.dir/C_/Program_Files/Raspberry_Pi/Pico_SDK_v1.5.1/pico-sdk/src/rp2_common/pico_standard_link/crt0.S.obj
                0x10000100                __VECTOR_TABLE
                0x10000100                __vectors
                0x100001c0                isr_invalid
                0x100001c0                __default_isrs_start
                0x100001c2                isr_nmi
                0x100001c4                isr_hardfault
                0x100001c6                isr_svcall
                0x100001c8                isr_pendsv
                0x100001ca                isr_systick
                0x100001cc                isr_irq23
                0x100001cc                isr_irq18
                0x100001cc                isr_irq11
                0x100001cc                isr_irq28
                0x100001cc                isr_irq19
                0x100001cc                isr_irq0
                0x100001cc                isr_irq6
                0x100001cc                isr_irq5
                0x100001cc                isr_irq12
                0x100001cc                isr_irq22
                0x100001cc                isr_irq31
                0x100001cc                isr_irq17
                0x100001cc                isr_irq27
                0x100001cc                isr_irq30
                0x100001cc                isr_irq2
                0x100001cc                isr_irq10
                0x100001cc                isr_irq8
                0x100001cc                isr_irq24
                0x100001cc                isr_irq1
                0x100001cc                isr_irq7
                0x100001cc                isr_irq21
                0x100001cc                isr_irq20
                0x100001cc                isr_irq15
                0x100001cc                isr_irq25
                0x100001cc                isr_irq13
                0x100001cc                __unhandled_user_irq
                0x100001cc                isr_irq4
                0x100001cc                isr_irq16
                0x100001cc                isr_irq29
                0x100001cc                isr_irq26
                0x100001cc                __default_isrs_end
                0x100001cc                isr_irq3
                0x100001cc                isr_irq14
                0x100001cc                isr_irq9
                0x100001d2                unhandled_user_irq_num_in_r0
 *(.binary_info_header)
 .binary_info_header
                0x100001d4       0x14 CMakeFiles/mw_3200_controller_pico.dir/C_/Program_Files/Raspberry_Pi/Pico_SDK_v1.5.1/pico-sdk/src/rp2_common/pico_standard_link/crt0.S.obj
                0x100001e8                __binary_info_header_end = .
 *(.reset)
 .reset         0x100001e8       0xa0 CMakeFiles/mw_3200_controller_pico.dir/C_/Program_Files/Raspberry_Pi/Pico_SDK_v1.5.1/pico-sdk/src/rp2_common/pico_standard_link/crt0.S.obj
                0x100001e8                _entry_point
 .reset         0x10000288       0x30 CMakeFiles/mw_3200_controller_pico.dir/C_/Program_Files/Raspberry_Pi/Pico_SDK_v1.5.1/pico-sdk/src/rp2_common/pico_standard_link/binary_info.c.obj
 *(.init)
 .init          0x100002b8        0x4 c:/progra~1/raspbe~1/picosd~1.1/gcc-ar~1/bin/../lib/gcc/arm-none-eabi/10.3.1/thumb/v6-m/nofp/crti.o
                0x100002b8                _init
 *(EXCLUDE_FILE(*libm.a: *libc.a:*lib_a-mem*.o *libgcc.a:) .text*)
 .text          0x100002bc       0x48 c:/progra~1/raspbe~1/picosd~1.1/gcc-ar~1/bin/../lib/gcc/arm-none-eabi/10.3.1/thumb/v6-m/nofp/crtbegin.o
 .text.main     0x10000304       0x3c CMakeFiles/mw_3200_controller_pico.dir/main.c.obj
                0x10000304                main
 .text.gpio_set_function
                0x10000340       0x30 CMakeFiles/mw_3200_controller_pico.dir/C_/Program_Files/Raspberry_Pi/Pico_SDK_v1.5.1/pico-sdk/src/rp2_common/hardware_gpio/gpio.c.obj
                0x10000340                gpio_set_function
 .text.gpio_set_pulls
                0x10000370       0x34 CMakeFiles/mw_3200_controller_pico.dir/C_/Program_Files/Raspberry_Pi/Pico_SDK_v1.5.1/pico-sdk/src/rp2_common/hardware_gpio/gpio.c.obj
                0x10000370                gpio_set_pulls
 .text.gpio_set_input_hysteresis_enabled
                0x100003a4       0x30 CMakeFiles/mw_3200_controller_pico.dir/C_/Program_Files/Raspberry_Pi/Pico_SDK_v1.5.1/pico-sdk/src/rp2_common/hardware_gpio/gpio.c.obj
                0x100003a4                gpio_set_input_hysteresis_enabled
 .text.gpio_add_raw_irq_handler_with_order_priority_masked
                0x100003d4       0x40 CMakeFiles/mw_3200_controller_pico.dir/C_/Program_Files/Raspberry_Pi/Pico_SDK_v1.5.1/pico-sdk/src/rp2_common/hardware_gpio/gpio.c.obj
                0x100003d4                gpio_add_raw_irq_handler_with_order_priority_masked
 .text.gpio_remove_raw_irq_handler_masked
                0x10000414       0x48 CMakeFiles/mw_3200_controller_pico.dir/C_/Program_Files/Raspberry_Pi/Pico_SDK_v1.5.1/pico-sdk/src/rp2_common/hardware_gpio/gpio.c.obj
                0x10000414                gpio_remove_raw_irq_handler_masked
 .text.gpio_acknowledge_irq
                0x1000045c       0x18 CMakeFiles/mw_3200_controller_pico.dir/C_/Program_Files/Raspberry_Pi/Pico_SDK_v1.5.1/pico-sdk/src/rp2_common/hardware_gpio/gpio.c.obj
                0x1000045c                gpio_acknowledge_irq
 .text._gpio_set_irq_enabled
                0x10000474       0x34 CMakeFiles/mw_3200_controller_pico.dir/C_/Program_Files/Raspberry_Pi/Pico_SDK_v1.5.1/pico-sdk/src/rp2_common/hardware_gpio/gpio.c.obj
 .text.gpio_set_irq_enabled
                0x100004a8       0x20 CMakeFiles/mw_3200_controller_pico.dir/C_/Program_Files/Raspberry_Pi/Pico_SDK_v1.5.1/pico-sdk/src/rp2_common/hardware_gpio/gpio.c.obj
                0x100004a8                gpio_set_irq_enabled
 .text.gpio_init
                0x100004c8       0x16 CMakeFiles/mw_3200_controller_pico.dir/C_/Program_Files/Raspberry_Pi/Pico_SDK_v1.5.1/pico-sdk/src/rp2_common/hardware_gpio/gpio.c.obj
                0x100004c8                gpio_init
 *fill*         0x100004de        0x2 
 .text.running_on_fpga
                0x100004e0       0x14 CMakeFiles/mw_3200_controller_pico.dir/C_/Program_Files/Raspberry_Pi/Pico_SDK_v1.5.1/pico-sdk/src/rp2_common/pico_platform/platform.c.obj
                0x100004e0                running_on_fpga
 .text.hw_claim_lock
                0x100004f4       0x18 CMakeFiles/mw_3200_controller_pico.dir/C_/Program_Files/Raspberry_Pi/Pico_SDK_v1.5.1/pico-sdk/src/rp2_common/hardware_claim/claim.c.obj
                0x100004f4                hw_claim_lock
 .text.hw_claim_unlock
                0x1000050c       0x14 CMakeFiles/mw_3200_controller_pico.dir/C_/Program_Files/Raspberry_Pi/Pico_SDK_v1.5.1/pico-sdk/src/rp2_common/hardware_claim/claim.c.obj
                0x1000050c                hw_claim_unlock
 .text.hw_claim_or_assert
                0x10000520       0x32 CMakeFiles/mw_3200_controller_pico.dir/C_/Program_Files/Raspberry_Pi/Pico_SDK_v1.5.1/pico-sdk/src/rp2_common/hardware_claim/claim.c.obj
                0x10000520                hw_claim_or_assert
 .text.hw_claim_unused_from_range
                0x10000552       0x50 CMakeFiles/mw_3200_controller_pico.dir/C_/Program_Files/Raspberry_Pi/Pico_SDK_v1.5.1/pico-sdk/src/rp2_common/hardware_claim/claim.c.obj
                0x10000552                hw_claim_unused_from_range
 *fill*         0x100005a2        0x2 
 .text.hw_claim_clear
                0x100005a4       0x40 CMakeFiles/mw_3200_controller_pico.dir/C_/Program_Files/Raspberry_Pi/Pico_SDK_v1.5.1/pico-sdk/src/rp2_common/hardware_claim/claim.c.obj
                0x100005a4                hw_claim_clear
 .text.spin_locks_reset
                0x100005e4       0x20 CMakeFiles/mw_3200_controller_pico.dir/C_/Program_Files/Raspberry_Pi/Pico_SDK_v1.5.1/pico-sdk/src/rp2_common/hardware_sync/sync.c.obj
                0x100005e4                spin_locks_reset
 .text.next_striped_spin_lock_num
                0x10000604       0x1c CMakeFiles/mw_3200_controller_pico.dir/C_/Program_Files/Raspberry_Pi/Pico_SDK_v1.5.1/pico-sdk/src/rp2_common/hardware_sync/sync.c.obj
                0x10000604                next_striped_spin_lock_num
 .text.spin_lock_claim_unused
                0x10000620       0x20 CMakeFiles/mw_3200_controller_pico.dir/C_/Program_Files/Raspberry_Pi/Pico_SDK_v1.5.1/pico-sdk/src/rp2_common/hardware_sync/sync.c.obj
                0x10000620                spin_lock_claim_unused
 .text.set_raw_irq_handler_and_unlock
                0x10000640       0x28 CMakeFiles/mw_3200_controller_pico.dir/C_/Program_Files/Raspberry_Pi/Pico_SDK_v1.5.1/pico-sdk/src/rp2_common/hardware_irq/irq.c.obj
 .text.get_user_irq_claim_index
                0x10000668        0x6 CMakeFiles/mw_3200_controller_pico.dir/C_/Program_Files/Raspberry_Pi/Pico_SDK_v1.5.1/pico-sdk/src/rp2_common/hardware_irq/irq.c.obj
 *fill*         0x1000066e        0x2 
 .text.make_branch
                0x10000670       0x48 CMakeFiles/mw_3200_controller_pico.dir/C_/Program_Files/Raspberry_Pi/Pico_SDK_v1.5.1/pico-sdk/src/rp2_common/hardware_irq/irq.c.obj
 .text.insert_branch_and_link
                0x100006b8       0x40 CMakeFiles/mw_3200_controller_pico.dir/C_/Program_Files/Raspberry_Pi/Pico_SDK_v1.5.1/pico-sdk/src/rp2_common/hardware_irq/irq.c.obj
 .text.irq_is_enabled
                0x100006f8       0x18 CMakeFiles/mw_3200_controller_pico.dir/C_/Program_Files/Raspberry_Pi/Pico_SDK_v1.5.1/pico-sdk/src/rp2_common/hardware_irq/irq.c.obj
                0x100006f8                irq_is_enabled
 .text.irq_set_mask_enabled
                0x10000710       0x20 CMakeFiles/mw_3200_controller_pico.dir/C_/Program_Files/Raspberry_Pi/Pico_SDK_v1.5.1/pico-sdk/src/rp2_common/hardware_irq/irq.c.obj
                0x10000710                irq_set_mask_enabled
 .text.irq_set_enabled
                0x10000730        0xe CMakeFiles/mw_3200_controller_pico.dir/C_/Program_Files/Raspberry_Pi/Pico_SDK_v1.5.1/pico-sdk/src/rp2_common/hardware_irq/irq.c.obj
                0x10000730                irq_set_enabled
 *fill*         0x1000073e        0x2 
 .text.irq_set_pending
                0x10000740       0x10 CMakeFiles/mw_3200_controller_pico.dir/C_/Program_Files/Raspberry_Pi/Pico_SDK_v1.5.1/pico-sdk/src/rp2_common/hardware_irq/irq.c.obj
                0x10000740                irq_set_pending
 .text.irq_get_vtable_handler
                0x10000750       0x10 CMakeFiles/mw_3200_controller_pico.dir/C_/Program_Files/Raspberry_Pi/Pico_SDK_v1.5.1/pico-sdk/src/rp2_common/hardware_irq/irq.c.obj
                0x10000750                irq_get_vtable_handler
 .text.irq_has_shared_handler
                0x10000760       0x24 CMakeFiles/mw_3200_controller_pico.dir/C_/Program_Files/Raspberry_Pi/Pico_SDK_v1.5.1/pico-sdk/src/rp2_common/hardware_irq/irq.c.obj
                0x10000760                irq_has_shared_handler
 .text.irq_set_exclusive_handler
                0x10000784       0x54 CMakeFiles/mw_3200_controller_pico.dir/C_/Program_Files/Raspberry_Pi/Pico_SDK_v1.5.1/pico-sdk/src/rp2_common/hardware_irq/irq.c.obj
                0x10000784                irq_set_exclusive_handler
 .text.irq_add_shared_handler
                0x100007d8      0x234 CMakeFiles/mw_3200_controller_pico.dir/C_/Program_Files/Raspberry_Pi/Pico_SDK_v1.5.1/pico-sdk/src/rp2_common/hardware_irq/irq.c.obj
                0x100007d8                irq_add_shared_handler
 .text.irq_remove_handler
                0x10000a0c      0x1ac CMakeFiles/mw_3200_controller_pico.dir/C_/Program_Files/Raspberry_Pi/Pico_SDK_v1.5.1/pico-sdk/src/rp2_common/hardware_irq/irq.c.obj
                0x10000a0c                irq_remove_handler
 .text.irq_set_priority
                0x10000bb8       0x28 CMakeFiles/mw_3200_controller_pico.dir/C_/Program_Files/Raspberry_Pi/Pico_SDK_v1.5.1/pico-sdk/src/rp2_common/hardware_irq/irq.c.obj
                0x10000bb8                irq_set_priority
 .text.irq_add_tail_to_free_list
                0x10000be0       0xf0 CMakeFiles/mw_3200_controller_pico.dir/C_/Program_Files/Raspberry_Pi/Pico_SDK_v1.5.1/pico-sdk/src/rp2_common/hardware_irq/irq.c.obj
                0x10000be0                irq_add_tail_to_free_list
 .text.irq_init_priorities
                0x10000cd0       0x1c CMakeFiles/mw_3200_controller_pico.dir/C_/Program_Files/Raspberry_Pi/Pico_SDK_v1.5.1/pico-sdk/src/rp2_common/hardware_irq/irq.c.obj
                0x10000cd0                irq_init_priorities
 .text.user_irq_unclaim
                0x10000cec       0x14 CMakeFiles/mw_3200_controller_pico.dir/C_/Program_Files/Raspberry_Pi/Pico_SDK_v1.5.1/pico-sdk/src/rp2_common/hardware_irq/irq.c.obj
                0x10000cec                user_irq_unclaim
 .text.user_irq_claim_unused
                0x10000d00       0x28 CMakeFiles/mw_3200_controller_pico.dir/C_/Program_Files/Raspberry_Pi/Pico_SDK_v1.5.1/pico-sdk/src/rp2_common/hardware_irq/irq.c.obj
                0x10000d00                user_irq_claim_unused
 .text.sem_init
                0x10000d28       0x1e CMakeFiles/mw_3200_controller_pico.dir/C_/Program_Files/Raspberry_Pi/Pico_SDK_v1.5.1/pico-sdk/src/common/pico_sync/sem.c.obj
                0x10000d28                sem_init
 *fill*         0x10000d46        0x2 
 .text.lock_init
                0x10000d48       0x10 CMakeFiles/mw_3200_controller_pico.dir/C_/Program_Files/Raspberry_Pi/Pico_SDK_v1.5.1/pico-sdk/src/common/pico_sync/lock_core.c.obj
                0x10000d48                lock_init
 .text.mutex_init
                0x10000d58       0x1a CMakeFiles/mw_3200_controller_pico.dir/C_/Program_Files/Raspberry_Pi/Pico_SDK_v1.5.1/pico-sdk/src/common/pico_sync/mutex.c.obj
                0x10000d58                mutex_init
 .text.recursive_mutex_init
                0x10000d72       0x1e CMakeFiles/mw_3200_controller_pico.dir/C_/Program_Files/Raspberry_Pi/Pico_SDK_v1.5.1/pico-sdk/src/common/pico_sync/mutex.c.obj
                0x10000d72                recursive_mutex_init
 .text.critical_section_init_with_lock_num
                0x10000d90       0x14 CMakeFiles/mw_3200_controller_pico.dir/C_/Program_Files/Raspberry_Pi/Pico_SDK_v1.5.1/pico-sdk/src/common/pico_sync/critical_section.c.obj
                0x10000d90                critical_section_init_with_lock_num
 .text.critical_section_init
                0x10000da4       0x14 CMakeFiles/mw_3200_controller_pico.dir/C_/Program_Files/Raspberry_Pi/Pico_SDK_v1.5.1/pico-sdk/src/common/pico_sync/critical_section.c.obj
                0x10000da4                critical_section_init
 .text.alarm_pool_post_alloc_init
                0x10000db8       0x40 CMakeFiles/mw_3200_controller_pico.dir/C_/Program_Files/Raspberry_Pi/Pico_SDK_v1.5.1/pico-sdk/src/common/pico_time/time.c.obj
 .text.sleep_until_callback
                0x10000df8       0x30 CMakeFiles/mw_3200_controller_pico.dir/C_/Program_Files/Raspberry_Pi/Pico_SDK_v1.5.1/pico-sdk/src/common/pico_time/time.c.obj
 .text.timer_pool_entry_comparator
                0x10000e28       0x7c CMakeFiles/mw_3200_controller_pico.dir/C_/Program_Files/Raspberry_Pi/Pico_SDK_v1.5.1/pico-sdk/src/common/pico_time/time.c.obj
                0x10000e28                timer_pool_entry_comparator
 .text.ph_add_child_node
                0x10000ea4       0xa4 CMakeFiles/mw_3200_controller_pico.dir/C_/Program_Files/Raspberry_Pi/Pico_SDK_v1.5.1/pico-sdk/src/common/pico_time/time.c.obj
 .text.ph_merge_nodes
                0x10000f48       0x3e CMakeFiles/mw_3200_controller_pico.dir/C_/Program_Files/Raspberry_Pi/Pico_SDK_v1.5.1/pico-sdk/src/common/pico_time/time.c.obj
 *fill*         0x10000f86        0x2 
 .text.add_alarm_under_lock
                0x10000f88      0x174 CMakeFiles/mw_3200_controller_pico.dir/C_/Program_Files/Raspberry_Pi/Pico_SDK_v1.5.1/pico-sdk/src/common/pico_time/time.c.obj
 .text.alarm_pool_alarm_callback
                0x100010fc      0x33c CMakeFiles/mw_3200_controller_pico.dir/C_/Program_Files/Raspberry_Pi/Pico_SDK_v1.5.1/pico-sdk/src/common/pico_time/time.c.obj
 .text.alarm_pool_init_default
                0x10001438       0x40 CMakeFiles/mw_3200_controller_pico.dir/C_/Program_Files/Raspberry_Pi/Pico_SDK_v1.5.1/pico-sdk/src/common/pico_time/time.c.obj
                0x10001438                alarm_pool_init_default
 .text.alarm_pool_get_default
                0x10001478       0x2c CMakeFiles/mw_3200_controller_pico.dir/C_/Program_Files/Raspberry_Pi/Pico_SDK_v1.5.1/pico-sdk/src/common/pico_time/time.c.obj
                0x10001478                alarm_pool_get_default
 .text.alarm_pool_add_alarm_at
                0x100014a4      0x168 CMakeFiles/mw_3200_controller_pico.dir/C_/Program_Files/Raspberry_Pi/Pico_SDK_v1.5.1/pico-sdk/src/common/pico_time/time.c.obj
                0x100014a4                alarm_pool_add_alarm_at
 .text.alarm_pool_cancel_alarm
                0x1000160c       0xf8 CMakeFiles/mw_3200_controller_pico.dir/C_/Program_Files/Raspberry_Pi/Pico_SDK_v1.5.1/pico-sdk/src/common/pico_time/time.c.obj
                0x1000160c                alarm_pool_cancel_alarm
 .text.alarm_pool_core_num
                0x10001704        0x4 CMakeFiles/mw_3200_controller_pico.dir/C_/Program_Files/Raspberry_Pi/Pico_SDK_v1.5.1/pico-sdk/src/common/pico_time/time.c.obj
                0x10001704                alarm_pool_core_num
 .text.sleep_until
                0x10001708       0xfc CMakeFiles/mw_3200_controller_pico.dir/C_/Program_Files/Raspberry_Pi/Pico_SDK_v1.5.1/pico-sdk/src/common/pico_time/time.c.obj
                0x10001708                sleep_until
 .text.sleep_us
                0x10001804       0x58 CMakeFiles/mw_3200_controller_pico.dir/C_/Program_Files/Raspberry_Pi/Pico_SDK_v1.5.1/pico-sdk/src/common/pico_time/time.c.obj
                0x10001804                sleep_us
 .text.sleep_ms
                0x1000185c       0x14 CMakeFiles/mw_3200_controller_pico.dir/C_/Program_Files/Raspberry_Pi/Pico_SDK_v1.5.1/pico-sdk/src/common/pico_time/time.c.obj
                0x1000185c                sleep_ms
 .text.best_effort_wfe_or_timeout
                0x10001870       0xac CMakeFiles/mw_3200_controller_pico.dir/C_/Program_Files/Raspberry_Pi/Pico_SDK_v1.5.1/pico-sdk/src/common/pico_time/time.c.obj
                0x10001870                best_effort_wfe_or_timeout
 .text.hardware_alarm_irq_handler
                0x1000191c       0x90 CMakeFiles/mw_3200_controller_pico.dir/C_/Program_Files/Raspberry_Pi/Pico_SDK_v1.5.1/pico-sdk/src/rp2_common/hardware_timer/timer.c.obj
 .text.hardware_alarm_claim
                0x100019ac       0x18 CMakeFiles/mw_3200_controller_pico.dir/C_/Program_Files/Raspberry_Pi/Pico_SDK_v1.5.1/pico-sdk/src/rp2_common/hardware_timer/timer.c.obj
                0x100019ac                hardware_alarm_claim
 .text.time_us_64
                0x100019c4       0x18 CMakeFiles/mw_3200_controller_pico.dir/C_/Program_Files/Raspberry_Pi/Pico_SDK_v1.5.1/pico-sdk/src/rp2_common/hardware_timer/timer.c.obj
                0x100019c4                time_us_64
 .text.busy_wait_until
                0x100019dc       0x28 CMakeFiles/mw_3200_controller_pico.dir/C_/Program_Files/Raspberry_Pi/Pico_SDK_v1.5.1/pico-sdk/src/rp2_common/hardware_timer/timer.c.obj
                0x100019dc                busy_wait_until
 .text.hardware_alarm_set_callback
                0x10001a04       0x90 CMakeFiles/mw_3200_controller_pico.dir/C_/Program_Files/Raspberry_Pi/Pico_SDK_v1.5.1/pico-sdk/src/rp2_common/hardware_timer/timer.c.obj
                0x10001a04                hardware_alarm_set_callback
 .text.hardware_alarm_set_target
                0x10001a94       0xe8 CMakeFiles/mw_3200_controller_pico.dir/C_/Program_Files/Raspberry_Pi/Pico_SDK_v1.5.1/pico-sdk/src/rp2_common/hardware_timer/timer.c.obj
                0x10001a94                hardware_alarm_set_target
 .text.hardware_alarm_cancel
                0x10001b7c       0x40 CMakeFiles/mw_3200_controller_pico.dir/C_/Program_Files/Raspberry_Pi/Pico_SDK_v1.5.1/pico-sdk/src/rp2_common/hardware_timer/timer.c.obj
                0x10001b7c                hardware_alarm_cancel
 .text.ph_add_child_node
                0x10001bbc       0xa4 CMakeFiles/mw_3200_controller_pico.dir/C_/Program_Files/Raspberry_Pi/Pico_SDK_v1.5.1/pico-sdk/src/common/pico_util/pheap.c.obj
 .text.ph_merge_nodes
                0x10001c60       0x3e CMakeFiles/mw_3200_controller_pico.dir/C_/Program_Files/Raspberry_Pi/Pico_SDK_v1.5.1/pico-sdk/src/common/pico_util/pheap.c.obj
 *fill*         0x10001c9e        0x2 
 .text.ph_clear
                0x10001ca0       0x70 CMakeFiles/mw_3200_controller_pico.dir/C_/Program_Files/Raspberry_Pi/Pico_SDK_v1.5.1/pico-sdk/src/common/pico_util/pheap.c.obj
                0x10001ca0                ph_clear
 .text.ph_post_alloc_init
                0x10001d10        0xe CMakeFiles/mw_3200_controller_pico.dir/C_/Program_Files/Raspberry_Pi/Pico_SDK_v1.5.1/pico-sdk/src/common/pico_util/pheap.c.obj
                0x10001d10                ph_post_alloc_init
 *fill*         0x10001d1e        0x2 
 .text.ph_merge_two_pass
                0x10001d20       0xa8 CMakeFiles/mw_3200_controller_pico.dir/C_/Program_Files/Raspberry_Pi/Pico_SDK_v1.5.1/pico-sdk/src/common/pico_util/pheap.c.obj
                0x10001d20                ph_merge_two_pass
 .text.ph_remove_any_head
                0x10001dc8      0x128 CMakeFiles/mw_3200_controller_pico.dir/C_/Program_Files/Raspberry_Pi/Pico_SDK_v1.5.1/pico-sdk/src/common/pico_util/pheap.c.obj
 .text.ph_remove_head
                0x10001ef0       0x14 CMakeFiles/mw_3200_controller_pico.dir/C_/Program_Files/Raspberry_Pi/Pico_SDK_v1.5.1/pico-sdk/src/common/pico_util/pheap.c.obj
                0x10001ef0                ph_remove_head
 .text.ph_remove_and_free_node
                0x10001f04       0xf8 CMakeFiles/mw_3200_controller_pico.dir/C_/Program_Files/Raspberry_Pi/Pico_SDK_v1.5.1/pico-sdk/src/common/pico_util/pheap.c.obj
                0x10001f04                ph_remove_and_free_node
 .text.clock_configure
                0x10001ffc      0x108 CMakeFiles/mw_3200_controller_pico.dir/C_/Program_Files/Raspberry_Pi/Pico_SDK_v1.5.1/pico-sdk/src/rp2_common/hardware_clocks/clocks.c.obj
                0x10001ffc                clock_configure
 .text.clocks_init
                0x10002104      0x100 CMakeFiles/mw_3200_controller_pico.dir/C_/Program_Files/Raspberry_Pi/Pico_SDK_v1.5.1/pico-sdk/src/rp2_common/hardware_clocks/clocks.c.obj
                0x10002104                clocks_init
 .text.clock_get_hz
                0x10002204        0xc CMakeFiles/mw_3200_controller_pico.dir/C_/Program_Files/Raspberry_Pi/Pico_SDK_v1.5.1/pico-sdk/src/rp2_common/hardware_clocks/clocks.c.obj
                0x10002204                clock_get_hz
 .text.pll_init
                0x10002210      0x120 CMakeFiles/mw_3200_controller_pico.dir/C_/Program_Files/Raspberry_Pi/Pico_SDK_v1.5.1/pico-sdk/src/rp2_common/hardware_pll/pll.c.obj
                0x10002210                pll_init
 .text.watchdog_start_tick
                0x10002330       0x10 CMakeFiles/mw_3200_controller_pico.dir/C_/Program_Files/Raspberry_Pi/Pico_SDK_v1.5.1/pico-sdk/src/rp2_common/hardware_watchdog/watchdog.c.obj
                0x10002330                watchdog_start_tick
 .text.watchdog_update
                0x10002340       0x14 CMakeFiles/mw_3200_controller_pico.dir/C_/Program_Files/Raspberry_Pi/Pico_SDK_v1.5.1/pico-sdk/src/rp2_common/hardware_watchdog/watchdog.c.obj
                0x10002340                watchdog_update
 .text._watchdog_enable
                0x10002354       0x78 CMakeFiles/mw_3200_controller_pico.dir/C_/Program_Files/Raspberry_Pi/Pico_SDK_v1.5.1/pico-sdk/src/rp2_common/hardware_watchdog/watchdog.c.obj
                0x10002354                _watchdog_enable
 .text.watchdog_reboot
                0x100023cc       0x48 CMakeFiles/mw_3200_controller_pico.dir/C_/Program_Files/Raspberry_Pi/Pico_SDK_v1.5.1/pico-sdk/src/rp2_common/hardware_watchdog/watchdog.c.obj
                0x100023cc                watchdog_reboot
 .text.xosc_init
                0x10002414       0x28 CMakeFiles/mw_3200_controller_pico.dir/C_/Program_Files/Raspberry_Pi/Pico_SDK_v1.5.1/pico-sdk/src/rp2_common/hardware_xosc/xosc.c.obj
                0x10002414                xosc_init
 .text._exit    0x1000243c        0x4 CMakeFiles/mw_3200_controller_pico.dir/C_/Program_Files/Raspberry_Pi/Pico_SDK_v1.5.1/pico-sdk/src/rp2_common/pico_runtime/runtime.c.obj
                0x1000243c                _exit
 .text.exit     0x10002440        0x6 CMakeFiles/mw_3200_controller_pico.dir/C_/Program_Files/Raspberry_Pi/Pico_SDK_v1.5.1/pico-sdk/src/rp2_common/pico_runtime/runtime.c.obj
                0x10002440                exit
 *fill*         0x10002446        0x2 
 .text.__assert_func
                0x10002448       0x3c CMakeFiles/mw_3200_controller_pico.dir/C_/Program_Files/Raspberry_Pi/Pico_SDK_v1.5.1/pico-sdk/src/rp2_common/pico_runtime/runtime.c.obj
                0x10002448                __assert_func
 .text.runtime_init
                0x10002484       0xf8 CMakeFiles/mw_3200_controller_pico.dir/C_/Program_Files/Raspberry_Pi/Pico_SDK_v1.5.1/pico-sdk/src/rp2_common/pico_runtime/runtime.c.obj
                0x10002484                runtime_init
 .text.panic    0x1000257c       0x30 CMakeFiles/mw_3200_controller_pico.dir/C_/Program_Files/Raspberry_Pi/Pico_SDK_v1.5.1/pico-sdk/src/rp2_common/pico_runtime/runtime.c.obj
                0x1000257c                panic
 .text.panic_unsupported
                0x100025ac        0xc CMakeFiles/mw_3200_controller_pico.dir/C_/Program_Files/Raspberry_Pi/Pico_SDK_v1.5.1/pico-sdk/src/rp2_common/pico_runtime/runtime.c.obj
                0x100025ac                panic_unsupported
 .text._out_null
                0x100025b8        0x2 CMakeFiles/mw_3200_controller_pico.dir/C_/Program_Files/Raspberry_Pi/Pico_SDK_v1.5.1/pico-sdk/src/rp2_common/pico_printf/printf.c.obj
 .text._out_fct
                0x100025ba        0xe CMakeFiles/mw_3200_controller_pico.dir/C_/Program_Files/Raspberry_Pi/Pico_SDK_v1.5.1/pico-sdk/src/rp2_common/pico_printf/printf.c.obj
 .text._atoi    0x100025c8       0x24 CMakeFiles/mw_3200_controller_pico.dir/C_/Program_Files/Raspberry_Pi/Pico_SDK_v1.5.1/pico-sdk/src/rp2_common/pico_printf/printf.c.obj
 .text._out_rev
                0x100025ec       0xae CMakeFiles/mw_3200_controller_pico.dir/C_/Program_Files/Raspberry_Pi/Pico_SDK_v1.5.1/pico-sdk/src/rp2_common/pico_printf/printf.c.obj
 .text._ntoa_format
                0x1000269a      0x112 CMakeFiles/mw_3200_controller_pico.dir/C_/Program_Files/Raspberry_Pi/Pico_SDK_v1.5.1/pico-sdk/src/rp2_common/pico_printf/printf.c.obj
 .text._ntoa_long
                0x100027ac       0xbc CMakeFiles/mw_3200_controller_pico.dir/C_/Program_Files/Raspberry_Pi/Pico_SDK_v1.5.1/pico-sdk/src/rp2_common/pico_printf/printf.c.obj
 .text._ntoa_long_long
                0x10002868       0xe2 CMakeFiles/mw_3200_controller_pico.dir/C_/Program_Files/Raspberry_Pi/Pico_SDK_v1.5.1/pico-sdk/src/rp2_common/pico_printf/printf.c.obj
 *fill*         0x1000294a        0x2 
 .text._etoa    0x1000294c      0x414 CMakeFiles/mw_3200_controller_pico.dir/C_/Program_Files/Raspberry_Pi/Pico_SDK_v1.5.1/pico-sdk/src/rp2_common/pico_printf/printf.c.obj
 .text._ftoa    0x10002d60      0x354 CMakeFiles/mw_3200_controller_pico.dir/C_/Program_Files/Raspberry_Pi/Pico_SDK_v1.5.1/pico-sdk/src/rp2_common/pico_printf/printf.c.obj
 .text._vsnprintf
                0x100030b4      0x624 CMakeFiles/mw_3200_controller_pico.dir/C_/Program_Files/Raspberry_Pi/Pico_SDK_v1.5.1/pico-sdk/src/rp2_common/pico_printf/printf.c.obj
 .text.vfctprintf
                0x100036d8       0x20 CMakeFiles/mw_3200_controller_pico.dir/C_/Program_Files/Raspberry_Pi/Pico_SDK_v1.5.1/pico-sdk/src/rp2_common/pico_printf/printf.c.obj
                0x100036d8                vfctprintf
 .text          0x100036f8       0x10 CMakeFiles/mw_3200_controller_pico.dir/C_/Program_Files/Raspberry_Pi/Pico_SDK_v1.5.1/pico-sdk/src/rp2_common/pico_bit_ops/bit_ops_aeabi.S.obj
 .text.ctzsi    0x10003708        0xc CMakeFiles/mw_3200_controller_pico.dir/C_/Program_Files/Raspberry_Pi/Pico_SDK_v1.5.1/pico-sdk/src/rp2_common/pico_bit_ops/bit_ops_aeabi.S.obj
                0x10003708                __wrap___ctzsi2
 .text.rom_func_lookup
                0x10003714       0x10 CMakeFiles/mw_3200_controller_pico.dir/C_/Program_Files/Raspberry_Pi/Pico_SDK_v1.5.1/pico-sdk/src/rp2_common/pico_bootrom/bootrom.c.obj
                0x10003714                rom_func_lookup
 .text.rom_data_lookup
                0x10003724       0x10 CMakeFiles/mw_3200_controller_pico.dir/C_/Program_Files/Raspberry_Pi/Pico_SDK_v1.5.1/pico-sdk/src/rp2_common/pico_bootrom/bootrom.c.obj
                0x10003724                rom_data_lookup
 .text.rom_funcs_lookup
                0x10003734       0x36 CMakeFiles/mw_3200_controller_pico.dir/C_/Program_Files/Raspberry_Pi/Pico_SDK_v1.5.1/pico-sdk/src/rp2_common/pico_bootrom/bootrom.c.obj
                0x10003734                rom_funcs_lookup
 *fill*         0x1000376a        0x2 
 .text.__wrap___aeabi_idiv
                0x1000376c       0x50 CMakeFiles/mw_3200_controller_pico.dir/C_/Program_Files/Raspberry_Pi/Pico_SDK_v1.5.1/pico-sdk/src/rp2_common/pico_divider/divider.S.obj
                0x1000376c                __wrap___aeabi_idivmod
                0x1000376c                divmod_s32s32
                0x1000376c                div_s32s32
                0x1000376c                __wrap___aeabi_idiv
                0x10003774                divmod_s32s32_unsafe
                0x100037a0                divmod_s32s32_savestate
 .text.__wrap___aeabi_uidiv
                0x100037bc       0x4c CMakeFiles/mw_3200_controller_pico.dir/C_/Program_Files/Raspberry_Pi/Pico_SDK_v1.5.1/pico-sdk/src/rp2_common/pico_divider/divider.S.obj
                0x100037bc                __wrap___aeabi_uidiv
                0x100037bc                __wrap___aeabi_uidivmod
                0x100037bc                div_u32u32
                0x100037bc                divmod_u32u32
                0x100037c4                divmod_u32u32_unsafe
                0x100037ec                divmod_u32u32_savestate
 .text.__wrap___aeabi_ldiv
                0x10003808      0x424 CMakeFiles/mw_3200_controller_pico.dir/C_/Program_Files/Raspberry_Pi/Pico_SDK_v1.5.1/pico-sdk/src/rp2_common/pico_divider/divider.S.obj
                0x10003808                div_s64s64
                0x10003808                divmod_s64s64
                0x10003808                __wrap___aeabi_ldivmod
                0x10003838                divmod_u64u64
                0x10003838                div_u64u64
                0x10003838                __wrap___aeabi_uldivmod
                0x10003848                divmod_u64u64_savestate
                0x10003868                divmod_s64s64_unsafe
                0x100038f0                divmod_u64u64_unsafe
 .text.__wrap___aeabi_darithmetic
                0x10003c2c       0x60 CMakeFiles/mw_3200_controller_pico.dir/C_/Program_Files/Raspberry_Pi/Pico_SDK_v1.5.1/pico-sdk/src/rp2_common/pico_double/double_aeabi.S.obj
                0x10003c2c                __wrap___aeabi_drsub
                0x10003c32                __wrap___aeabi_dsub
                0x10003c3c                __wrap___aeabi_dadd
                0x10003c46                __wrap___aeabi_ddiv
                0x10003c7a                __wrap___aeabi_dmul
 .text.__wrap___aeabi_cdcmple
                0x10003c8c       0x6c CMakeFiles/mw_3200_controller_pico.dir/C_/Program_Files/Raspberry_Pi/Pico_SDK_v1.5.1/pico-sdk/src/rp2_common/pico_double/double_aeabi.S.obj
                0x10003c8c                __wrap___aeabi_cdrcmple
                0x10003c9c                __wrap___aeabi_cdcmpeq
                0x10003c9c                __wrap___aeabi_cdcmple
 .text.__wrap___aeabi_dcmplt
                0x10003cf8        0xc CMakeFiles/mw_3200_controller_pico.dir/C_/Program_Files/Raspberry_Pi/Pico_SDK_v1.5.1/pico-sdk/src/rp2_common/pico_double/double_aeabi.S.obj
                0x10003cf8                __wrap___aeabi_dcmplt
 .text.__wrap___aeabi_dcmple
                0x10003d04       0x10 CMakeFiles/mw_3200_controller_pico.dir/C_/Program_Files/Raspberry_Pi/Pico_SDK_v1.5.1/pico-sdk/src/rp2_common/pico_double/double_aeabi.S.obj
                0x10003d04                __wrap___aeabi_dcmple
 .text.__wrap___aeabi_dcmpge
                0x10003d14       0x10 CMakeFiles/mw_3200_controller_pico.dir/C_/Program_Files/Raspberry_Pi/Pico_SDK_v1.5.1/pico-sdk/src/rp2_common/pico_double/double_aeabi.S.obj
                0x10003d14                __wrap___aeabi_dcmpge
 .text.__wrap___aeabi_dcmpgt
                0x10003d24        0xa CMakeFiles/mw_3200_controller_pico.dir/C_/Program_Files/Raspberry_Pi/Pico_SDK_v1.5.1/pico-sdk/src/rp2_common/pico_double/double_aeabi.S.obj
                0x10003d24                __wrap___aeabi_dcmpgt
 .text.__wrap___aeabi_dcmpun
                0x10003d2e       0x1c CMakeFiles/mw_3200_controller_pico.dir/C_/Program_Files/Raspberry_Pi/Pico_SDK_v1.5.1/pico-sdk/src/rp2_common/pico_double/double_aeabi.S.obj
                0x10003d2e                __wrap___aeabi_dcmpun
 *fill*         0x10003d4a        0x2 
 .text.__wrap___aeabi_i2d
                0x10003d4c       0x38 CMakeFiles/mw_3200_controller_pico.dir/C_/Program_Files/Raspberry_Pi/Pico_SDK_v1.5.1/pico-sdk/src/rp2_common/pico_double/double_aeabi.S.obj
                0x10003d4c                __wrap___aeabi_ui2d
                0x10003d54                __wrap___aeabi_i2d
 .text.__wrap___aeabi_d2iz
                0x10003d84       0x48 CMakeFiles/mw_3200_controller_pico.dir/C_/Program_Files/Raspberry_Pi/Pico_SDK_v1.5.1/pico-sdk/src/rp2_common/pico_double/double_aeabi.S.obj
                0x10003d84                double2int_z
                0x10003d84                __wrap___aeabi_d2iz
 .text.__wrap___aeabi_d2uiz
                0x10003dcc       0x10 CMakeFiles/mw_3200_controller_pico.dir/C_/Program_Files/Raspberry_Pi/Pico_SDK_v1.5.1/pico-sdk/src/rp2_common/pico_double/double_aeabi.S.obj
                0x10003dcc                __wrap___aeabi_d2uiz
                0x10003dcc                double2uint
 .text.missing_double_func_shim
                0x10003ddc        0xc CMakeFiles/mw_3200_controller_pico.dir/C_/Program_Files/Raspberry_Pi/Pico_SDK_v1.5.1/pico-sdk/src/rp2_common/pico_double/double_init_rom.c.obj
 .text.__aeabi_double_init
                0x10003de8       0xcc CMakeFiles/mw_3200_controller_pico.dir/C_/Program_Files/Raspberry_Pi/Pico_SDK_v1.5.1/pico-sdk/src/rp2_common/pico_double/double_init_rom.c.obj
                0x10003de8                __aeabi_double_init
 .text.double_table_shim_on_use_helper
                0x10003eb4       0x34 CMakeFiles/mw_3200_controller_pico.dir/C_/Program_Files/Raspberry_Pi/Pico_SDK_v1.5.1/pico-sdk/src/rp2_common/pico_double/double_v1_rom_shim.S.obj
                0x10003eb4                double_table_shim_on_use_helper
 .text.__aeabi_lmul
                0x10003ee8       0x32 CMakeFiles/mw_3200_controller_pico.dir/C_/Program_Files/Raspberry_Pi/Pico_SDK_v1.5.1/pico-sdk/src/rp2_common/pico_int64_ops/pico_int64_ops_aeabi.S.obj
                0x10003ee8                __wrap___aeabi_lmul
 *fill*         0x10003f1a        0x2 
 .text.missing_float_func_shim
                0x10003f1c        0xc CMakeFiles/mw_3200_controller_pico.dir/C_/Program_Files/Raspberry_Pi/Pico_SDK_v1.5.1/pico-sdk/src/rp2_common/pico_float/float_init_rom.c.obj
 .text.__aeabi_float_init
                0x10003f28       0x88 CMakeFiles/mw_3200_controller_pico.dir/C_/Program_Files/Raspberry_Pi/Pico_SDK_v1.5.1/pico-sdk/src/rp2_common/pico_float/float_init_rom.c.obj
                0x10003f28                __aeabi_float_init
 .text          0x10003fb0       0x10 CMakeFiles/mw_3200_controller_pico.dir/C_/Program_Files/Raspberry_Pi/Pico_SDK_v1.5.1/pico-sdk/src/rp2_common/pico_mem_ops/mem_ops_aeabi.S.obj
                0x10003fb0                __aeabi_mem_init
 .text.memset   0x10003fc0        0xc CMakeFiles/mw_3200_controller_pico.dir/C_/Program_Files/Raspberry_Pi/Pico_SDK_v1.5.1/pico-sdk/src/rp2_common/pico_mem_ops/mem_ops_aeabi.S.obj
                0x10003fc0                __wrap_memset
 .text.memcpy   0x10003fcc        0xc CMakeFiles/mw_3200_controller_pico.dir/C_/Program_Files/Raspberry_Pi/Pico_SDK_v1.5.1/pico-sdk/src/rp2_common/pico_mem_ops/mem_ops_aeabi.S.obj
                0x10003fcc                __wrap_memcpy
                0x10003fcc                __wrap___aeabi_memcpy
 .text.stdio_out_chars_no_crlf
                0x10003fd8        0xe CMakeFiles/mw_3200_controller_pico.dir/C_/Program_Files/Raspberry_Pi/Pico_SDK_v1.5.1/pico-sdk/src/rp2_common/pico_stdio/stdio.c.obj
 *fill*         0x10003fe6        0x2 
 .text.stdio_out_chars_crlf
                0x10003fe8       0x80 CMakeFiles/mw_3200_controller_pico.dir/C_/Program_Files/Raspberry_Pi/Pico_SDK_v1.5.1/pico-sdk/src/rp2_common/pico_stdio/stdio.c.obj
 .text.stdio_stack_buffer_flush
                0x10004068       0x44 CMakeFiles/mw_3200_controller_pico.dir/C_/Program_Files/Raspberry_Pi/Pico_SDK_v1.5.1/pico-sdk/src/rp2_common/pico_stdio/stdio.c.obj
 .text.stdio_buffered_printer
                0x100040ac       0x20 CMakeFiles/mw_3200_controller_pico.dir/C_/Program_Files/Raspberry_Pi/Pico_SDK_v1.5.1/pico-sdk/src/rp2_common/pico_stdio/stdio.c.obj
 .text.stdout_serialize_begin
                0x100040cc       0x5c CMakeFiles/mw_3200_controller_pico.dir/C_/Program_Files/Raspberry_Pi/Pico_SDK_v1.5.1/pico-sdk/src/rp2_common/pico_stdio/stdio.c.obj
                0x100040cc                stdout_serialize_begin
 .text.stdout_serialize_end
                0x10004128       0x10 CMakeFiles/mw_3200_controller_pico.dir/C_/Program_Files/Raspberry_Pi/Pico_SDK_v1.5.1/pico-sdk/src/rp2_common/pico_stdio/stdio.c.obj
                0x10004128                stdout_serialize_end
 .text.stdio_put_string
                0x10004138       0x98 CMakeFiles/mw_3200_controller_pico.dir/C_/Program_Files/Raspberry_Pi/Pico_SDK_v1.5.1/pico-sdk/src/rp2_common/pico_stdio/stdio.c.obj
 .text.stdio_set_driver_enabled
                0x100041d0       0x2c CMakeFiles/mw_3200_controller_pico.dir/C_/Program_Files/Raspberry_Pi/Pico_SDK_v1.5.1/pico-sdk/src/rp2_common/pico_stdio/stdio.c.obj
                0x100041d0                stdio_set_driver_enabled
 .text.stdio_flush
                0x100041fc       0x20 CMakeFiles/mw_3200_controller_pico.dir/C_/Program_Files/Raspberry_Pi/Pico_SDK_v1.5.1/pico-sdk/src/rp2_common/pico_stdio/stdio.c.obj
                0x100041fc                stdio_flush
 .text.__wrap_puts
                0x1000421c       0x1e CMakeFiles/mw_3200_controller_pico.dir/C_/Program_Files/Raspberry_Pi/Pico_SDK_v1.5.1/pico-sdk/src/rp2_common/pico_stdio/stdio.c.obj
                0x1000421c                __wrap_puts
 *fill*         0x1000423a        0x2 
 .text.__wrap_vprintf
                0x1000423c       0x40 CMakeFiles/mw_3200_controller_pico.dir/C_/Program_Files/Raspberry_Pi/Pico_SDK_v1.5.1/pico-sdk/src/rp2_common/pico_stdio/stdio.c.obj
                0x1000423c                __wrap_vprintf
 .text.__wrap_printf
                0x1000427c       0x18 CMakeFiles/mw_3200_controller_pico.dir/C_/Program_Files/Raspberry_Pi/Pico_SDK_v1.5.1/pico-sdk/src/rp2_common/pico_stdio/stdio.c.obj
                0x1000427c                __wrap_printf
 .text.stdio_init_all
                0x10004294        0x8 CMakeFiles/mw_3200_controller_pico.dir/C_/Program_Files/Raspberry_Pi/Pico_SDK_v1.5.1/pico-sdk/src/rp2_common/pico_stdio/stdio.c.obj
                0x10004294                stdio_init_all
 .text.resetd_init
                0x1000429c        0x2 CMakeFiles/mw_3200_controller_pico.dir/C_/Program_Files/Raspberry_Pi/Pico_SDK_v1.5.1/pico-sdk/src/rp2_common/pico_stdio_usb/reset_interface.c.obj
 *fill*         0x1000429e        0x2 
 .text.resetd_reset
                0x100042a0        0xc CMakeFiles/mw_3200_controller_pico.dir/C_/Program_Files/Raspberry_Pi/Pico_SDK_v1.5.1/pico-sdk/src/rp2_common/pico_stdio_usb/reset_interface.c.obj
 .text.resetd_open
                0x100042ac       0x34 CMakeFiles/mw_3200_controller_pico.dir/C_/Program_Files/Raspberry_Pi/Pico_SDK_v1.5.1/pico-sdk/src/rp2_common/pico_stdio_usb/reset_interface.c.obj
 .text.resetd_xfer_cb
                0x100042e0        0x4 CMakeFiles/mw_3200_controller_pico.dir/C_/Program_Files/Raspberry_Pi/Pico_SDK_v1.5.1/pico-sdk/src/rp2_common/pico_stdio_usb/reset_interface.c.obj
 .text.reset_usb_boot
                0x100042e4       0x18 CMakeFiles/mw_3200_controller_pico.dir/C_/Program_Files/Raspberry_Pi/Pico_SDK_v1.5.1/pico-sdk/src/rp2_common/pico_stdio_usb/reset_interface.c.obj
 .text.resetd_control_xfer_cb
                0x100042fc       0x5c CMakeFiles/mw_3200_controller_pico.dir/C_/Program_Files/Raspberry_Pi/Pico_SDK_v1.5.1/pico-sdk/src/rp2_common/pico_stdio_usb/reset_interface.c.obj
 .text.usbd_app_driver_get_cb
                0x10004358        0xc CMakeFiles/mw_3200_controller_pico.dir/C_/Program_Files/Raspberry_Pi/Pico_SDK_v1.5.1/pico-sdk/src/rp2_common/pico_stdio_usb/reset_interface.c.obj
                0x10004358                usbd_app_driver_get_cb
 .text.tud_cdc_line_coding_cb
                0x10004364       0x28 CMakeFiles/mw_3200_controller_pico.dir/C_/Program_Files/Raspberry_Pi/Pico_SDK_v1.5.1/pico-sdk/src/rp2_common/pico_stdio_usb/reset_interface.c.obj
                0x10004364                tud_cdc_line_coding_cb
 .text.stdio_usb_set_chars_available_callback
                0x1000438c       0x14 CMakeFiles/mw_3200_controller_pico.dir/C_/Program_Files/Raspberry_Pi/Pico_SDK_v1.5.1/pico-sdk/src/rp2_common/pico_stdio_usb/stdio_usb.c.obj
                0x1000438c                stdio_usb_set_chars_available_callback
 .text.usb_irq  0x100043a0       0x10 CMakeFiles/mw_3200_controller_pico.dir/C_/Program_Files/Raspberry_Pi/Pico_SDK_v1.5.1/pico-sdk/src/rp2_common/pico_stdio_usb/stdio_usb.c.obj
 .text.timer_task
                0x100043b0       0x5c CMakeFiles/mw_3200_controller_pico.dir/C_/Program_Files/Raspberry_Pi/Pico_SDK_v1.5.1/pico-sdk/src/rp2_common/pico_stdio_usb/stdio_usb.c.obj
 .text.low_priority_worker_irq
                0x1000440c       0xdc CMakeFiles/mw_3200_controller_pico.dir/C_/Program_Files/Raspberry_Pi/Pico_SDK_v1.5.1/pico-sdk/src/rp2_common/pico_stdio_usb/stdio_usb.c.obj
 .text.tud_cdc_rx_cb
                0x100044e8       0x20 CMakeFiles/mw_3200_controller_pico.dir/C_/Program_Files/Raspberry_Pi/Pico_SDK_v1.5.1/pico-sdk/src/rp2_common/pico_stdio_usb/stdio_usb.c.obj
                0x100044e8                tud_cdc_rx_cb
 .text.stdio_usb_init
                0x10004508      0x11c CMakeFiles/mw_3200_controller_pico.dir/C_/Program_Files/Raspberry_Pi/Pico_SDK_v1.5.1/pico-sdk/src/rp2_common/pico_stdio_usb/stdio_usb.c.obj
                0x10004508                stdio_usb_init
 .text.stdio_usb_connected
                0x10004624        0xa CMakeFiles/mw_3200_controller_pico.dir/C_/Program_Files/Raspberry_Pi/Pico_SDK_v1.5.1/pico-sdk/src/rp2_common/pico_stdio_usb/stdio_usb.c.obj
                0x10004624                stdio_usb_connected
 *fill*         0x1000462e        0x2 
 .text.stdio_usb_in_chars
                0x10004630       0xc4 CMakeFiles/mw_3200_controller_pico.dir/C_/Program_Files/Raspberry_Pi/Pico_SDK_v1.5.1/pico-sdk/src/rp2_common/pico_stdio_usb/stdio_usb.c.obj
                0x10004630                stdio_usb_in_chars
 .text.stdio_usb_out_chars
                0x100046f4      0x114 CMakeFiles/mw_3200_controller_pico.dir/C_/Program_Files/Raspberry_Pi/Pico_SDK_v1.5.1/pico-sdk/src/rp2_common/pico_stdio_usb/stdio_usb.c.obj
 .text.tud_descriptor_device_cb
                0x10004808        0x8 CMakeFiles/mw_3200_controller_pico.dir/C_/Program_Files/Raspberry_Pi/Pico_SDK_v1.5.1/pico-sdk/src/rp2_common/pico_stdio_usb/stdio_usb_descriptors.c.obj
                0x10004808                tud_descriptor_device_cb
 .text.tud_descriptor_configuration_cb
                0x10004810        0x8 CMakeFiles/mw_3200_controller_pico.dir/C_/Program_Files/Raspberry_Pi/Pico_SDK_v1.5.1/pico-sdk/src/rp2_common/pico_stdio_usb/stdio_usb_descriptors.c.obj
                0x10004810                tud_descriptor_configuration_cb
 .text.tud_descriptor_string_cb
                0x10004818       0x6c CMakeFiles/mw_3200_controller_pico.dir/C_/Program_Files/Raspberry_Pi/Pico_SDK_v1.5.1/pico-sdk/src/rp2_common/pico_stdio_usb/stdio_usb_descriptors.c.obj
                0x10004818                tud_descriptor_string_cb
 .text._retrieve_unique_id_on_boot
                0x10004884       0x10 CMakeFiles/mw_3200_controller_pico.dir/C_/Program_Files/Raspberry_Pi/Pico_SDK_v1.5.1/pico-sdk/src/rp2_common/pico_unique_id/unique_id.c.obj
 .text.pico_get_unique_board_id
                0x10004894       0x10 CMakeFiles/mw_3200_controller_pico.dir/C_/Program_Files/Raspberry_Pi/Pico_SDK_v1.5.1/pico-sdk/src/rp2_common/pico_unique_id/unique_id.c.obj
                0x10004894                pico_get_unique_board_id
 .text.pico_get_unique_board_id_string
                0x100048a4       0x60 CMakeFiles/mw_3200_controller_pico.dir/C_/Program_Files/Raspberry_Pi/Pico_SDK_v1.5.1/pico-sdk/src/rp2_common/pico_unique_id/unique_id.c.obj
                0x100048a4                pico_get_unique_board_id_string
 .text.flash_get_unique_id
                0x10004904       0x46 CMakeFiles/mw_3200_controller_pico.dir/C_/Program_Files/Raspberry_Pi/Pico_SDK_v1.5.1/pico-sdk/src/rp2_common/hardware_flash/flash.c.obj
                0x10004904                flash_get_unique_id
 *fill*         0x1000494a        0x2 
 .text.hw_endpoint_get_by_addr
                0x1000494c       0x18 CMakeFiles/mw_3200_controller_pico.dir/C_/Program_Files/Raspberry_Pi/Pico_SDK_v1.5.1/pico-sdk/lib/tinyusb/src/portable/raspberrypi/rp2040/dcd_rp2040.c.obj
 .text._hw_endpoint_alloc
                0x10004964       0x70 CMakeFiles/mw_3200_controller_pico.dir/C_/Program_Files/Raspberry_Pi/Pico_SDK_v1.5.1/pico-sdk/lib/tinyusb/src/portable/raspberrypi/rp2040/dcd_rp2040.c.obj
 .text.hw_endpoint_init
                0x100049d4       0x88 CMakeFiles/mw_3200_controller_pico.dir/C_/Program_Files/Raspberry_Pi/Pico_SDK_v1.5.1/pico-sdk/lib/tinyusb/src/portable/raspberrypi/rp2040/dcd_rp2040.c.obj
 .text.hw_endpoint_xfer
                0x10004a5c       0x14 CMakeFiles/mw_3200_controller_pico.dir/C_/Program_Files/Raspberry_Pi/Pico_SDK_v1.5.1/pico-sdk/lib/tinyusb/src/portable/raspberrypi/rp2040/dcd_rp2040.c.obj
 .text.dcd_int_enable
                0x10004a70       0x2c CMakeFiles/mw_3200_controller_pico.dir/C_/Program_Files/Raspberry_Pi/Pico_SDK_v1.5.1/pico-sdk/lib/tinyusb/src/portable/raspberrypi/rp2040/dcd_rp2040.c.obj
                0x10004a70                dcd_int_enable
 .text.dcd_set_address
                0x10004a9c       0x2c CMakeFiles/mw_3200_controller_pico.dir/C_/Program_Files/Raspberry_Pi/Pico_SDK_v1.5.1/pico-sdk/lib/tinyusb/src/portable/raspberrypi/rp2040/dcd_rp2040.c.obj
                0x10004a9c                dcd_set_address
 .text.dcd_connect
                0x10004ac8       0x10 CMakeFiles/mw_3200_controller_pico.dir/C_/Program_Files/Raspberry_Pi/Pico_SDK_v1.5.1/pico-sdk/lib/tinyusb/src/portable/raspberrypi/rp2040/dcd_rp2040.c.obj
                0x10004ac8                dcd_connect
 .text.dcd_init
                0x10004ad8       0x80 CMakeFiles/mw_3200_controller_pico.dir/C_/Program_Files/Raspberry_Pi/Pico_SDK_v1.5.1/pico-sdk/lib/tinyusb/src/portable/raspberrypi/rp2040/dcd_rp2040.c.obj
                0x10004ad8                dcd_init
 .text.dcd_edpt0_status_complete
                0x10004b58       0x1c CMakeFiles/mw_3200_controller_pico.dir/C_/Program_Files/Raspberry_Pi/Pico_SDK_v1.5.1/pico-sdk/lib/tinyusb/src/portable/raspberrypi/rp2040/dcd_rp2040.c.obj
                0x10004b58                dcd_edpt0_status_complete
 .text.dcd_edpt_open
                0x10004b74       0x40 CMakeFiles/mw_3200_controller_pico.dir/C_/Program_Files/Raspberry_Pi/Pico_SDK_v1.5.1/pico-sdk/lib/tinyusb/src/portable/raspberrypi/rp2040/dcd_rp2040.c.obj
                0x10004b74                dcd_edpt_open
 .text.dcd_edpt_close_all
                0x10004bb4        0x8 CMakeFiles/mw_3200_controller_pico.dir/C_/Program_Files/Raspberry_Pi/Pico_SDK_v1.5.1/pico-sdk/lib/tinyusb/src/portable/raspberrypi/rp2040/dcd_rp2040.c.obj
                0x10004bb4                dcd_edpt_close_all
 .text.dcd_edpt_xfer
                0x10004bbc       0x34 CMakeFiles/mw_3200_controller_pico.dir/C_/Program_Files/Raspberry_Pi/Pico_SDK_v1.5.1/pico-sdk/lib/tinyusb/src/portable/raspberrypi/rp2040/dcd_rp2040.c.obj
                0x10004bbc                dcd_edpt_xfer
 .text.dcd_edpt_stall
                0x10004bf0       0x2c CMakeFiles/mw_3200_controller_pico.dir/C_/Program_Files/Raspberry_Pi/Pico_SDK_v1.5.1/pico-sdk/lib/tinyusb/src/portable/raspberrypi/rp2040/dcd_rp2040.c.obj
                0x10004bf0                dcd_edpt_stall
 .text.dcd_edpt_clear_stall
                0x10004c1c       0x20 CMakeFiles/mw_3200_controller_pico.dir/C_/Program_Files/Raspberry_Pi/Pico_SDK_v1.5.1/pico-sdk/lib/tinyusb/src/portable/raspberrypi/rp2040/dcd_rp2040.c.obj
                0x10004c1c                dcd_edpt_clear_stall
 .text.rp2040_usb_init
                0x10004c3c       0x4c CMakeFiles/mw_3200_controller_pico.dir/C_/Program_Files/Raspberry_Pi/Pico_SDK_v1.5.1/pico-sdk/lib/tinyusb/src/portable/raspberrypi/rp2040/rp2040_usb.c.obj
                0x10004c3c                rp2040_usb_init
 .text.hw_endpoint_xfer_start
                0x10004c88       0x50 CMakeFiles/mw_3200_controller_pico.dir/C_/Program_Files/Raspberry_Pi/Pico_SDK_v1.5.1/pico-sdk/lib/tinyusb/src/portable/raspberrypi/rp2040/rp2040_usb.c.obj
                0x10004c88                hw_endpoint_xfer_start
 .text.configuration_reset
                0x10004cd8       0x84 CMakeFiles/mw_3200_controller_pico.dir/C_/Program_Files/Raspberry_Pi/Pico_SDK_v1.5.1/pico-sdk/lib/tinyusb/src/device/usbd.c.obj
 .text.usbd_reset
                0x10004d5c        0xc CMakeFiles/mw_3200_controller_pico.dir/C_/Program_Files/Raspberry_Pi/Pico_SDK_v1.5.1/pico-sdk/lib/tinyusb/src/device/usbd.c.obj
 .text.invoke_class_control
                0x10004d68       0x1a CMakeFiles/mw_3200_controller_pico.dir/C_/Program_Files/Raspberry_Pi/Pico_SDK_v1.5.1/pico-sdk/lib/tinyusb/src/device/usbd.c.obj
 *fill*         0x10004d82        0x2 
 .text.process_set_config
                0x10004d84      0x178 CMakeFiles/mw_3200_controller_pico.dir/C_/Program_Files/Raspberry_Pi/Pico_SDK_v1.5.1/pico-sdk/lib/tinyusb/src/device/usbd.c.obj
 .text.process_get_descriptor
                0x10004efc       0xdc CMakeFiles/mw_3200_controller_pico.dir/C_/Program_Files/Raspberry_Pi/Pico_SDK_v1.5.1/pico-sdk/lib/tinyusb/src/device/usbd.c.obj
 .text.tud_mounted
                0x10004fd8       0x10 CMakeFiles/mw_3200_controller_pico.dir/C_/Program_Files/Raspberry_Pi/Pico_SDK_v1.5.1/pico-sdk/lib/tinyusb/src/device/usbd.c.obj
                0x10004fd8                tud_mounted
 .text.tud_suspended
                0x10004fe8       0x10 CMakeFiles/mw_3200_controller_pico.dir/C_/Program_Files/Raspberry_Pi/Pico_SDK_v1.5.1/pico-sdk/lib/tinyusb/src/device/usbd.c.obj
                0x10004fe8                tud_suspended
 .text.tud_inited
                0x10004ff8       0x14 CMakeFiles/mw_3200_controller_pico.dir/C_/Program_Files/Raspberry_Pi/Pico_SDK_v1.5.1/pico-sdk/lib/tinyusb/src/device/usbd.c.obj
                0x10004ff8                tud_inited
 .text.tud_init
                0x1000500c       0xcc CMakeFiles/mw_3200_controller_pico.dir/C_/Program_Files/Raspberry_Pi/Pico_SDK_v1.5.1/pico-sdk/lib/tinyusb/src/device/usbd.c.obj
                0x1000500c                tud_init
 .text.usbd_defer_func
                0x100050d8       0x2a CMakeFiles/mw_3200_controller_pico.dir/C_/Program_Files/Raspberry_Pi/Pico_SDK_v1.5.1/pico-sdk/lib/tinyusb/src/device/usbd.c.obj
                0x100050d8                usbd_defer_func
 *fill*         0x10005102        0x2 
 .text.usbd_edpt_open
                0x10005104       0x34 CMakeFiles/mw_3200_controller_pico.dir/C_/Program_Files/Raspberry_Pi/Pico_SDK_v1.5.1/pico-sdk/lib/tinyusb/src/device/usbd.c.obj
                0x10005104                usbd_edpt_open
 .text.usbd_open_edpt_pair
                0x10005138       0x62 CMakeFiles/mw_3200_controller_pico.dir/C_/Program_Files/Raspberry_Pi/Pico_SDK_v1.5.1/pico-sdk/lib/tinyusb/src/device/usbd.c.obj
                0x10005138                usbd_open_edpt_pair
 *fill*         0x1000519a        0x2 
 .text.usbd_edpt_claim
                0x1000519c       0x28 CMakeFiles/mw_3200_controller_pico.dir/C_/Program_Files/Raspberry_Pi/Pico_SDK_v1.5.1/pico-sdk/lib/tinyusb/src/device/usbd.c.obj
                0x1000519c                usbd_edpt_claim
 .text.usbd_edpt_release
                0x100051c4       0x28 CMakeFiles/mw_3200_controller_pico.dir/C_/Program_Files/Raspberry_Pi/Pico_SDK_v1.5.1/pico-sdk/lib/tinyusb/src/device/usbd.c.obj
                0x100051c4                usbd_edpt_release
 .text.usbd_edpt_xfer
                0x100051ec       0x78 CMakeFiles/mw_3200_controller_pico.dir/C_/Program_Files/Raspberry_Pi/Pico_SDK_v1.5.1/pico-sdk/lib/tinyusb/src/device/usbd.c.obj
                0x100051ec                usbd_edpt_xfer
 .text.usbd_edpt_stall
                0x10005264       0x48 CMakeFiles/mw_3200_controller_pico.dir/C_/Program_Files/Raspberry_Pi/Pico_SDK_v1.5.1/pico-sdk/lib/tinyusb/src/device/usbd.c.obj
                0x10005264                usbd_edpt_stall
 .text.usbd_edpt_clear_stall
                0x100052ac       0x48 CMakeFiles/mw_3200_controller_pico.dir/C_/Program_Files/Raspberry_Pi/Pico_SDK_v1.5.1/pico-sdk/lib/tinyusb/src/device/usbd.c.obj
                0x100052ac                usbd_edpt_clear_stall
 .text.usbd_edpt_stalled
                0x100052f4       0x1c CMakeFiles/mw_3200_controller_pico.dir/C_/Program_Files/Raspberry_Pi/Pico_SDK_v1.5.1/pico-sdk/lib/tinyusb/src/device/usbd.c.obj
                0x100052f4                usbd_edpt_stalled
 .text.process_control_request
                0x10005310      0x37c CMakeFiles/mw_3200_controller_pico.dir/C_/Program_Files/Raspberry_Pi/Pico_SDK_v1.5.1/pico-sdk/lib/tinyusb/src/device/usbd.c.obj
 .text.tud_task_ext
                0x1000568c      0x1b8 CMakeFiles/mw_3200_controller_pico.dir/C_/Program_Files/Raspberry_Pi/Pico_SDK_v1.5.1/pico-sdk/lib/tinyusb/src/device/usbd.c.obj
                0x1000568c                tud_task_ext
 .text._data_stage_xact
                0x10005844       0x58 CMakeFiles/mw_3200_controller_pico.dir/C_/Program_Files/Raspberry_Pi/Pico_SDK_v1.5.1/pico-sdk/lib/tinyusb/src/device/usbd_control.c.obj
 .text.tud_control_status
                0x1000589c       0x38 CMakeFiles/mw_3200_controller_pico.dir/C_/Program_Files/Raspberry_Pi/Pico_SDK_v1.5.1/pico-sdk/lib/tinyusb/src/device/usbd_control.c.obj
                0x1000589c                tud_control_status
 .text.tud_control_xfer
                0x100058d4       0x74 CMakeFiles/mw_3200_controller_pico.dir/C_/Program_Files/Raspberry_Pi/Pico_SDK_v1.5.1/pico-sdk/lib/tinyusb/src/device/usbd_control.c.obj
                0x100058d4                tud_control_xfer
 .text.usbd_control_reset
                0x10005948       0x14 CMakeFiles/mw_3200_controller_pico.dir/C_/Program_Files/Raspberry_Pi/Pico_SDK_v1.5.1/pico-sdk/lib/tinyusb/src/device/usbd_control.c.obj
                0x10005948                usbd_control_reset
 .text.usbd_control_set_complete_callback
                0x1000595c        0xc CMakeFiles/mw_3200_controller_pico.dir/C_/Program_Files/Raspberry_Pi/Pico_SDK_v1.5.1/pico-sdk/lib/tinyusb/src/device/usbd_control.c.obj
                0x1000595c                usbd_control_set_complete_callback
 .text.usbd_control_set_request
                0x10005968       0x1c CMakeFiles/mw_3200_controller_pico.dir/C_/Program_Files/Raspberry_Pi/Pico_SDK_v1.5.1/pico-sdk/lib/tinyusb/src/device/usbd_control.c.obj
                0x10005968                usbd_control_set_request
 .text.usbd_control_xfer_cb
                0x10005984       0xcc CMakeFiles/mw_3200_controller_pico.dir/C_/Program_Files/Raspberry_Pi/Pico_SDK_v1.5.1/pico-sdk/lib/tinyusb/src/device/usbd_control.c.obj
                0x10005984                usbd_control_xfer_cb
 .text._prep_out_transaction
                0x10005a50       0x4a CMakeFiles/mw_3200_controller_pico.dir/C_/Program_Files/Raspberry_Pi/Pico_SDK_v1.5.1/pico-sdk/lib/tinyusb/src/class/cdc/cdc_device.c.obj
 *fill*         0x10005a9a        0x2 
 .text.tud_cdc_n_connected
                0x10005a9c       0x44 CMakeFiles/mw_3200_controller_pico.dir/C_/Program_Files/Raspberry_Pi/Pico_SDK_v1.5.1/pico-sdk/lib/tinyusb/src/class/cdc/cdc_device.c.obj
                0x10005a9c                tud_cdc_n_connected
 .text.tud_cdc_n_available
                0x10005ae0       0x18 CMakeFiles/mw_3200_controller_pico.dir/C_/Program_Files/Raspberry_Pi/Pico_SDK_v1.5.1/pico-sdk/lib/tinyusb/src/class/cdc/cdc_device.c.obj
                0x10005ae0                tud_cdc_n_available
 .text.tud_cdc_n_read
                0x10005af8       0x28 CMakeFiles/mw_3200_controller_pico.dir/C_/Program_Files/Raspberry_Pi/Pico_SDK_v1.5.1/pico-sdk/lib/tinyusb/src/class/cdc/cdc_device.c.obj
                0x10005af8                tud_cdc_n_read
 .text.tud_cdc_n_write_flush
                0x10005b20       0xb8 CMakeFiles/mw_3200_controller_pico.dir/C_/Program_Files/Raspberry_Pi/Pico_SDK_v1.5.1/pico-sdk/lib/tinyusb/src/class/cdc/cdc_device.c.obj
                0x10005b20                tud_cdc_n_write_flush
 .text.tud_cdc_n_write
                0x10005bd8       0x38 CMakeFiles/mw_3200_controller_pico.dir/C_/Program_Files/Raspberry_Pi/Pico_SDK_v1.5.1/pico-sdk/lib/tinyusb/src/class/cdc/cdc_device.c.obj
                0x10005bd8                tud_cdc_n_write
 .text.tud_cdc_n_write_available
                0x10005c10       0x1c CMakeFiles/mw_3200_controller_pico.dir/C_/Program_Files/Raspberry_Pi/Pico_SDK_v1.5.1/pico-sdk/lib/tinyusb/src/class/cdc/cdc_device.c.obj
                0x10005c10                tud_cdc_n_write_available
 .text.cdcd_init
                0x10005c2c       0xbc CMakeFiles/mw_3200_controller_pico.dir/C_/Program_Files/Raspberry_Pi/Pico_SDK_v1.5.1/pico-sdk/lib/tinyusb/src/class/cdc/cdc_device.c.obj
                0x10005c2c                cdcd_init
 .text.cdcd_reset
                0x10005ce8       0x44 CMakeFiles/mw_3200_controller_pico.dir/C_/Program_Files/Raspberry_Pi/Pico_SDK_v1.5.1/pico-sdk/lib/tinyusb/src/class/cdc/cdc_device.c.obj
                0x10005ce8                cdcd_reset
 .text.cdcd_open
                0x10005d2c       0xcc CMakeFiles/mw_3200_controller_pico.dir/C_/Program_Files/Raspberry_Pi/Pico_SDK_v1.5.1/pico-sdk/lib/tinyusb/src/class/cdc/cdc_device.c.obj
                0x10005d2c                cdcd_open
 .text.cdcd_control_xfer_cb
                0x10005df8      0x134 CMakeFiles/mw_3200_controller_pico.dir/C_/Program_Files/Raspberry_Pi/Pico_SDK_v1.5.1/pico-sdk/lib/tinyusb/src/class/cdc/cdc_device.c.obj
                0x10005df8                cdcd_control_xfer_cb
 .text.cdcd_xfer_cb
                0x10005f2c      0x130 CMakeFiles/mw_3200_controller_pico.dir/C_/Program_Files/Raspberry_Pi/Pico_SDK_v1.5.1/pico-sdk/lib/tinyusb/src/class/cdc/cdc_device.c.obj
                0x10005f2c                cdcd_xfer_cb
 .text.tusb_init
                0x1000605c        0xa CMakeFiles/mw_3200_controller_pico.dir/C_/Program_Files/Raspberry_Pi/Pico_SDK_v1.5.1/pico-sdk/lib/tinyusb/src/tusb.c.obj
                0x1000605c                tusb_init
 .text.tusb_inited
                0x10006066        0xe CMakeFiles/mw_3200_controller_pico.dir/C_/Program_Files/Raspberry_Pi/Pico_SDK_v1.5.1/pico-sdk/lib/tinyusb/src/tusb.c.obj
                0x10006066                tusb_inited
 .text.tu_edpt_claim
                0x10006074       0x50 CMakeFiles/mw_3200_controller_pico.dir/C_/Program_Files/Raspberry_Pi/Pico_SDK_v1.5.1/pico-sdk/lib/tinyusb/src/tusb.c.obj
                0x10006074                tu_edpt_claim
 .text.tu_edpt_release
                0x100060c4       0x3c CMakeFiles/mw_3200_controller_pico.dir/C_/Program_Files/Raspberry_Pi/Pico_SDK_v1.5.1/pico-sdk/lib/tinyusb/src/tusb.c.obj
                0x100060c4                tu_edpt_release
 .text.tu_edpt_validate
                0x10006100       0x78 CMakeFiles/mw_3200_controller_pico.dir/C_/Program_Files/Raspberry_Pi/Pico_SDK_v1.5.1/pico-sdk/lib/tinyusb/src/tusb.c.obj
                0x10006100                tu_edpt_validate
 .text.tu_edpt_bind_driver
                0x10006178       0x26 CMakeFiles/mw_3200_controller_pico.dir/C_/Program_Files/Raspberry_Pi/Pico_SDK_v1.5.1/pico-sdk/lib/tinyusb/src/tusb.c.obj
                0x10006178                tu_edpt_bind_driver
 .text.advance_index
                0x1000619e       0x1a CMakeFiles/mw_3200_controller_pico.dir/C_/Program_Files/Raspberry_Pi/Pico_SDK_v1.5.1/pico-sdk/lib/tinyusb/src/common/tusb_fifo.c.obj
 .text._tu_fifo_peek
                0x100061b8       0x56 CMakeFiles/mw_3200_controller_pico.dir/C_/Program_Files/Raspberry_Pi/Pico_SDK_v1.5.1/pico-sdk/lib/tinyusb/src/common/tusb_fifo.c.obj
 .text._ff_pull_const_addr
                0x1000620e       0x4c CMakeFiles/mw_3200_controller_pico.dir/C_/Program_Files/Raspberry_Pi/Pico_SDK_v1.5.1/pico-sdk/lib/tinyusb/src/common/tusb_fifo.c.obj
 .text._ff_pull_n
                0x1000625a      0x110 CMakeFiles/mw_3200_controller_pico.dir/C_/Program_Files/Raspberry_Pi/Pico_SDK_v1.5.1/pico-sdk/lib/tinyusb/src/common/tusb_fifo.c.obj
 .text._tu_fifo_peek_n
                0x1000636a       0x6a CMakeFiles/mw_3200_controller_pico.dir/C_/Program_Files/Raspberry_Pi/Pico_SDK_v1.5.1/pico-sdk/lib/tinyusb/src/common/tusb_fifo.c.obj
 .text._tu_fifo_read_n
                0x100063d4       0x4e CMakeFiles/mw_3200_controller_pico.dir/C_/Program_Files/Raspberry_Pi/Pico_SDK_v1.5.1/pico-sdk/lib/tinyusb/src/common/tusb_fifo.c.obj
 .text._ff_push_const_addr
                0x10006422       0x40 CMakeFiles/mw_3200_controller_pico.dir/C_/Program_Files/Raspberry_Pi/Pico_SDK_v1.5.1/pico-sdk/lib/tinyusb/src/common/tusb_fifo.c.obj
 .text._ff_push_n
                0x10006462      0x10c CMakeFiles/mw_3200_controller_pico.dir/C_/Program_Files/Raspberry_Pi/Pico_SDK_v1.5.1/pico-sdk/lib/tinyusb/src/common/tusb_fifo.c.obj
 .text._tu_fifo_write_n
                0x1000656e       0xf0 CMakeFiles/mw_3200_controller_pico.dir/C_/Program_Files/Raspberry_Pi/Pico_SDK_v1.5.1/pico-sdk/lib/tinyusb/src/common/tusb_fifo.c.obj
 .text.tu_fifo_config
                0x1000665e       0x7c CMakeFiles/mw_3200_controller_pico.dir/C_/Program_Files/Raspberry_Pi/Pico_SDK_v1.5.1/pico-sdk/lib/tinyusb/src/common/tusb_fifo.c.obj
                0x1000665e                tu_fifo_config
 .text.tu_fifo_count
                0x100066da       0x2a CMakeFiles/mw_3200_controller_pico.dir/C_/Program_Files/Raspberry_Pi/Pico_SDK_v1.5.1/pico-sdk/lib/tinyusb/src/common/tusb_fifo.c.obj
                0x100066da                tu_fifo_count
 .text.tu_fifo_empty
                0x10006704       0x10 CMakeFiles/mw_3200_controller_pico.dir/C_/Program_Files/Raspberry_Pi/Pico_SDK_v1.5.1/pico-sdk/lib/tinyusb/src/common/tusb_fifo.c.obj
                0x10006704                tu_fifo_empty
 .text.tu_fifo_full
                0x10006714       0x28 CMakeFiles/mw_3200_controller_pico.dir/C_/Program_Files/Raspberry_Pi/Pico_SDK_v1.5.1/pico-sdk/lib/tinyusb/src/common/tusb_fifo.c.obj
                0x10006714                tu_fifo_full
 .text.tu_fifo_remaining
                0x1000673c       0x2c CMakeFiles/mw_3200_controller_pico.dir/C_/Program_Files/Raspberry_Pi/Pico_SDK_v1.5.1/pico-sdk/lib/tinyusb/src/common/tusb_fifo.c.obj
                0x1000673c                tu_fifo_remaining
 .text.tu_fifo_read
                0x10006768       0x42 CMakeFiles/mw_3200_controller_pico.dir/C_/Program_Files/Raspberry_Pi/Pico_SDK_v1.5.1/pico-sdk/lib/tinyusb/src/common/tusb_fifo.c.obj
                0x10006768                tu_fifo_read
 .text.tu_fifo_read_n
                0x100067aa        0xa CMakeFiles/mw_3200_controller_pico.dir/C_/Program_Files/Raspberry_Pi/Pico_SDK_v1.5.1/pico-sdk/lib/tinyusb/src/common/tusb_fifo.c.obj
                0x100067aa                tu_fifo_read_n
 .text.tu_fifo_write
                0x100067b4       0x64 CMakeFiles/mw_3200_controller_pico.dir/C_/Program_Files/Raspberry_Pi/Pico_SDK_v1.5.1/pico-sdk/lib/tinyusb/src/common/tusb_fifo.c.obj
                0x100067b4                tu_fifo_write
 .text.tu_fifo_write_n
                0x10006818        0xa CMakeFiles/mw_3200_controller_pico.dir/C_/Program_Files/Raspberry_Pi/Pico_SDK_v1.5.1/pico-sdk/lib/tinyusb/src/common/tusb_fifo.c.obj
                0x10006818                tu_fifo_write_n
 .text.tu_fifo_clear
                0x10006822       0x3e CMakeFiles/mw_3200_controller_pico.dir/C_/Program_Files/Raspberry_Pi/Pico_SDK_v1.5.1/pico-sdk/lib/tinyusb/src/common/tusb_fifo.c.obj
                0x10006822                tu_fifo_clear
 .text.tu_fifo_set_overwritable
                0x10006860       0x46 CMakeFiles/mw_3200_controller_pico.dir/C_/Program_Files/Raspberry_Pi/Pico_SDK_v1.5.1/pico-sdk/lib/tinyusb/src/common/tusb_fifo.c.obj
                0x10006860                tu_fifo_set_overwritable
 *fill*         0x100068a6        0x2 
 .text.cyw43_arch_set_async_context
                0x100068a8        0xc CMakeFiles/mw_3200_controller_pico.dir/C_/Program_Files/Raspberry_Pi/Pico_SDK_v1.5.1/pico-sdk/src/rp2_common/pico_cyw43_arch/cyw43_arch.c.obj
                0x100068a8                cyw43_arch_set_async_context
 .text.cyw43_arch_gpio_put
                0x100068b4       0x14 CMakeFiles/mw_3200_controller_pico.dir/C_/Program_Files/Raspberry_Pi/Pico_SDK_v1.5.1/pico-sdk/src/rp2_common/pico_cyw43_arch/cyw43_arch.c.obj
                0x100068b4                cyw43_arch_gpio_put
 .text.cyw43_arch_async_context
                0x100068c8        0xc CMakeFiles/mw_3200_controller_pico.dir/C_/Program_Files/Raspberry_Pi/Pico_SDK_v1.5.1/pico-sdk/src/rp2_common/pico_cyw43_arch/cyw43_arch.c.obj
                0x100068c8                cyw43_arch_async_context
 .text.cyw43_arch_init_default_async_context
                0x100068d4       0x20 CMakeFiles/mw_3200_controller_pico.dir/C_/Program_Files/Raspberry_Pi/Pico_SDK_v1.5.1/pico-sdk/src/rp2_common/pico_cyw43_arch/cyw43_arch_threadsafe_background.c.obj
                0x100068d4                cyw43_arch_init_default_async_context
 .text.cyw43_arch_deinit
                0x100068f4       0x28 CMakeFiles/mw_3200_controller_pico.dir/C_/Program_Files/Raspberry_Pi/Pico_SDK_v1.5.1/pico-sdk/src/rp2_common/pico_cyw43_arch/cyw43_arch_threadsafe_background.c.obj
                0x100068f4                cyw43_arch_deinit
 .text.cyw43_arch_init
                0x1000691c       0x36 CMakeFiles/mw_3200_controller_pico.dir/C_/Program_Files/Raspberry_Pi/Pico_SDK_v1.5.1/pico-sdk/src/rp2_common/pico_cyw43_arch/cyw43_arch_threadsafe_background.c.obj
                0x1000691c                cyw43_arch_init
 .text.cs_set   0x10006952       0x1c CMakeFiles/mw_3200_controller_pico.dir/C_/Program_Files/Raspberry_Pi/Pico_SDK_v1.5.1/pico-sdk/src/rp2_common/pico_cyw43_driver/cyw43_bus_pio_spi.c.obj
 *fill*         0x1000696e        0x2 
 .text.start_spi_comms
                0x10006970       0x2c CMakeFiles/mw_3200_controller_pico.dir/C_/Program_Files/Raspberry_Pi/Pico_SDK_v1.5.1/pico-sdk/src/rp2_common/pico_cyw43_driver/cyw43_bus_pio_spi.c.obj
 .text.ns_delay
                0x1000699c       0x20 CMakeFiles/mw_3200_controller_pico.dir/C_/Program_Files/Raspberry_Pi/Pico_SDK_v1.5.1/pico-sdk/src/rp2_common/pico_cyw43_driver/cyw43_bus_pio_spi.c.obj
 .text.stop_spi_comms
                0x100069bc       0x10 CMakeFiles/mw_3200_controller_pico.dir/C_/Program_Files/Raspberry_Pi/Pico_SDK_v1.5.1/pico-sdk/src/rp2_common/pico_cyw43_driver/cyw43_bus_pio_spi.c.obj
 .text.cyw43_spi_deinit
                0x100069cc       0x74 CMakeFiles/mw_3200_controller_pico.dir/C_/Program_Files/Raspberry_Pi/Pico_SDK_v1.5.1/pico-sdk/src/rp2_common/pico_cyw43_driver/cyw43_bus_pio_spi.c.obj
                0x100069cc                cyw43_spi_deinit
 .text.cyw43_spi_init
                0x10006a40      0x284 CMakeFiles/mw_3200_controller_pico.dir/C_/Program_Files/Raspberry_Pi/Pico_SDK_v1.5.1/pico-sdk/src/rp2_common/pico_cyw43_driver/cyw43_bus_pio_spi.c.obj
                0x10006a40                cyw43_spi_init
 .text.cyw43_spi_transfer
                0x10006cc4      0x694 CMakeFiles/mw_3200_controller_pico.dir/C_/Program_Files/Raspberry_Pi/Pico_SDK_v1.5.1/pico-sdk/src/rp2_common/pico_cyw43_driver/cyw43_bus_pio_spi.c.obj
                0x10006cc4                cyw43_spi_transfer
 .text.cyw43_spi_gpio_setup
                0x10007358       0x3a CMakeFiles/mw_3200_controller_pico.dir/C_/Program_Files/Raspberry_Pi/Pico_SDK_v1.5.1/pico-sdk/src/rp2_common/pico_cyw43_driver/cyw43_bus_pio_spi.c.obj
                0x10007358                cyw43_spi_gpio_setup
 .text.cyw43_spi_reset
                0x10007392       0x28 CMakeFiles/mw_3200_controller_pico.dir/C_/Program_Files/Raspberry_Pi/Pico_SDK_v1.5.1/pico-sdk/src/rp2_common/pico_cyw43_driver/cyw43_bus_pio_spi.c.obj
                0x10007392                cyw43_spi_reset
 *fill*         0x100073ba        0x2 
 .text.read_reg_u32_swap
                0x100073bc       0x68 CMakeFiles/mw_3200_controller_pico.dir/C_/Program_Files/Raspberry_Pi/Pico_SDK_v1.5.1/pico-sdk/src/rp2_common/pico_cyw43_driver/cyw43_bus_pio_spi.c.obj
                0x100073bc                read_reg_u32_swap
 .text.cyw43_read_reg_u32
                0x10007424       0x54 CMakeFiles/mw_3200_controller_pico.dir/C_/Program_Files/Raspberry_Pi/Pico_SDK_v1.5.1/pico-sdk/src/rp2_common/pico_cyw43_driver/cyw43_bus_pio_spi.c.obj
                0x10007424                cyw43_read_reg_u32
 .text.cyw43_read_reg_u16
                0x10007478       0x54 CMakeFiles/mw_3200_controller_pico.dir/C_/Program_Files/Raspberry_Pi/Pico_SDK_v1.5.1/pico-sdk/src/rp2_common/pico_cyw43_driver/cyw43_bus_pio_spi.c.obj
                0x10007478                cyw43_read_reg_u16
 .text.cyw43_read_reg_u8
                0x100074cc       0x54 CMakeFiles/mw_3200_controller_pico.dir/C_/Program_Files/Raspberry_Pi/Pico_SDK_v1.5.1/pico-sdk/src/rp2_common/pico_cyw43_driver/cyw43_bus_pio_spi.c.obj
                0x100074cc                cyw43_read_reg_u8
 .text.write_reg_u32_swap
                0x10007520       0x34 CMakeFiles/mw_3200_controller_pico.dir/C_/Program_Files/Raspberry_Pi/Pico_SDK_v1.5.1/pico-sdk/src/rp2_common/pico_cyw43_driver/cyw43_bus_pio_spi.c.obj
                0x10007520                write_reg_u32_swap
 .text.cyw43_write_reg_u32
                0x10007554       0x58 CMakeFiles/mw_3200_controller_pico.dir/C_/Program_Files/Raspberry_Pi/Pico_SDK_v1.5.1/pico-sdk/src/rp2_common/pico_cyw43_driver/cyw43_bus_pio_spi.c.obj
                0x10007554                cyw43_write_reg_u32
 .text.cyw43_write_reg_u16
                0x100075ac       0x58 CMakeFiles/mw_3200_controller_pico.dir/C_/Program_Files/Raspberry_Pi/Pico_SDK_v1.5.1/pico-sdk/src/rp2_common/pico_cyw43_driver/cyw43_bus_pio_spi.c.obj
                0x100075ac                cyw43_write_reg_u16
 .text.cyw43_write_reg_u8
                0x10007604       0x58 CMakeFiles/mw_3200_controller_pico.dir/C_/Program_Files/Raspberry_Pi/Pico_SDK_v1.5.1/pico-sdk/src/rp2_common/pico_cyw43_driver/cyw43_bus_pio_spi.c.obj
                0x10007604                cyw43_write_reg_u8
 .text.cyw43_read_bytes
                0x1000765c      0x104 CMakeFiles/mw_3200_controller_pico.dir/C_/Program_Files/Raspberry_Pi/Pico_SDK_v1.5.1/pico-sdk/src/rp2_common/pico_cyw43_driver/cyw43_bus_pio_spi.c.obj
                0x1000765c                cyw43_read_bytes
 .text.cyw43_write_bytes
                0x10007760      0x128 CMakeFiles/mw_3200_controller_pico.dir/C_/Program_Files/Raspberry_Pi/Pico_SDK_v1.5.1/pico-sdk/src/rp2_common/pico_cyw43_driver/cyw43_bus_pio_spi.c.obj
                0x10007760                cyw43_write_bytes
 .text.get_core_address
                0x10007888       0x1c CMakeFiles/mw_3200_controller_pico.dir/C_/Program_Files/Raspberry_Pi/Pico_SDK_v1.5.1/pico-sdk/lib/cyw43-driver/src/cyw43_ll.c.obj
 .text.sdpcm_process_rx_packet
                0x100078a4      0x180 CMakeFiles/mw_3200_controller_pico.dir/C_/Program_Files/Raspberry_Pi/Pico_SDK_v1.5.1/pico-sdk/lib/cyw43-driver/src/cyw43_ll.c.obj
 .text.cyw43_ll_wifi_parse_scan_result
                0x10007a24       0x9c CMakeFiles/mw_3200_controller_pico.dir/C_/Program_Files/Raspberry_Pi/Pico_SDK_v1.5.1/pico-sdk/lib/cyw43-driver/src/cyw43_ll.c.obj
 .text.cyw43_ll_parse_async_event
                0x10007ac0       0x8e CMakeFiles/mw_3200_controller_pico.dir/C_/Program_Files/Raspberry_Pi/Pico_SDK_v1.5.1/pico-sdk/lib/cyw43-driver/src/cyw43_ll.c.obj
 *fill*         0x10007b4e        0x2 
 .text.cyw43_kso_set
                0x10007b50       0x98 CMakeFiles/mw_3200_controller_pico.dir/C_/Program_Files/Raspberry_Pi/Pico_SDK_v1.5.1/pico-sdk/lib/cyw43-driver/src/cyw43_ll.c.obj
 .text.cyw43_ll_bus_sleep_helper
                0x10007be8        0xe CMakeFiles/mw_3200_controller_pico.dir/C_/Program_Files/Raspberry_Pi/Pico_SDK_v1.5.1/pico-sdk/lib/cyw43-driver/src/cyw43_ll.c.obj
 *fill*         0x10007bf6        0x2 
 .text.cyw43_read_reg
                0x10007bf8       0x48 CMakeFiles/mw_3200_controller_pico.dir/C_/Program_Files/Raspberry_Pi/Pico_SDK_v1.5.1/pico-sdk/lib/cyw43-driver/src/cyw43_ll.c.obj
 .text.cyw43_write_reg
                0x10007c40       0x4c CMakeFiles/mw_3200_controller_pico.dir/C_/Program_Files/Raspberry_Pi/Pico_SDK_v1.5.1/pico-sdk/lib/cyw43-driver/src/cyw43_ll.c.obj
 .text.cyw43_set_backplane_window
                0x10007c8c       0x74 CMakeFiles/mw_3200_controller_pico.dir/C_/Program_Files/Raspberry_Pi/Pico_SDK_v1.5.1/pico-sdk/lib/cyw43-driver/src/cyw43_ll.c.obj
 .text.cyw43_read_backplane
                0x10007d00       0x30 CMakeFiles/mw_3200_controller_pico.dir/C_/Program_Files/Raspberry_Pi/Pico_SDK_v1.5.1/pico-sdk/lib/cyw43-driver/src/cyw43_ll.c.obj
 .text.disable_device_core
                0x10007d30       0x3c CMakeFiles/mw_3200_controller_pico.dir/C_/Program_Files/Raspberry_Pi/Pico_SDK_v1.5.1/pico-sdk/lib/cyw43-driver/src/cyw43_ll.c.obj
 .text.device_core_is_up
                0x10007d6c       0x4c CMakeFiles/mw_3200_controller_pico.dir/C_/Program_Files/Raspberry_Pi/Pico_SDK_v1.5.1/pico-sdk/lib/cyw43-driver/src/cyw43_ll.c.obj
 .text.cyw43_write_backplane
                0x10007db8       0x34 CMakeFiles/mw_3200_controller_pico.dir/C_/Program_Files/Raspberry_Pi/Pico_SDK_v1.5.1/pico-sdk/lib/cyw43-driver/src/cyw43_ll.c.obj
 .text.reset_device_core
                0x10007dec       0x74 CMakeFiles/mw_3200_controller_pico.dir/C_/Program_Files/Raspberry_Pi/Pico_SDK_v1.5.1/pico-sdk/lib/cyw43-driver/src/cyw43_ll.c.obj
 .text.cyw43_download_resource
                0x10007e60      0x17c CMakeFiles/mw_3200_controller_pico.dir/C_/Program_Files/Raspberry_Pi/Pico_SDK_v1.5.1/pico-sdk/lib/cyw43-driver/src/cyw43_ll.c.obj
 .text.cyw43_ll_init
                0x10007fdc       0x20 CMakeFiles/mw_3200_controller_pico.dir/C_/Program_Files/Raspberry_Pi/Pico_SDK_v1.5.1/pico-sdk/lib/cyw43-driver/src/cyw43_ll.c.obj
                0x10007fdc                cyw43_ll_init
 .text.cyw43_ll_deinit
                0x10007ffc        0x8 CMakeFiles/mw_3200_controller_pico.dir/C_/Program_Files/Raspberry_Pi/Pico_SDK_v1.5.1/pico-sdk/lib/cyw43-driver/src/cyw43_ll.c.obj
                0x10007ffc                cyw43_ll_deinit
 .text.cyw43_ll_bus_sleep
                0x10008004       0x34 CMakeFiles/mw_3200_controller_pico.dir/C_/Program_Files/Raspberry_Pi/Pico_SDK_v1.5.1/pico-sdk/lib/cyw43-driver/src/cyw43_ll.c.obj
                0x10008004                cyw43_ll_bus_sleep
 .text.cyw43_ll_sdpcm_poll_device
                0x10008038      0x158 CMakeFiles/mw_3200_controller_pico.dir/C_/Program_Files/Raspberry_Pi/Pico_SDK_v1.5.1/pico-sdk/lib/cyw43-driver/src/cyw43_ll.c.obj
 .text.cyw43_ll_process_packets
                0x10008190       0x5c CMakeFiles/mw_3200_controller_pico.dir/C_/Program_Files/Raspberry_Pi/Pico_SDK_v1.5.1/pico-sdk/lib/cyw43-driver/src/cyw43_ll.c.obj
                0x10008190                cyw43_ll_process_packets
 .text.cyw43_sdpcm_send_common
                0x100081ec      0x104 CMakeFiles/mw_3200_controller_pico.dir/C_/Program_Files/Raspberry_Pi/Pico_SDK_v1.5.1/pico-sdk/lib/cyw43-driver/src/cyw43_ll.c.obj
 .text.cyw43_send_ioctl
                0x100082f0       0x56 CMakeFiles/mw_3200_controller_pico.dir/C_/Program_Files/Raspberry_Pi/Pico_SDK_v1.5.1/pico-sdk/lib/cyw43-driver/src/cyw43_ll.c.obj
 *fill*         0x10008346        0x2 
 .text.cyw43_do_ioctl
                0x10008348       0xc0 CMakeFiles/mw_3200_controller_pico.dir/C_/Program_Files/Raspberry_Pi/Pico_SDK_v1.5.1/pico-sdk/lib/cyw43-driver/src/cyw43_ll.c.obj
 .text.cyw43_ll_ioctl
                0x10008408       0x1e CMakeFiles/mw_3200_controller_pico.dir/C_/Program_Files/Raspberry_Pi/Pico_SDK_v1.5.1/pico-sdk/lib/cyw43-driver/src/cyw43_ll.c.obj
                0x10008408                cyw43_ll_ioctl
 *fill*         0x10008426        0x2 
 .text.cyw43_clm_load
                0x10008428       0xdc CMakeFiles/mw_3200_controller_pico.dir/C_/Program_Files/Raspberry_Pi/Pico_SDK_v1.5.1/pico-sdk/lib/cyw43-driver/src/cyw43_ll.c.obj
 .text.cyw43_write_iovar_u32
                0x10008504       0x60 CMakeFiles/mw_3200_controller_pico.dir/C_/Program_Files/Raspberry_Pi/Pico_SDK_v1.5.1/pico-sdk/lib/cyw43-driver/src/cyw43_ll.c.obj
 .text.cyw43_write_iovar_n
                0x10008564       0x50 CMakeFiles/mw_3200_controller_pico.dir/C_/Program_Files/Raspberry_Pi/Pico_SDK_v1.5.1/pico-sdk/lib/cyw43-driver/src/cyw43_ll.c.obj
 .text.cyw43_set_ioctl_u32
                0x100085b4       0x30 CMakeFiles/mw_3200_controller_pico.dir/C_/Program_Files/Raspberry_Pi/Pico_SDK_v1.5.1/pico-sdk/lib/cyw43-driver/src/cyw43_ll.c.obj
 .text.cyw43_write_iovar_u32_u32
                0x100085e4       0x74 CMakeFiles/mw_3200_controller_pico.dir/C_/Program_Files/Raspberry_Pi/Pico_SDK_v1.5.1/pico-sdk/lib/cyw43-driver/src/cyw43_ll.c.obj
 .text.cyw43_ll_wifi_get_mac
                0x10008658       0x48 CMakeFiles/mw_3200_controller_pico.dir/C_/Program_Files/Raspberry_Pi/Pico_SDK_v1.5.1/pico-sdk/lib/cyw43-driver/src/cyw43_ll.c.obj
                0x10008658                cyw43_ll_wifi_get_mac
 .text.cyw43_ll_bus_init
                0x100086a0      0x360 CMakeFiles/mw_3200_controller_pico.dir/C_/Program_Files/Raspberry_Pi/Pico_SDK_v1.5.1/pico-sdk/lib/cyw43-driver/src/cyw43_ll.c.obj
                0x100086a0                cyw43_ll_bus_init
 .text.cyw43_ll_wifi_set_wpa_auth
                0x10008a00        0xe CMakeFiles/mw_3200_controller_pico.dir/C_/Program_Files/Raspberry_Pi/Pico_SDK_v1.5.1/pico-sdk/lib/cyw43-driver/src/cyw43_ll.c.obj
                0x10008a00                cyw43_ll_wifi_set_wpa_auth
 *fill*         0x10008a0e        0x2 
 .text.cyw43_ll_wifi_rejoin
                0x10008a10       0x20 CMakeFiles/mw_3200_controller_pico.dir/C_/Program_Files/Raspberry_Pi/Pico_SDK_v1.5.1/pico-sdk/lib/cyw43-driver/src/cyw43_ll.c.obj
                0x10008a10                cyw43_ll_wifi_rejoin
 .text.cyw43_ll_gpio_set
                0x10008a30       0x30 CMakeFiles/mw_3200_controller_pico.dir/C_/Program_Files/Raspberry_Pi/Pico_SDK_v1.5.1/pico-sdk/lib/cyw43-driver/src/cyw43_ll.c.obj
                0x10008a30                cyw43_ll_gpio_set
 .text.cyw43_ll_has_work
                0x10008a60       0x12 CMakeFiles/mw_3200_controller_pico.dir/C_/Program_Files/Raspberry_Pi/Pico_SDK_v1.5.1/pico-sdk/lib/cyw43-driver/src/cyw43_ll.c.obj
                0x10008a60                cyw43_ll_has_work
 *fill*         0x10008a72        0x2 
 .text.cyw43_poll_func
                0x10008a74       0xb0 CMakeFiles/mw_3200_controller_pico.dir/C_/Program_Files/Raspberry_Pi/Pico_SDK_v1.5.1/pico-sdk/lib/cyw43-driver/src/cyw43_ctrl.c.obj
 .text.cyw43_dump_async_event
                0x10008b24       0x8c CMakeFiles/mw_3200_controller_pico.dir/C_/Program_Files/Raspberry_Pi/Pico_SDK_v1.5.1/pico-sdk/lib/cyw43-driver/src/cyw43_ctrl.c.obj
 .text.cyw43_ensure_up
                0x10008bb0       0xec CMakeFiles/mw_3200_controller_pico.dir/C_/Program_Files/Raspberry_Pi/Pico_SDK_v1.5.1/pico-sdk/lib/cyw43-driver/src/cyw43_ctrl.c.obj
 .text.cyw43_init
                0x10008c9c       0x8c CMakeFiles/mw_3200_controller_pico.dir/C_/Program_Files/Raspberry_Pi/Pico_SDK_v1.5.1/pico-sdk/lib/cyw43-driver/src/cyw43_ctrl.c.obj
                0x10008c9c                cyw43_init
 .text.cyw43_deinit
                0x10008d28       0x3c CMakeFiles/mw_3200_controller_pico.dir/C_/Program_Files/Raspberry_Pi/Pico_SDK_v1.5.1/pico-sdk/lib/cyw43-driver/src/cyw43_ctrl.c.obj
                0x10008d28                cyw43_deinit
 .text.cyw43_cb_read_host_interrupt_pin
                0x10008d64        0xe CMakeFiles/mw_3200_controller_pico.dir/C_/Program_Files/Raspberry_Pi/Pico_SDK_v1.5.1/pico-sdk/lib/cyw43-driver/src/cyw43_ctrl.c.obj
                0x10008d64                cyw43_cb_read_host_interrupt_pin
 *fill*         0x10008d72        0x2 
 .text.cyw43_cb_ensure_awake
                0x10008d74        0xc CMakeFiles/mw_3200_controller_pico.dir/C_/Program_Files/Raspberry_Pi/Pico_SDK_v1.5.1/pico-sdk/lib/cyw43-driver/src/cyw43_ctrl.c.obj
                0x10008d74                cyw43_cb_ensure_awake
 .text.cyw43_cb_process_async_event
                0x10008d80      0x1b8 CMakeFiles/mw_3200_controller_pico.dir/C_/Program_Files/Raspberry_Pi/Pico_SDK_v1.5.1/pico-sdk/lib/cyw43-driver/src/cyw43_ctrl.c.obj
                0x10008d80                cyw43_cb_process_async_event
 .text.cyw43_gpio_set
                0x10008f38       0x30 CMakeFiles/mw_3200_controller_pico.dir/C_/Program_Files/Raspberry_Pi/Pico_SDK_v1.5.1/pico-sdk/lib/cyw43-driver/src/cyw43_ctrl.c.obj
                0x10008f38                cyw43_gpio_set
 .text._pio_can_add_program_at_offset
                0x10008f68       0x3c CMakeFiles/mw_3200_controller_pico.dir/C_/Program_Files/Raspberry_Pi/Pico_SDK_v1.5.1/pico-sdk/src/rp2_common/hardware_pio/pio.c.obj
 .text._pio_find_offset_for_program
                0x10008fa4       0x7c CMakeFiles/mw_3200_controller_pico.dir/C_/Program_Files/Raspberry_Pi/Pico_SDK_v1.5.1/pico-sdk/src/rp2_common/hardware_pio/pio.c.obj
 .text._pio_add_program_at_offset
                0x10009020       0x78 CMakeFiles/mw_3200_controller_pico.dir/C_/Program_Files/Raspberry_Pi/Pico_SDK_v1.5.1/pico-sdk/src/rp2_common/hardware_pio/pio.c.obj
 .text.pio_sm_unclaim
                0x10009098       0x20 CMakeFiles/mw_3200_controller_pico.dir/C_/Program_Files/Raspberry_Pi/Pico_SDK_v1.5.1/pico-sdk/src/rp2_common/hardware_pio/pio.c.obj
                0x10009098                pio_sm_unclaim
 .text.pio_claim_unused_sm
                0x100090b8       0x3c CMakeFiles/mw_3200_controller_pico.dir/C_/Program_Files/Raspberry_Pi/Pico_SDK_v1.5.1/pico-sdk/src/rp2_common/hardware_pio/pio.c.obj
                0x100090b8                pio_claim_unused_sm
 .text.pio_can_add_program
                0x100090f4       0x26 CMakeFiles/mw_3200_controller_pico.dir/C_/Program_Files/Raspberry_Pi/Pico_SDK_v1.5.1/pico-sdk/src/rp2_common/hardware_pio/pio.c.obj
                0x100090f4                pio_can_add_program
 *fill*         0x1000911a        0x2 
 .text.pio_add_program
                0x1000911c       0x38 CMakeFiles/mw_3200_controller_pico.dir/C_/Program_Files/Raspberry_Pi/Pico_SDK_v1.5.1/pico-sdk/src/rp2_common/hardware_pio/pio.c.obj
                0x1000911c                pio_add_program
 .text.pio_remove_program
                0x10009154       0x58 CMakeFiles/mw_3200_controller_pico.dir/C_/Program_Files/Raspberry_Pi/Pico_SDK_v1.5.1/pico-sdk/src/rp2_common/hardware_pio/pio.c.obj
                0x10009154                pio_remove_program
 .text.pio_sm_set_pindirs_with_mask
                0x100091ac       0x9c CMakeFiles/mw_3200_controller_pico.dir/C_/Program_Files/Raspberry_Pi/Pico_SDK_v1.5.1/pico-sdk/src/rp2_common/hardware_pio/pio.c.obj
                0x100091ac                pio_sm_set_pindirs_with_mask
 .text.pio_sm_set_consecutive_pindirs
                0x10009248       0xa4 CMakeFiles/mw_3200_controller_pico.dir/C_/Program_Files/Raspberry_Pi/Pico_SDK_v1.5.1/pico-sdk/src/rp2_common/hardware_pio/pio.c.obj
                0x10009248                pio_sm_set_consecutive_pindirs
 .text.dma_channel_unclaim
                0x100092ec       0x10 CMakeFiles/mw_3200_controller_pico.dir/C_/Program_Files/Raspberry_Pi/Pico_SDK_v1.5.1/pico-sdk/src/rp2_common/hardware_dma/dma.c.obj
                0x100092ec                dma_channel_unclaim
 .text.dma_claim_unused_channel
                0x100092fc       0x20 CMakeFiles/mw_3200_controller_pico.dir/C_/Program_Files/Raspberry_Pi/Pico_SDK_v1.5.1/pico-sdk/src/rp2_common/hardware_dma/dma.c.obj
                0x100092fc                dma_claim_unused_channel
 .text.dma_channel_cleanup
                0x1000931c       0x5c CMakeFiles/mw_3200_controller_pico.dir/C_/Program_Files/Raspberry_Pi/Pico_SDK_v1.5.1/pico-sdk/src/rp2_common/hardware_dma/dma.c.obj
                0x1000931c                dma_channel_cleanup
 .text.cyw43_sleep_timeout_reached
                0x10009378       0x50 CMakeFiles/mw_3200_controller_pico.dir/C_/Program_Files/Raspberry_Pi/Pico_SDK_v1.5.1/pico-sdk/src/rp2_common/pico_cyw43_driver/cyw43_driver.c.obj
 .text.cyw43_set_irq_enabled
                0x100093c8        0xe CMakeFiles/mw_3200_controller_pico.dir/C_/Program_Files/Raspberry_Pi/Pico_SDK_v1.5.1/pico-sdk/src/rp2_common/pico_cyw43_driver/cyw43_driver.c.obj
 *fill*         0x100093d6        0x2 
 .text.cyw43_irq_init
                0x100093d8       0x50 CMakeFiles/mw_3200_controller_pico.dir/C_/Program_Files/Raspberry_Pi/Pico_SDK_v1.5.1/pico-sdk/src/rp2_common/pico_cyw43_driver/cyw43_driver.c.obj
                0x100093d8                cyw43_irq_init
 .text.cyw43_gpio_irq_handler
                0x10009428       0x40 CMakeFiles/mw_3200_controller_pico.dir/C_/Program_Files/Raspberry_Pi/Pico_SDK_v1.5.1/pico-sdk/src/rp2_common/pico_cyw43_driver/cyw43_driver.c.obj
 .text.cyw43_irq_deinit
                0x10009468       0x48 CMakeFiles/mw_3200_controller_pico.dir/C_/Program_Files/Raspberry_Pi/Pico_SDK_v1.5.1/pico-sdk/src/rp2_common/pico_cyw43_driver/cyw43_driver.c.obj
                0x10009468                cyw43_irq_deinit
 .text.no_lwip_fail
                0x100094b0        0xc CMakeFiles/mw_3200_controller_pico.dir/C_/Program_Files/Raspberry_Pi/Pico_SDK_v1.5.1/pico-sdk/src/rp2_common/pico_cyw43_driver/cyw43_driver.c.obj
 .text.cyw43_do_poll
                0x100094bc       0xc8 CMakeFiles/mw_3200_controller_pico.dir/C_/Program_Files/Raspberry_Pi/Pico_SDK_v1.5.1/pico-sdk/src/rp2_common/pico_cyw43_driver/cyw43_driver.c.obj
 .text.cyw43_post_poll_hook
                0x10009584       0x38 CMakeFiles/mw_3200_controller_pico.dir/C_/Program_Files/Raspberry_Pi/Pico_SDK_v1.5.1/pico-sdk/src/rp2_common/pico_cyw43_driver/cyw43_driver.c.obj
                0x10009584                cyw43_post_poll_hook
 .text.cyw43_schedule_internal_poll_dispatch
                0x100095bc       0x3c CMakeFiles/mw_3200_controller_pico.dir/C_/Program_Files/Raspberry_Pi/Pico_SDK_v1.5.1/pico-sdk/src/rp2_common/pico_cyw43_driver/cyw43_driver.c.obj
                0x100095bc                cyw43_schedule_internal_poll_dispatch
 .text.cyw43_driver_init
                0x100095f8       0x38 CMakeFiles/mw_3200_controller_pico.dir/C_/Program_Files/Raspberry_Pi/Pico_SDK_v1.5.1/pico-sdk/src/rp2_common/pico_cyw43_driver/cyw43_driver.c.obj
                0x100095f8                cyw43_driver_init
 .text.cyw43_driver_deinit
                0x10009630       0x64 CMakeFiles/mw_3200_controller_pico.dir/C_/Program_Files/Raspberry_Pi/Pico_SDK_v1.5.1/pico-sdk/src/rp2_common/pico_cyw43_driver/cyw43_driver.c.obj
                0x10009630                cyw43_driver_deinit
 .text.storage_read_blocks
                0x10009694        0x6 CMakeFiles/mw_3200_controller_pico.dir/C_/Program_Files/Raspberry_Pi/Pico_SDK_v1.5.1/pico-sdk/src/rp2_common/pico_cyw43_driver/cyw43_driver.c.obj
                0x10009694                storage_read_blocks
 *fill*         0x1000969a        0x2 
 .text.cyw43_hal_generate_laa_mac
                0x1000969c       0x34 CMakeFiles/mw_3200_controller_pico.dir/C_/Program_Files/Raspberry_Pi/Pico_SDK_v1.5.1/pico-sdk/src/rp2_common/pico_cyw43_driver/cyw43_driver.c.obj
                0x1000969c                cyw43_hal_generate_laa_mac
 .text.cyw43_thread_enter
                0x100096d0       0x14 CMakeFiles/mw_3200_controller_pico.dir/C_/Program_Files/Raspberry_Pi/Pico_SDK_v1.5.1/pico-sdk/src/rp2_common/pico_cyw43_driver/cyw43_driver.c.obj
                0x100096d0                cyw43_thread_enter
 .text.cyw43_thread_exit
                0x100096e4       0x14 CMakeFiles/mw_3200_controller_pico.dir/C_/Program_Files/Raspberry_Pi/Pico_SDK_v1.5.1/pico-sdk/src/rp2_common/pico_cyw43_driver/cyw43_driver.c.obj
                0x100096e4                cyw43_thread_exit
 .text.cyw43_thread_lock_check
                0x100096f8       0x14 CMakeFiles/mw_3200_controller_pico.dir/C_/Program_Files/Raspberry_Pi/Pico_SDK_v1.5.1/pico-sdk/src/rp2_common/pico_cyw43_driver/cyw43_driver.c.obj
                0x100096f8                cyw43_thread_lock_check
 .text.cyw43_await_background_or_timeout_us
                0x1000970c       0x60 CMakeFiles/mw_3200_controller_pico.dir/C_/Program_Files/Raspberry_Pi/Pico_SDK_v1.5.1/pico-sdk/src/rp2_common/pico_cyw43_driver/cyw43_driver.c.obj
                0x1000970c                cyw43_await_background_or_timeout_us
 .text.cyw43_delay_ms
                0x1000976c       0x70 CMakeFiles/mw_3200_controller_pico.dir/C_/Program_Files/Raspberry_Pi/Pico_SDK_v1.5.1/pico-sdk/src/rp2_common/pico_cyw43_driver/cyw43_driver.c.obj
                0x1000976c                cyw43_delay_ms
 .text.cyw43_cb_tcpip_deinit
                0x100097dc        0x2 CMakeFiles/mw_3200_controller_pico.dir/C_/Program_Files/Raspberry_Pi/Pico_SDK_v1.5.1/pico-sdk/src/rp2_common/pico_cyw43_driver/cyw43_driver.c.obj
                0x100097dc                cyw43_cb_tcpip_deinit
 .text.cyw43_cb_tcpip_set_link_up
                0x100097de        0x6 CMakeFiles/mw_3200_controller_pico.dir/C_/Program_Files/Raspberry_Pi/Pico_SDK_v1.5.1/pico-sdk/src/rp2_common/pico_cyw43_driver/cyw43_driver.c.obj
                0x100097de                cyw43_cb_tcpip_set_link_up
 .text.cyw43_cb_tcpip_set_link_down
                0x100097e4        0x6 CMakeFiles/mw_3200_controller_pico.dir/C_/Program_Files/Raspberry_Pi/Pico_SDK_v1.5.1/pico-sdk/src/rp2_common/pico_cyw43_driver/cyw43_driver.c.obj
                0x100097e4                cyw43_cb_tcpip_set_link_down
 .text.cyw43_cb_process_ethernet
                0x100097ea        0x6 CMakeFiles/mw_3200_controller_pico.dir/C_/Program_Files/Raspberry_Pi/Pico_SDK_v1.5.1/pico-sdk/src/rp2_common/pico_cyw43_driver/cyw43_driver.c.obj
                0x100097ea                cyw43_cb_process_ethernet
 .text.async_context_threadsafe_background_acquire_lock_blocking
                0x100097f0        0xa CMakeFiles/mw_3200_controller_pico.dir/C_/Program_Files/Raspberry_Pi/Pico_SDK_v1.5.1/pico-sdk/src/rp2_common/pico_async_context/async_context_threadsafe_background.c.obj
 .text.async_context_threadsafe_background_wake_up
                0x100097fa       0x16 CMakeFiles/mw_3200_controller_pico.dir/C_/Program_Files/Raspberry_Pi/Pico_SDK_v1.5.1/pico-sdk/src/rp2_common/pico_async_context/async_context_threadsafe_background.c.obj
 .text.alarm_handler
                0x10009810       0x14 CMakeFiles/mw_3200_controller_pico.dir/C_/Program_Files/Raspberry_Pi/Pico_SDK_v1.5.1/pico-sdk/src/rp2_common/pico_async_context/async_context_threadsafe_background.c.obj
 .text.async_context_threadsafe_background_set_work_pending
                0x10009824        0xc CMakeFiles/mw_3200_controller_pico.dir/C_/Program_Files/Raspberry_Pi/Pico_SDK_v1.5.1/pico-sdk/src/rp2_common/pico_async_context/async_context_threadsafe_background.c.obj
 .text.async_context_threadsafe_background_lock_check
                0x10009830       0x2c CMakeFiles/mw_3200_controller_pico.dir/C_/Program_Files/Raspberry_Pi/Pico_SDK_v1.5.1/pico-sdk/src/rp2_common/pico_async_context/async_context_threadsafe_background.c.obj
 .text.process_under_lock
                0x1000985c       0xfc CMakeFiles/mw_3200_controller_pico.dir/C_/Program_Files/Raspberry_Pi/Pico_SDK_v1.5.1/pico-sdk/src/rp2_common/pico_async_context/async_context_threadsafe_background.c.obj
 .text.lock_release
                0x10009958       0x1e CMakeFiles/mw_3200_controller_pico.dir/C_/Program_Files/Raspberry_Pi/Pico_SDK_v1.5.1/pico-sdk/src/rp2_common/pico_async_context/async_context_threadsafe_background.c.obj
 .text.async_context_threadsafe_background_execute_sync
                0x10009976       0x1e CMakeFiles/mw_3200_controller_pico.dir/C_/Program_Files/Raspberry_Pi/Pico_SDK_v1.5.1/pico-sdk/src/rp2_common/pico_async_context/async_context_threadsafe_background.c.obj
                0x10009976                async_context_threadsafe_background_execute_sync
 .text.async_context_threadsafe_background_release_lock