Archive member included to satisfy reference by file (symbol)

c:/progra~1/raspbe~1/picosd~1.1/gcc-ar~1/bin/../lib/gcc/arm-none-eabi/10.3.1/thumb/v6-m/nofp\libgcc.a(_dvmd_tls.o)
                              CMakeFiles/picow_blink.dir/C_/Program_Files/Raspberry_Pi/Pico_SDK_v1.5.1/pico-sdk/src/rp2_common/pico_divider/divider.S.obj (__aeabi_idiv0)
c:/progra~1/raspbe~1/picosd~1.1/gcc-ar~1/bin/../lib/gcc/arm-none-eabi/10.3.1/../../../../arm-none-eabi/lib/thumb/v6-m/nofp\libg.a(lib_a-calloc.o)
                              CMakeFiles/picow_blink.dir/C_/Program_Files/Raspberry_Pi/Pico_SDK_v1.5.1/pico-sdk/src/rp2_common/pico_malloc/pico_malloc.c.obj (calloc)
c:/progra~1/raspbe~1/picosd~1.1/gcc-ar~1/bin/../lib/gcc/arm-none-eabi/10.3.1/../../../../arm-none-eabi/lib/thumb/v6-m/nofp\libg.a(lib_a-callocr.o)
                              c:/progra~1/raspbe~1/picosd~1.1/gcc-ar~1/bin/../lib/gcc/arm-none-eabi/10.3.1/../../../../arm-none-eabi/lib/thumb/v6-m/nofp\libg.a(lib_a-calloc.o) (_calloc_r)
c:/progra~1/raspbe~1/picosd~1.1/gcc-ar~1/bin/../lib/gcc/arm-none-eabi/10.3.1/../../../../arm-none-eabi/lib/thumb/v6-m/nofp\libg.a(lib_a-errno.o)
                              c:/progra~1/raspbe~1/picosd~1.1/gcc-ar~1/bin/../lib/gcc/arm-none-eabi/10.3.1/../../../../arm-none-eabi/lib/thumb/v6-m/nofp\libg.a(lib_a-callocr.o) (__errno)
c:/progra~1/raspbe~1/picosd~1.1/gcc-ar~1/bin/../lib/gcc/arm-none-eabi/10.3.1/../../../../arm-none-eabi/lib/thumb/v6-m/nofp\libg.a(lib_a-impure.o)
                              c:/progra~1/raspbe~1/picosd~1.1/gcc-ar~1/bin/../lib/gcc/arm-none-eabi/10.3.1/../../../../arm-none-eabi/lib/thumb/v6-m/nofp\libg.a(lib_a-calloc.o) (_impure_ptr)
c:/progra~1/raspbe~1/picosd~1.1/gcc-ar~1/bin/../lib/gcc/arm-none-eabi/10.3.1/../../../../arm-none-eabi/lib/thumb/v6-m/nofp\libg.a(lib_a-init.o)
                              c:/progra~1/raspbe~1/picosd~1.1/gcc-ar~1/bin/../lib/gcc/arm-none-eabi/10.3.1/../../../../arm-none-eabi/lib/thumb/v6-m/nofp/crt0.o (__libc_init_array)
c:/progra~1/raspbe~1/picosd~1.1/gcc-ar~1/bin/../lib/gcc/arm-none-eabi/10.3.1/../../../../arm-none-eabi/lib/thumb/v6-m/nofp\libg.a(lib_a-malloc.o)
                              CMakeFiles/picow_blink.dir/C_/Program_Files/Raspberry_Pi/Pico_SDK_v1.5.1/pico-sdk/src/rp2_common/pico_malloc/pico_malloc.c.obj (malloc)
c:/progra~1/raspbe~1/picosd~1.1/gcc-ar~1/bin/../lib/gcc/arm-none-eabi/10.3.1/../../../../arm-none-eabi/lib/thumb/v6-m/nofp\libg.a(lib_a-mallocr.o)
                              c:/progra~1/raspbe~1/picosd~1.1/gcc-ar~1/bin/../lib/gcc/arm-none-eabi/10.3.1/../../../../arm-none-eabi/lib/thumb/v6-m/nofp\libg.a(lib_a-callocr.o) (_malloc_r)
c:/progra~1/raspbe~1/picosd~1.1/gcc-ar~1/bin/../lib/gcc/arm-none-eabi/10.3.1/../../../../arm-none-eabi/lib/thumb/v6-m/nofp\libg.a(lib_a-memcmp.o)
                              CMakeFiles/picow_blink.dir/C_/Program_Files/Raspberry_Pi/Pico_SDK_v1.5.1/pico-sdk/lib/cyw43-driver/src/cyw43_ll.c.obj (memcmp)
c:/progra~1/raspbe~1/picosd~1.1/gcc-ar~1/bin/../lib/gcc/arm-none-eabi/10.3.1/../../../../arm-none-eabi/lib/thumb/v6-m/nofp\libg.a(lib_a-memmove.o)
                              CMakeFiles/picow_blink.dir/C_/Program_Files/Raspberry_Pi/Pico_SDK_v1.5.1/pico-sdk/lib/cyw43-driver/src/cyw43_ll.c.obj (memmove)
c:/progra~1/raspbe~1/picosd~1.1/gcc-ar~1/bin/../lib/gcc/arm-none-eabi/10.3.1/../../../../arm-none-eabi/lib/thumb/v6-m/nofp\libg.a(lib_a-mlock.o)
                              c:/progra~1/raspbe~1/picosd~1.1/gcc-ar~1/bin/../lib/gcc/arm-none-eabi/10.3.1/../../../../arm-none-eabi/lib/thumb/v6-m/nofp\libg.a(lib_a-mallocr.o) (__malloc_lock)
c:/progra~1/raspbe~1/picosd~1.1/gcc-ar~1/bin/../lib/gcc/arm-none-eabi/10.3.1/../../../../arm-none-eabi/lib/thumb/v6-m/nofp\libg.a(lib_a-realloc.o)
                              CMakeFiles/picow_blink.dir/C_/Program_Files/Raspberry_Pi/Pico_SDK_v1.5.1/pico-sdk/src/rp2_common/pico_malloc/pico_malloc.c.obj (realloc)
c:/progra~1/raspbe~1/picosd~1.1/gcc-ar~1/bin/../lib/gcc/arm-none-eabi/10.3.1/../../../../arm-none-eabi/lib/thumb/v6-m/nofp\libg.a(lib_a-reallocr.o)
                              c:/progra~1/raspbe~1/picosd~1.1/gcc-ar~1/bin/../lib/gcc/arm-none-eabi/10.3.1/../../../../arm-none-eabi/lib/thumb/v6-m/nofp\libg.a(lib_a-realloc.o) (_realloc_r)
c:/progra~1/raspbe~1/picosd~1.1/gcc-ar~1/bin/../lib/gcc/arm-none-eabi/10.3.1/../../../../arm-none-eabi/lib/thumb/v6-m/nofp\libg.a(lib_a-sbrkr.o)
                              c:/progra~1/raspbe~1/picosd~1.1/gcc-ar~1/bin/../lib/gcc/arm-none-eabi/10.3.1/../../../../arm-none-eabi/lib/thumb/v6-m/nofp\libg.a(lib_a-mallocr.o) (_sbrk_r)
c:/progra~1/raspbe~1/picosd~1.1/gcc-ar~1/bin/../lib/gcc/arm-none-eabi/10.3.1/../../../../arm-none-eabi/lib/thumb/v6-m/nofp\libg.a(lib_a-strlen-stub.o)
                              CMakeFiles/picow_blink.dir/C_/Program_Files/Raspberry_Pi/Pico_SDK_v1.5.1/pico-sdk/src/rp2_common/pico_stdio/stdio.c.obj (strlen)
[...]
Memory Configuration

Name             Origin             Length             Attributes
FLASH            0x10000000         0x00200000         xr
RAM              0x20000000         0x00040000         xrw
SCRATCH_X        0x20040000         0x00001000         xrw
SCRATCH_Y        0x20041000         0x00001000         xrw
*default*        0x00000000         0xffffffff

Linker script and memory map

LOAD c:/progra~1/raspbe~1/picosd~1.1/gcc-ar~1/bin/../lib/gcc/arm-none-eabi/10.3.1/thumb/v6-m/nofp/crti.o
LOAD c:/progra~1/raspbe~1/picosd~1.1/gcc-ar~1/bin/../lib/gcc/arm-none-eabi/10.3.1/thumb/v6-m/nofp/crtbegin.o
LOAD c:/progra~1/raspbe~1/picosd~1.1/gcc-ar~1/bin/../lib/gcc/arm-none-eabi/10.3.1/../../../../arm-none-eabi/lib/thumb/v6-m/nofp/crt0.o

.flash_begin    0x10000000        0x0
                0x10000000                __flash_binary_start = .

.boot2          0x10000000      0x100
                0x10000000                __boot2_start__ = .
 *(.boot2)
 .boot2         0x10000000      0x100 C:\Users\drad\AppData\Local\Temp\ccGkNLcB.o
                0x10000100                __boot2_end__ = .
                0x00000001                ASSERT (((__boot2_end__ - __boot2_start__) == 0x100), ERROR: Pico second stage bootloader must be 256 bytes in size)

.text           0x10000100     0x7c78
                0x10000100                __logical_binary_start = .
 *(.vectors)
 .vectors       0x10000100       0xd4 CMakeFiles/picow_blink.dir/C_/Program_Files/Raspberry_Pi/Pico_SDK_v1.5.1/pico-sdk/src/rp2_common/pico_standard_link/crt0.S.obj
                0x10000100                __VECTOR_TABLE
                0x10000100                __vectors
                0x100001c0                isr_invalid
                0x100001c0                __default_isrs_start
                0x100001c2                isr_nmi
                0x100001c4                isr_hardfault
                0x100001c6                isr_svcall
                0x100001c8                isr_pendsv
                0x100001ca                isr_systick
                0x100001cc                isr_irq23
                0x100001cc                isr_irq18
                0x100001cc                isr_irq11
                0x100001cc                isr_irq28
                0x100001cc                isr_irq19
                0x100001cc                isr_irq0
                0x100001cc                isr_irq6
                0x100001cc                isr_irq5
                0x100001cc                isr_irq12
                0x100001cc                isr_irq22
                0x100001cc                isr_irq31
                0x100001cc                isr_irq17
                0x100001cc                isr_irq27
                0x100001cc                isr_irq30
                0x100001cc                isr_irq2
                0x100001cc                isr_irq10
                0x100001cc                isr_irq8
                0x100001cc                isr_irq24
                0x100001cc                isr_irq1
                0x100001cc                isr_irq7
                0x100001cc                isr_irq21
                0x100001cc                isr_irq20
                0x100001cc                isr_irq15
                0x100001cc                isr_irq25
                0x100001cc                isr_irq13
                0x100001cc                __unhandled_user_irq
                0x100001cc                isr_irq4
                0x100001cc                isr_irq16
                0x100001cc                isr_irq29
                0x100001cc                isr_irq26
                0x100001cc                __default_isrs_end
                0x100001cc                isr_irq3
                0x100001cc                isr_irq14
                0x100001cc                isr_irq9
                0x100001d2                unhandled_user_irq_num_in_r0
 *(.binary_info_header)
 .binary_info_header
                0x100001d4       0x14 CMakeFiles/picow_blink.dir/C_/Program_Files/Raspberry_Pi/Pico_SDK_v1.5.1/pico-sdk/src/rp2_common/pico_standard_link/crt0.S.obj
                0x100001e8                __binary_info_header_end = .
 *(.reset)
 .reset         0x100001e8       0xa0 CMakeFiles/picow_blink.dir/C_/Program_Files/Raspberry_Pi/Pico_SDK_v1.5.1/pico-sdk/src/rp2_common/pico_standard_link/crt0.S.obj
                0x100001e8                _entry_point
 .reset         0x10000288       0x30 CMakeFiles/picow_blink.dir/C_/Program_Files/Raspberry_Pi/Pico_SDK_v1.5.1/pico-sdk/src/rp2_common/pico_standard_link/binary_info.c.obj
 *(.init)
 .init          0x100002b8        0x4 c:/progra~1/raspbe~1/picosd~1.1/gcc-ar~1/bin/../lib/gcc/arm-none-eabi/10.3.1/thumb/v6-m/nofp/crti.o
                0x100002b8                _init
 *(EXCLUDE_FILE(*libm.a: *libc.a:*lib_a-mem*.o *libgcc.a:) .text*)
 .text          0x100002bc       0x48 c:/progra~1/raspbe~1/picosd~1.1/gcc-ar~1/bin/../lib/gcc/arm-none-eabi/10.3.1/thumb/v6-m/nofp/crtbegin.o
 .text.main     0x10000304       0x3c CMakeFiles/picow_blink.dir/picow_blink.c.obj
                0x10000304                main
 .text.gpio_set_function
                0x10000340       0x30 CMakeFiles/picow_blink.dir/C_/Program_Files/Raspberry_Pi/Pico_SDK_v1.5.1/pico-sdk/src/rp2_common/hardware_gpio/gpio.c.obj
                0x10000340                gpio_set_function
 .text.gpio_set_pulls
                0x10000370       0x34 CMakeFiles/picow_blink.dir/C_/Program_Files/Raspberry_Pi/Pico_SDK_v1.5.1/pico-sdk/src/rp2_common/hardware_gpio/gpio.c.obj
                0x10000370                gpio_set_pulls
 .text.gpio_set_input_hysteresis_enabled
                0x100003a4       0x30 CMakeFiles/picow_blink.dir/C_/Program_Files/Raspberry_Pi/Pico_SDK_v1.5.1/pico-sdk/src/rp2_common/hardware_gpio/gpio.c.obj
                0x100003a4                gpio_set_input_hysteresis_enabled
 .text.gpio_add_raw_irq_handler_with_order_priority_masked
                0x100003d4       0x40 CMakeFiles/picow_blink.dir/C_/Program_Files/Raspberry_Pi/Pico_SDK_v1.5.1/pico-sdk/src/rp2_common/hardware_gpio/gpio.c.obj
                0x100003d4                gpio_add_raw_irq_handler_with_order_priority_masked
 .text.gpio_remove_raw_irq_handler_masked
                0x10000414       0x48 CMakeFiles/picow_blink.dir/C_/Program_Files/Raspberry_Pi/Pico_SDK_v1.5.1/pico-sdk/src/rp2_common/hardware_gpio/gpio.c.obj
                0x10000414                gpio_remove_raw_irq_handler_masked
 .text.gpio_acknowledge_irq
                0x1000045c       0x18 CMakeFiles/picow_blink.dir/C_/Program_Files/Raspberry_Pi/Pico_SDK_v1.5.1/pico-sdk/src/rp2_common/hardware_gpio/gpio.c.obj
                0x1000045c                gpio_acknowledge_irq
 .text._gpio_set_irq_enabled
                0x10000474       0x34 CMakeFiles/picow_blink.dir/C_/Program_Files/Raspberry_Pi/Pico_SDK_v1.5.1/pico-sdk/src/rp2_common/hardware_gpio/gpio.c.obj
 .text.gpio_set_irq_enabled
                0x100004a8       0x20 CMakeFiles/picow_blink.dir/C_/Program_Files/Raspberry_Pi/Pico_SDK_v1.5.1/pico-sdk/src/rp2_common/hardware_gpio/gpio.c.obj
                0x100004a8                gpio_set_irq_enabled
 .text.gpio_init
                0x100004c8       0x16 CMakeFiles/picow_blink.dir/C_/Program_Files/Raspberry_Pi/Pico_SDK_v1.5.1/pico-sdk/src/rp2_common/hardware_gpio/gpio.c.obj
                0x100004c8                gpio_init
 *fill*         0x100004de        0x2 
 .text.running_on_fpga
                0x100004e0       0x14 CMakeFiles/picow_blink.dir/C_/Program_Files/Raspberry_Pi/Pico_SDK_v1.5.1/pico-sdk/src/rp2_common/pico_platform/platform.c.obj
                0x100004e0                running_on_fpga
 .text.hw_claim_lock
                0x100004f4       0x18 CMakeFiles/picow_blink.dir/C_/Program_Files/Raspberry_Pi/Pico_SDK_v1.5.1/pico-sdk/src/rp2_common/hardware_claim/claim.c.obj
                0x100004f4                hw_claim_lock
 .text.hw_claim_unlock
                0x1000050c       0x14 CMakeFiles/picow_blink.dir/C_/Program_Files/Raspberry_Pi/Pico_SDK_v1.5.1/pico-sdk/src/rp2_common/hardware_claim/claim.c.obj
                0x1000050c                hw_claim_unlock
 .text.hw_claim_or_assert
                0x10000520       0x32 CMakeFiles/picow_blink.dir/C_/Program_Files/Raspberry_Pi/Pico_SDK_v1.5.1/pico-sdk/src/rp2_common/hardware_claim/claim.c.obj
                0x10000520                hw_claim_or_assert
 .text.hw_claim_unused_from_range
                0x10000552       0x50 CMakeFiles/picow_blink.dir/C_/Program_Files/Raspberry_Pi/Pico_SDK_v1.5.1/pico-sdk/src/rp2_common/hardware_claim/claim.c.obj
                0x10000552                hw_claim_unused_from_range
 *fill*         0x100005a2        0x2 
 .text.hw_claim_clear
                0x100005a4       0x40 CMakeFiles/picow_blink.dir/C_/Program_Files/Raspberry_Pi/Pico_SDK_v1.5.1/pico-sdk/src/rp2_common/hardware_claim/claim.c.obj
                0x100005a4                hw_claim_clear
 .text.spin_locks_reset
                0x100005e4       0x20 CMakeFiles/picow_blink.dir/C_/Program_Files/Raspberry_Pi/Pico_SDK_v1.5.1/pico-sdk/src/rp2_common/hardware_sync/sync.c.obj
                0x100005e4                spin_locks_reset
 .text.next_striped_spin_lock_num
                0x10000604       0x1c CMakeFiles/picow_blink.dir/C_/Program_Files/Raspberry_Pi/Pico_SDK_v1.5.1/pico-sdk/src/rp2_common/hardware_sync/sync.c.obj
                0x10000604                next_striped_spin_lock_num
 .text.set_raw_irq_handler_and_unlock
                0x10000620       0x28 CMakeFiles/picow_blink.dir/C_/Program_Files/Raspberry_Pi/Pico_SDK_v1.5.1/pico-sdk/src/rp2_common/hardware_irq/irq.c.obj
 .text.get_user_irq_claim_index
                0x10000648        0x6 CMakeFiles/picow_blink.dir/C_/Program_Files/Raspberry_Pi/Pico_SDK_v1.5.1/pico-sdk/src/rp2_common/hardware_irq/irq.c.obj
 *fill*         0x1000064e        0x2 
 .text.make_branch
                0x10000650       0x48 CMakeFiles/picow_blink.dir/C_/Program_Files/Raspberry_Pi/Pico_SDK_v1.5.1/pico-sdk/src/rp2_common/hardware_irq/irq.c.obj
 .text.insert_branch_and_link
                0x10000698       0x40 CMakeFiles/picow_blink.dir/C_/Program_Files/Raspberry_Pi/Pico_SDK_v1.5.1/pico-sdk/src/rp2_common/hardware_irq/irq.c.obj
 .text.irq_is_enabled
                0x100006d8       0x18 CMakeFiles/picow_blink.dir/C_/Program_Files/Raspberry_Pi/Pico_SDK_v1.5.1/pico-sdk/src/rp2_common/hardware_irq/irq.c.obj
                0x100006d8                irq_is_enabled
 .text.irq_set_mask_enabled
                0x100006f0       0x20 CMakeFiles/picow_blink.dir/C_/Program_Files/Raspberry_Pi/Pico_SDK_v1.5.1/pico-sdk/src/rp2_common/hardware_irq/irq.c.obj
                0x100006f0                irq_set_mask_enabled
 .text.irq_set_enabled
                0x10000710        0xe CMakeFiles/picow_blink.dir/C_/Program_Files/Raspberry_Pi/Pico_SDK_v1.5.1/pico-sdk/src/rp2_common/hardware_irq/irq.c.obj
                0x10000710                irq_set_enabled
 *fill*         0x1000071e        0x2 
 .text.irq_set_pending
                0x10000720       0x10 CMakeFiles/picow_blink.dir/C_/Program_Files/Raspberry_Pi/Pico_SDK_v1.5.1/pico-sdk/src/rp2_common/hardware_irq/irq.c.obj
                0x10000720                irq_set_pending
 .text.irq_get_vtable_handler
                0x10000730       0x10 CMakeFiles/picow_blink.dir/C_/Program_Files/Raspberry_Pi/Pico_SDK_v1.5.1/pico-sdk/src/rp2_common/hardware_irq/irq.c.obj
                0x10000730                irq_get_vtable_handler
 .text.irq_set_exclusive_handler
                0x10000740       0x54 CMakeFiles/picow_blink.dir/C_/Program_Files/Raspberry_Pi/Pico_SDK_v1.5.1/pico-sdk/src/rp2_common/hardware_irq/irq.c.obj
                0x10000740                irq_set_exclusive_handler
 .text.irq_add_shared_handler
                0x10000794      0x234 CMakeFiles/picow_blink.dir/C_/Program_Files/Raspberry_Pi/Pico_SDK_v1.5.1/pico-sdk/src/rp2_common/hardware_irq/irq.c.obj
                0x10000794                irq_add_shared_handler
 .text.irq_remove_handler
                0x100009c8      0x1ac CMakeFiles/picow_blink.dir/C_/Program_Files/Raspberry_Pi/Pico_SDK_v1.5.1/pico-sdk/src/rp2_common/hardware_irq/irq.c.obj
                0x100009c8                irq_remove_handler
 .text.irq_set_priority
                0x10000b74       0x28 CMakeFiles/picow_blink.dir/C_/Program_Files/Raspberry_Pi/Pico_SDK_v1.5.1/pico-sdk/src/rp2_common/hardware_irq/irq.c.obj
                0x10000b74                irq_set_priority
 .text.irq_add_tail_to_free_list
                0x10000b9c       0xf0 CMakeFiles/picow_blink.dir/C_/Program_Files/Raspberry_Pi/Pico_SDK_v1.5.1/pico-sdk/src/rp2_common/hardware_irq/irq.c.obj
                0x10000b9c                irq_add_tail_to_free_list
 .text.irq_init_priorities
                0x10000c8c       0x1c CMakeFiles/picow_blink.dir/C_/Program_Files/Raspberry_Pi/Pico_SDK_v1.5.1/pico-sdk/src/rp2_common/hardware_irq/irq.c.obj
                0x10000c8c                irq_init_priorities
 .text.user_irq_unclaim
                0x10000ca8       0x14 CMakeFiles/picow_blink.dir/C_/Program_Files/Raspberry_Pi/Pico_SDK_v1.5.1/pico-sdk/src/rp2_common/hardware_irq/irq.c.obj
                0x10000ca8                user_irq_unclaim
 .text.user_irq_claim_unused
                0x10000cbc       0x28 CMakeFiles/picow_blink.dir/C_/Program_Files/Raspberry_Pi/Pico_SDK_v1.5.1/pico-sdk/src/rp2_common/hardware_irq/irq.c.obj
                0x10000cbc                user_irq_claim_unused
 .text.sem_init
                0x10000ce4       0x1e CMakeFiles/picow_blink.dir/C_/Program_Files/Raspberry_Pi/Pico_SDK_v1.5.1/pico-sdk/src/common/pico_sync/sem.c.obj
                0x10000ce4                sem_init
 *fill*         0x10000d02        0x2 
 .text.lock_init
                0x10000d04       0x10 CMakeFiles/picow_blink.dir/C_/Program_Files/Raspberry_Pi/Pico_SDK_v1.5.1/pico-sdk/src/common/pico_sync/lock_core.c.obj
                0x10000d04                lock_init
 .text.mutex_init
                0x10000d14       0x1a CMakeFiles/picow_blink.dir/C_/Program_Files/Raspberry_Pi/Pico_SDK_v1.5.1/pico-sdk/src/common/pico_sync/mutex.c.obj
                0x10000d14                mutex_init
 .text.recursive_mutex_init
                0x10000d2e       0x1e CMakeFiles/picow_blink.dir/C_/Program_Files/Raspberry_Pi/Pico_SDK_v1.5.1/pico-sdk/src/common/pico_sync/mutex.c.obj
                0x10000d2e                recursive_mutex_init
 .text.alarm_pool_post_alloc_init
                0x10000d4c       0x40 CMakeFiles/picow_blink.dir/C_/Program_Files/Raspberry_Pi/Pico_SDK_v1.5.1/pico-sdk/src/common/pico_time/time.c.obj
 .text.sleep_until_callback
                0x10000d8c       0x30 CMakeFiles/picow_blink.dir/C_/Program_Files/Raspberry_Pi/Pico_SDK_v1.5.1/pico-sdk/src/common/pico_time/time.c.obj
 .text.timer_pool_entry_comparator
                0x10000dbc       0x7c CMakeFiles/picow_blink.dir/C_/Program_Files/Raspberry_Pi/Pico_SDK_v1.5.1/pico-sdk/src/common/pico_time/time.c.obj
                0x10000dbc                timer_pool_entry_comparator
 .text.ph_add_child_node
                0x10000e38       0xa4 CMakeFiles/picow_blink.dir/C_/Program_Files/Raspberry_Pi/Pico_SDK_v1.5.1/pico-sdk/src/common/pico_time/time.c.obj
 .text.ph_merge_nodes
                0x10000edc       0x3e CMakeFiles/picow_blink.dir/C_/Program_Files/Raspberry_Pi/Pico_SDK_v1.5.1/pico-sdk/src/common/pico_time/time.c.obj
 *fill*         0x10000f1a        0x2 
 .text.add_alarm_under_lock
                0x10000f1c      0x174 CMakeFiles/picow_blink.dir/C_/Program_Files/Raspberry_Pi/Pico_SDK_v1.5.1/pico-sdk/src/common/pico_time/time.c.obj
 .text.alarm_pool_alarm_callback
                0x10001090      0x33c CMakeFiles/picow_blink.dir/C_/Program_Files/Raspberry_Pi/Pico_SDK_v1.5.1/pico-sdk/src/common/pico_time/time.c.obj
 .text.alarm_pool_init_default
                0x100013cc       0x40 CMakeFiles/picow_blink.dir/C_/Program_Files/Raspberry_Pi/Pico_SDK_v1.5.1/pico-sdk/src/common/pico_time/time.c.obj
                0x100013cc                alarm_pool_init_default
 .text.alarm_pool_get_default
                0x1000140c       0x2c CMakeFiles/picow_blink.dir/C_/Program_Files/Raspberry_Pi/Pico_SDK_v1.5.1/pico-sdk/src/common/pico_time/time.c.obj
                0x1000140c                alarm_pool_get_default
 .text.alarm_pool_add_alarm_at
                0x10001438      0x168 CMakeFiles/picow_blink.dir/C_/Program_Files/Raspberry_Pi/Pico_SDK_v1.5.1/pico-sdk/src/common/pico_time/time.c.obj
                0x10001438                alarm_pool_add_alarm_at
 .text.alarm_pool_cancel_alarm
                0x100015a0       0xf8 CMakeFiles/picow_blink.dir/C_/Program_Files/Raspberry_Pi/Pico_SDK_v1.5.1/pico-sdk/src/common/pico_time/time.c.obj
                0x100015a0                alarm_pool_cancel_alarm
 .text.alarm_pool_core_num
                0x10001698        0x4 CMakeFiles/picow_blink.dir/C_/Program_Files/Raspberry_Pi/Pico_SDK_v1.5.1/pico-sdk/src/common/pico_time/time.c.obj
                0x10001698                alarm_pool_core_num
 .text.sleep_until
                0x1000169c       0xfc CMakeFiles/picow_blink.dir/C_/Program_Files/Raspberry_Pi/Pico_SDK_v1.5.1/pico-sdk/src/common/pico_time/time.c.obj
                0x1000169c                sleep_until
 .text.sleep_us
                0x10001798       0x58 CMakeFiles/picow_blink.dir/C_/Program_Files/Raspberry_Pi/Pico_SDK_v1.5.1/pico-sdk/src/common/pico_time/time.c.obj
                0x10001798                sleep_us
 .text.sleep_ms
                0x100017f0       0x14 CMakeFiles/picow_blink.dir/C_/Program_Files/Raspberry_Pi/Pico_SDK_v1.5.1/pico-sdk/src/common/pico_time/time.c.obj
                0x100017f0                sleep_ms
 .text.best_effort_wfe_or_timeout
                0x10001804       0xac CMakeFiles/picow_blink.dir/C_/Program_Files/Raspberry_Pi/Pico_SDK_v1.5.1/pico-sdk/src/common/pico_time/time.c.obj
                0x10001804                best_effort_wfe_or_timeout
 .text.hardware_alarm_irq_handler
                0x100018b0       0x90 CMakeFiles/picow_blink.dir/C_/Program_Files/Raspberry_Pi/Pico_SDK_v1.5.1/pico-sdk/src/rp2_common/hardware_timer/timer.c.obj
 .text.hardware_alarm_claim
                0x10001940       0x18 CMakeFiles/picow_blink.dir/C_/Program_Files/Raspberry_Pi/Pico_SDK_v1.5.1/pico-sdk/src/rp2_common/hardware_timer/timer.c.obj
                0x10001940                hardware_alarm_claim
 .text.time_us_64
                0x10001958       0x18 CMakeFiles/picow_blink.dir/C_/Program_Files/Raspberry_Pi/Pico_SDK_v1.5.1/pico-sdk/src/rp2_common/hardware_timer/timer.c.obj
                0x10001958                time_us_64
 .text.busy_wait_until
                0x10001970       0x28 CMakeFiles/picow_blink.dir/C_/Program_Files/Raspberry_Pi/Pico_SDK_v1.5.1/pico-sdk/src/rp2_common/hardware_timer/timer.c.obj
                0x10001970                busy_wait_until
 .text.busy_wait_us
                0x10001998       0x48 CMakeFiles/picow_blink.dir/C_/Program_Files/Raspberry_Pi/Pico_SDK_v1.5.1/pico-sdk/src/rp2_common/hardware_timer/timer.c.obj
                0x10001998                busy_wait_us
 .text.hardware_alarm_set_callback
                0x100019e0       0x90 CMakeFiles/picow_blink.dir/C_/Program_Files/Raspberry_Pi/Pico_SDK_v1.5.1/pico-sdk/src/rp2_common/hardware_timer/timer.c.obj
                0x100019e0                hardware_alarm_set_callback
 .text.hardware_alarm_set_target
                0x10001a70       0xe8 CMakeFiles/picow_blink.dir/C_/Program_Files/Raspberry_Pi/Pico_SDK_v1.5.1/pico-sdk/src/rp2_common/hardware_timer/timer.c.obj
                0x10001a70                hardware_alarm_set_target
 .text.hardware_alarm_cancel
                0x10001b58       0x40 CMakeFiles/picow_blink.dir/C_/Program_Files/Raspberry_Pi/Pico_SDK_v1.5.1/pico-sdk/src/rp2_common/hardware_timer/timer.c.obj
                0x10001b58                hardware_alarm_cancel
 .text.ph_add_child_node
                0x10001b98       0xa4 CMakeFiles/picow_blink.dir/C_/Program_Files/Raspberry_Pi/Pico_SDK_v1.5.1/pico-sdk/src/common/pico_util/pheap.c.obj
 .text.ph_merge_nodes
                0x10001c3c       0x3e CMakeFiles/picow_blink.dir/C_/Program_Files/Raspberry_Pi/Pico_SDK_v1.5.1/pico-sdk/src/common/pico_util/pheap.c.obj
 *fill*         0x10001c7a        0x2 
 .text.ph_clear
                0x10001c7c       0x70 CMakeFiles/picow_blink.dir/C_/Program_Files/Raspberry_Pi/Pico_SDK_v1.5.1/pico-sdk/src/common/pico_util/pheap.c.obj
                0x10001c7c                ph_clear
 .text.ph_post_alloc_init
                0x10001cec        0xe CMakeFiles/picow_blink.dir/C_/Program_Files/Raspberry_Pi/Pico_SDK_v1.5.1/pico-sdk/src/common/pico_util/pheap.c.obj
                0x10001cec                ph_post_alloc_init
 *fill*         0x10001cfa        0x2 
 .text.ph_merge_two_pass
                0x10001cfc       0xa8 CMakeFiles/picow_blink.dir/C_/Program_Files/Raspberry_Pi/Pico_SDK_v1.5.1/pico-sdk/src/common/pico_util/pheap.c.obj
                0x10001cfc                ph_merge_two_pass
 .text.ph_remove_any_head
                0x10001da4      0x128 CMakeFiles/picow_blink.dir/C_/Program_Files/Raspberry_Pi/Pico_SDK_v1.5.1/pico-sdk/src/common/pico_util/pheap.c.obj
 .text.ph_remove_head
                0x10001ecc       0x14 CMakeFiles/picow_blink.dir/C_/Program_Files/Raspberry_Pi/Pico_SDK_v1.5.1/pico-sdk/src/common/pico_util/pheap.c.obj
                0x10001ecc                ph_remove_head
 .text.ph_remove_and_free_node
                0x10001ee0       0xf8 CMakeFiles/picow_blink.dir/C_/Program_Files/Raspberry_Pi/Pico_SDK_v1.5.1/pico-sdk/src/common/pico_util/pheap.c.obj
                0x10001ee0                ph_remove_and_free_node
 .text.uart_disable_before_lcr_write
                0x10001fd8       0x48 CMakeFiles/picow_blink.dir/C_/Program_Files/Raspberry_Pi/Pico_SDK_v1.5.1/pico-sdk/src/rp2_common/hardware_uart/uart.c.obj
 .text.uart_write_lcr_bits_masked
                0x10002020       0x22 CMakeFiles/picow_blink.dir/C_/Program_Files/Raspberry_Pi/Pico_SDK_v1.5.1/pico-sdk/src/rp2_common/hardware_uart/uart.c.obj
 *fill*         0x10002042        0x2 
 .text.uart_set_baudrate
                0x10002044       0x5c CMakeFiles/picow_blink.dir/C_/Program_Files/Raspberry_Pi/Pico_SDK_v1.5.1/pico-sdk/src/rp2_common/hardware_uart/uart.c.obj
                0x10002044                uart_set_baudrate
 .text.uart_set_format
                0x100020a0       0x2c CMakeFiles/picow_blink.dir/C_/Program_Files/Raspberry_Pi/Pico_SDK_v1.5.1/pico-sdk/src/rp2_common/hardware_uart/uart.c.obj
                0x100020a0                uart_set_format
 .text.uart_set_translate_crlf
                0x100020cc       0x28 CMakeFiles/picow_blink.dir/C_/Program_Files/Raspberry_Pi/Pico_SDK_v1.5.1/pico-sdk/src/rp2_common/hardware_uart/uart.c.obj
                0x100020cc                uart_set_translate_crlf
 .text.uart_init
                0x100020f4       0x80 CMakeFiles/picow_blink.dir/C_/Program_Files/Raspberry_Pi/Pico_SDK_v1.5.1/pico-sdk/src/rp2_common/hardware_uart/uart.c.obj
                0x100020f4                uart_init
 .text.clock_configure
                0x10002174      0x108 CMakeFiles/picow_blink.dir/C_/Program_Files/Raspberry_Pi/Pico_SDK_v1.5.1/pico-sdk/src/rp2_common/hardware_clocks/clocks.c.obj
                0x10002174                clock_configure
 .text.clocks_init
                0x1000227c      0x100 CMakeFiles/picow_blink.dir/C_/Program_Files/Raspberry_Pi/Pico_SDK_v1.5.1/pico-sdk/src/rp2_common/hardware_clocks/clocks.c.obj
                0x1000227c                clocks_init
 .text.clock_get_hz
                0x1000237c        0xc CMakeFiles/picow_blink.dir/C_/Program_Files/Raspberry_Pi/Pico_SDK_v1.5.1/pico-sdk/src/rp2_common/hardware_clocks/clocks.c.obj
                0x1000237c                clock_get_hz
 .text.pll_init
                0x10002388      0x120 CMakeFiles/picow_blink.dir/C_/Program_Files/Raspberry_Pi/Pico_SDK_v1.5.1/pico-sdk/src/rp2_common/hardware_pll/pll.c.obj
                0x10002388                pll_init
 .text.watchdog_start_tick
                0x100024a8       0x10 CMakeFiles/picow_blink.dir/C_/Program_Files/Raspberry_Pi/Pico_SDK_v1.5.1/pico-sdk/src/rp2_common/hardware_watchdog/watchdog.c.obj
                0x100024a8                watchdog_start_tick
 .text.xosc_init
                0x100024b8       0x28 CMakeFiles/picow_blink.dir/C_/Program_Files/Raspberry_Pi/Pico_SDK_v1.5.1/pico-sdk/src/rp2_common/hardware_xosc/xosc.c.obj
                0x100024b8                xosc_init
 .text._exit    0x100024e0        0x4 CMakeFiles/picow_blink.dir/C_/Program_Files/Raspberry_Pi/Pico_SDK_v1.5.1/pico-sdk/src/rp2_common/pico_runtime/runtime.c.obj
                0x100024e0                _exit
 .text.exit     0x100024e4        0x6 CMakeFiles/picow_blink.dir/C_/Program_Files/Raspberry_Pi/Pico_SDK_v1.5.1/pico-sdk/src/rp2_common/pico_runtime/runtime.c.obj
                0x100024e4                exit
 *fill*         0x100024ea        0x2 
 .text.__assert_func
                0x100024ec       0x3c CMakeFiles/picow_blink.dir/C_/Program_Files/Raspberry_Pi/Pico_SDK_v1.5.1/pico-sdk/src/rp2_common/pico_runtime/runtime.c.obj
                0x100024ec                __assert_func
 .text.runtime_init
                0x10002528       0xf8 CMakeFiles/picow_blink.dir/C_/Program_Files/Raspberry_Pi/Pico_SDK_v1.5.1/pico-sdk/src/rp2_common/pico_runtime/runtime.c.obj
                0x10002528                runtime_init
 .text.panic    0x10002620       0x30 CMakeFiles/picow_blink.dir/C_/Program_Files/Raspberry_Pi/Pico_SDK_v1.5.1/pico-sdk/src/rp2_common/pico_runtime/runtime.c.obj
                0x10002620                panic
 .text.panic_unsupported
                0x10002650        0xc CMakeFiles/picow_blink.dir/C_/Program_Files/Raspberry_Pi/Pico_SDK_v1.5.1/pico-sdk/src/rp2_common/pico_runtime/runtime.c.obj
                0x10002650                panic_unsupported
 .text._out_null
                0x1000265c        0x2 CMakeFiles/picow_blink.dir/C_/Program_Files/Raspberry_Pi/Pico_SDK_v1.5.1/pico-sdk/src/rp2_common/pico_printf/printf.c.obj
 .text._out_fct
                0x1000265e        0xe CMakeFiles/picow_blink.dir/C_/Program_Files/Raspberry_Pi/Pico_SDK_v1.5.1/pico-sdk/src/rp2_common/pico_printf/printf.c.obj
 .text._atoi    0x1000266c       0x24 CMakeFiles/picow_blink.dir/C_/Program_Files/Raspberry_Pi/Pico_SDK_v1.5.1/pico-sdk/src/rp2_common/pico_printf/printf.c.obj
 .text._out_rev
                0x10002690       0xae CMakeFiles/picow_blink.dir/C_/Program_Files/Raspberry_Pi/Pico_SDK_v1.5.1/pico-sdk/src/rp2_common/pico_printf/printf.c.obj
 .text._ntoa_format
                0x1000273e      0x112 CMakeFiles/picow_blink.dir/C_/Program_Files/Raspberry_Pi/Pico_SDK_v1.5.1/pico-sdk/src/rp2_common/pico_printf/printf.c.obj
 .text._ntoa_long
                0x10002850       0xbc CMakeFiles/picow_blink.dir/C_/Program_Files/Raspberry_Pi/Pico_SDK_v1.5.1/pico-sdk/src/rp2_common/pico_printf/printf.c.obj
 .text._ntoa_long_long
                0x1000290c       0xe2 CMakeFiles/picow_blink.dir/C_/Program_Files/Raspberry_Pi/Pico_SDK_v1.5.1/pico-sdk/src/rp2_common/pico_printf/printf.c.obj
 *fill*         0x100029ee        0x2 
 .text._etoa    0x100029f0      0x414 CMakeFiles/picow_blink.dir/C_/Program_Files/Raspberry_Pi/Pico_SDK_v1.5.1/pico-sdk/src/rp2_common/pico_printf/printf.c.obj
 .text._ftoa    0x10002e04      0x354 CMakeFiles/picow_blink.dir/C_/Program_Files/Raspberry_Pi/Pico_SDK_v1.5.1/pico-sdk/src/rp2_common/pico_printf/printf.c.obj
 .text._vsnprintf
                0x10003158      0x624 CMakeFiles/picow_blink.dir/C_/Program_Files/Raspberry_Pi/Pico_SDK_v1.5.1/pico-sdk/src/rp2_common/pico_printf/printf.c.obj
 .text.vfctprintf
                0x1000377c       0x20 CMakeFiles/picow_blink.dir/C_/Program_Files/Raspberry_Pi/Pico_SDK_v1.5.1/pico-sdk/src/rp2_common/pico_printf/printf.c.obj
                0x1000377c                vfctprintf
 .text          0x1000379c       0x10 CMakeFiles/picow_blink.dir/C_/Program_Files/Raspberry_Pi/Pico_SDK_v1.5.1/pico-sdk/src/rp2_common/pico_bit_ops/bit_ops_aeabi.S.obj
 .text.ctzsi    0x100037ac        0xc CMakeFiles/picow_blink.dir/C_/Program_Files/Raspberry_Pi/Pico_SDK_v1.5.1/pico-sdk/src/rp2_common/pico_bit_ops/bit_ops_aeabi.S.obj
                0x100037ac                __wrap___ctzsi2
 .text.rom_func_lookup
                0x100037b8       0x10 CMakeFiles/picow_blink.dir/C_/Program_Files/Raspberry_Pi/Pico_SDK_v1.5.1/pico-sdk/src/rp2_common/pico_bootrom/bootrom.c.obj
                0x100037b8                rom_func_lookup
 .text.rom_data_lookup
                0x100037c8       0x10 CMakeFiles/picow_blink.dir/C_/Program_Files/Raspberry_Pi/Pico_SDK_v1.5.1/pico-sdk/src/rp2_common/pico_bootrom/bootrom.c.obj
                0x100037c8                rom_data_lookup
 .text.rom_funcs_lookup
                0x100037d8       0x36 CMakeFiles/picow_blink.dir/C_/Program_Files/Raspberry_Pi/Pico_SDK_v1.5.1/pico-sdk/src/rp2_common/pico_bootrom/bootrom.c.obj
                0x100037d8                rom_funcs_lookup
 *fill*         0x1000380e        0x2 
 .text.__wrap___aeabi_idiv
                0x10003810       0x50 CMakeFiles/picow_blink.dir/C_/Program_Files/Raspberry_Pi/Pico_SDK_v1.5.1/pico-sdk/src/rp2_common/pico_divider/divider.S.obj
                0x10003810                __wrap___aeabi_idivmod
                0x10003810                divmod_s32s32
                0x10003810                div_s32s32
                0x10003810                __wrap___aeabi_idiv
                0x10003818                divmod_s32s32_unsafe
                0x10003844                divmod_s32s32_savestate
 .text.__wrap___aeabi_uidiv
                0x10003860       0x4c CMakeFiles/picow_blink.dir/C_/Program_Files/Raspberry_Pi/Pico_SDK_v1.5.1/pico-sdk/src/rp2_common/pico_divider/divider.S.obj
                0x10003860                __wrap___aeabi_uidiv
                0x10003860                __wrap___aeabi_uidivmod
                0x10003860                div_u32u32
                0x10003860                divmod_u32u32
                0x10003868                divmod_u32u32_unsafe
                0x10003890                divmod_u32u32_savestate
 .text.__wrap___aeabi_ldiv
                0x100038ac      0x424 CMakeFiles/picow_blink.dir/C_/Program_Files/Raspberry_Pi/Pico_SDK_v1.5.1/pico-sdk/src/rp2_common/pico_divider/divider.S.obj
                0x100038ac                div_s64s64
                0x100038ac                divmod_s64s64
                0x100038ac                __wrap___aeabi_ldivmod
                0x100038dc                divmod_u64u64
                0x100038dc                div_u64u64
                0x100038dc                __wrap___aeabi_uldivmod
                0x100038ec                divmod_u64u64_savestate
                0x1000390c                divmod_s64s64_unsafe
                0x10003994                divmod_u64u64_unsafe
 .text.__wrap___aeabi_darithmetic
                0x10003cd0       0x60 CMakeFiles/picow_blink.dir/C_/Program_Files/Raspberry_Pi/Pico_SDK_v1.5.1/pico-sdk/src/rp2_common/pico_double/double_aeabi.S.obj
                0x10003cd0                __wrap___aeabi_drsub
                0x10003cd6                __wrap___aeabi_dsub
                0x10003ce0                __wrap___aeabi_dadd
                0x10003cea                __wrap___aeabi_ddiv
                0x10003d1e                __wrap___aeabi_dmul
 .text.__wrap___aeabi_cdcmple
                0x10003d30       0x6c CMakeFiles/picow_blink.dir/C_/Program_Files/Raspberry_Pi/Pico_SDK_v1.5.1/pico-sdk/src/rp2_common/pico_double/double_aeabi.S.obj
                0x10003d30                __wrap___aeabi_cdrcmple
                0x10003d40                __wrap___aeabi_cdcmpeq
                0x10003d40                __wrap___aeabi_cdcmple
 .text.__wrap___aeabi_dcmplt
                0x10003d9c        0xc CMakeFiles/picow_blink.dir/C_/Program_Files/Raspberry_Pi/Pico_SDK_v1.5.1/pico-sdk/src/rp2_common/pico_double/double_aeabi.S.obj
                0x10003d9c                __wrap___aeabi_dcmplt
 .text.__wrap___aeabi_dcmple
                0x10003da8       0x10 CMakeFiles/picow_blink.dir/C_/Program_Files/Raspberry_Pi/Pico_SDK_v1.5.1/pico-sdk/src/rp2_common/pico_double/double_aeabi.S.obj
                0x10003da8                __wrap___aeabi_dcmple
 .text.__wrap___aeabi_dcmpge
                0x10003db8       0x10 CMakeFiles/picow_blink.dir/C_/Program_Files/Raspberry_Pi/Pico_SDK_v1.5.1/pico-sdk/src/rp2_common/pico_double/double_aeabi.S.obj
                0x10003db8                __wrap___aeabi_dcmpge
 .text.__wrap___aeabi_dcmpgt
                0x10003dc8        0xa CMakeFiles/picow_blink.dir/C_/Program_Files/Raspberry_Pi/Pico_SDK_v1.5.1/pico-sdk/src/rp2_common/pico_double/double_aeabi.S.obj
                0x10003dc8                __wrap___aeabi_dcmpgt
 .text.__wrap___aeabi_dcmpun
                0x10003dd2       0x1c CMakeFiles/picow_blink.dir/C_/Program_Files/Raspberry_Pi/Pico_SDK_v1.5.1/pico-sdk/src/rp2_common/pico_double/double_aeabi.S.obj
                0x10003dd2                __wrap___aeabi_dcmpun
 *fill*         0x10003dee        0x2 
 .text.__wrap___aeabi_i2d
                0x10003df0       0x38 CMakeFiles/picow_blink.dir/C_/Program_Files/Raspberry_Pi/Pico_SDK_v1.5.1/pico-sdk/src/rp2_common/pico_double/double_aeabi.S.obj
                0x10003df0                __wrap___aeabi_ui2d
                0x10003df8                __wrap___aeabi_i2d
 .text.__wrap___aeabi_d2iz
                0x10003e28       0x48 CMakeFiles/picow_blink.dir/C_/Program_Files/Raspberry_Pi/Pico_SDK_v1.5.1/pico-sdk/src/rp2_common/pico_double/double_aeabi.S.obj
                0x10003e28                double2int_z
                0x10003e28                __wrap___aeabi_d2iz
 .text.__wrap___aeabi_d2uiz
                0x10003e70       0x10 CMakeFiles/picow_blink.dir/C_/Program_Files/Raspberry_Pi/Pico_SDK_v1.5.1/pico-sdk/src/rp2_common/pico_double/double_aeabi.S.obj
                0x10003e70                __wrap___aeabi_d2uiz
                0x10003e70                double2uint
 .text.missing_double_func_shim
                0x10003e80        0xc CMakeFiles/picow_blink.dir/C_/Program_Files/Raspberry_Pi/Pico_SDK_v1.5.1/pico-sdk/src/rp2_common/pico_double/double_init_rom.c.obj
 .text.__aeabi_double_init
                0x10003e8c       0xcc CMakeFiles/picow_blink.dir/C_/Program_Files/Raspberry_Pi/Pico_SDK_v1.5.1/pico-sdk/src/rp2_common/pico_double/double_init_rom.c.obj
                0x10003e8c                __aeabi_double_init
 .text.double_table_shim_on_use_helper
                0x10003f58       0x34 CMakeFiles/picow_blink.dir/C_/Program_Files/Raspberry_Pi/Pico_SDK_v1.5.1/pico-sdk/src/rp2_common/pico_double/double_v1_rom_shim.S.obj
                0x10003f58                double_table_shim_on_use_helper
 .text.__aeabi_lmul
                0x10003f8c       0x32 CMakeFiles/picow_blink.dir/C_/Program_Files/Raspberry_Pi/Pico_SDK_v1.5.1/pico-sdk/src/rp2_common/pico_int64_ops/pico_int64_ops_aeabi.S.obj
                0x10003f8c                __wrap___aeabi_lmul
 *fill*         0x10003fbe        0x2 
 .text.missing_float_func_shim
                0x10003fc0        0xc CMakeFiles/picow_blink.dir/C_/Program_Files/Raspberry_Pi/Pico_SDK_v1.5.1/pico-sdk/src/rp2_common/pico_float/float_init_rom.c.obj
 .text.__aeabi_float_init
                0x10003fcc       0x88 CMakeFiles/picow_blink.dir/C_/Program_Files/Raspberry_Pi/Pico_SDK_v1.5.1/pico-sdk/src/rp2_common/pico_float/float_init_rom.c.obj
                0x10003fcc                __aeabi_float_init
 .text          0x10004054       0x10 CMakeFiles/picow_blink.dir/C_/Program_Files/Raspberry_Pi/Pico_SDK_v1.5.1/pico-sdk/src/rp2_common/pico_mem_ops/mem_ops_aeabi.S.obj
                0x10004054                __aeabi_mem_init
 .text.memset   0x10004064        0xc CMakeFiles/picow_blink.dir/C_/Program_Files/Raspberry_Pi/Pico_SDK_v1.5.1/pico-sdk/src/rp2_common/pico_mem_ops/mem_ops_aeabi.S.obj
                0x10004064                __wrap_memset
 .text.memcpy   0x10004070        0xc CMakeFiles/picow_blink.dir/C_/Program_Files/Raspberry_Pi/Pico_SDK_v1.5.1/pico-sdk/src/rp2_common/pico_mem_ops/mem_ops_aeabi.S.obj
                0x10004070                __wrap_memcpy
                0x10004070                __wrap___aeabi_memcpy
 .text.stdio_out_chars_no_crlf
                0x1000407c        0xe CMakeFiles/picow_blink.dir/C_/Program_Files/Raspberry_Pi/Pico_SDK_v1.5.1/pico-sdk/src/rp2_common/pico_stdio/stdio.c.obj
 *fill*         0x1000408a        0x2 
 .text.stdio_out_chars_crlf
                0x1000408c       0x80 CMakeFiles/picow_blink.dir/C_/Program_Files/Raspberry_Pi/Pico_SDK_v1.5.1/pico-sdk/src/rp2_common/pico_stdio/stdio.c.obj
 .text.stdio_stack_buffer_flush
                0x1000410c       0x44 CMakeFiles/picow_blink.dir/C_/Program_Files/Raspberry_Pi/Pico_SDK_v1.5.1/pico-sdk/src/rp2_common/pico_stdio/stdio.c.obj
 .text.stdio_buffered_printer
                0x10004150       0x20 CMakeFiles/picow_blink.dir/C_/Program_Files/Raspberry_Pi/Pico_SDK_v1.5.1/pico-sdk/src/rp2_common/pico_stdio/stdio.c.obj
 .text.stdout_serialize_begin
                0x10004170       0x5c CMakeFiles/picow_blink.dir/C_/Program_Files/Raspberry_Pi/Pico_SDK_v1.5.1/pico-sdk/src/rp2_common/pico_stdio/stdio.c.obj
                0x10004170                stdout_serialize_begin
 .text.stdout_serialize_end
                0x100041cc       0x10 CMakeFiles/picow_blink.dir/C_/Program_Files/Raspberry_Pi/Pico_SDK_v1.5.1/pico-sdk/src/rp2_common/pico_stdio/stdio.c.obj
                0x100041cc                stdout_serialize_end
 .text.stdio_put_string
                0x100041dc       0x98 CMakeFiles/picow_blink.dir/C_/Program_Files/Raspberry_Pi/Pico_SDK_v1.5.1/pico-sdk/src/rp2_common/pico_stdio/stdio.c.obj
 .text.stdio_set_driver_enabled
                0x10004274       0x2c CMakeFiles/picow_blink.dir/C_/Program_Files/Raspberry_Pi/Pico_SDK_v1.5.1/pico-sdk/src/rp2_common/pico_stdio/stdio.c.obj
                0x10004274                stdio_set_driver_enabled
 .text.stdio_flush
                0x100042a0       0x20 CMakeFiles/picow_blink.dir/C_/Program_Files/Raspberry_Pi/Pico_SDK_v1.5.1/pico-sdk/src/rp2_common/pico_stdio/stdio.c.obj
                0x100042a0                stdio_flush
 .text.__wrap_puts
                0x100042c0       0x1e CMakeFiles/picow_blink.dir/C_/Program_Files/Raspberry_Pi/Pico_SDK_v1.5.1/pico-sdk/src/rp2_common/pico_stdio/stdio.c.obj
                0x100042c0                __wrap_puts
 *fill*         0x100042de        0x2 
 .text.__wrap_vprintf
                0x100042e0       0x40 CMakeFiles/picow_blink.dir/C_/Program_Files/Raspberry_Pi/Pico_SDK_v1.5.1/pico-sdk/src/rp2_common/pico_stdio/stdio.c.obj
                0x100042e0                __wrap_vprintf
 .text.__wrap_printf
                0x10004320       0x18 CMakeFiles/picow_blink.dir/C_/Program_Files/Raspberry_Pi/Pico_SDK_v1.5.1/pico-sdk/src/rp2_common/pico_stdio/stdio.c.obj
                0x10004320                __wrap_printf
 .text.stdio_init_all
                0x10004338        0xa CMakeFiles/picow_blink.dir/C_/Program_Files/Raspberry_Pi/Pico_SDK_v1.5.1/pico-sdk/src/rp2_common/pico_stdio/stdio.c.obj
                0x10004338                stdio_init_all
 *fill*         0x10004342        0x2 
 .text.stdio_uart_out_chars
                0x10004344       0x74 CMakeFiles/picow_blink.dir/C_/Program_Files/Raspberry_Pi/Pico_SDK_v1.5.1/pico-sdk/src/rp2_common/pico_stdio_uart/stdio_uart.c.obj
 .text.stdio_uart_in_chars
                0x100043b8       0x80 CMakeFiles/picow_blink.dir/C_/Program_Files/Raspberry_Pi/Pico_SDK_v1.5.1/pico-sdk/src/rp2_common/pico_stdio_uart/stdio_uart.c.obj
                0x100043b8                stdio_uart_in_chars
 .text.on_uart_rx
                0x10004438       0x28 CMakeFiles/picow_blink.dir/C_/Program_Files/Raspberry_Pi/Pico_SDK_v1.5.1/pico-sdk/src/rp2_common/pico_stdio_uart/stdio_uart.c.obj
 .text.stdio_uart_set_chars_available_callback
                0x10004460       0x8c CMakeFiles/picow_blink.dir/C_/Program_Files/Raspberry_Pi/Pico_SDK_v1.5.1/pico-sdk/src/rp2_common/pico_stdio_uart/stdio_uart.c.obj
 .text.stdio_uart_init_full
                0x100044ec       0x44 CMakeFiles/picow_blink.dir/C_/Program_Files/Raspberry_Pi/Pico_SDK_v1.5.1/pico-sdk/src/rp2_common/pico_stdio_uart/stdio_uart.c.obj
                0x100044ec                stdio_uart_init_full
 .text.stdio_uart_init
                0x10004530       0x28 CMakeFiles/picow_blink.dir/C_/Program_Files/Raspberry_Pi/Pico_SDK_v1.5.1/pico-sdk/src/rp2_common/pico_stdio_uart/stdio_uart.c.obj
                0x10004530                stdio_uart_init
 .text.cyw43_arch_set_async_context
                0x10004558        0xc CMakeFiles/picow_blink.dir/C_/Program_Files/Raspberry_Pi/Pico_SDK_v1.5.1/pico-sdk/src/rp2_common/pico_cyw43_arch/cyw43_arch.c.obj
                0x10004558                cyw43_arch_set_async_context
 .text.cyw43_arch_gpio_put
                0x10004564       0x14 CMakeFiles/picow_blink.dir/C_/Program_Files/Raspberry_Pi/Pico_SDK_v1.5.1/pico-sdk/src/rp2_common/pico_cyw43_arch/cyw43_arch.c.obj
                0x10004564                cyw43_arch_gpio_put
 .text.cyw43_arch_async_context
                0x10004578        0xc CMakeFiles/picow_blink.dir/C_/Program_Files/Raspberry_Pi/Pico_SDK_v1.5.1/pico-sdk/src/rp2_common/pico_cyw43_arch/cyw43_arch.c.obj
                0x10004578                cyw43_arch_async_context
 .text.cyw43_arch_init_default_async_context
                0x10004584       0x20 CMakeFiles/picow_blink.dir/C_/Program_Files/Raspberry_Pi/Pico_SDK_v1.5.1/pico-sdk/src/rp2_common/pico_cyw43_arch/cyw43_arch_threadsafe_background.c.obj
                0x10004584                cyw43_arch_init_default_async_context
 .text.cyw43_arch_deinit
                0x100045a4       0x28 CMakeFiles/picow_blink.dir/C_/Program_Files/Raspberry_Pi/Pico_SDK_v1.5.1/pico-sdk/src/rp2_common/pico_cyw43_arch/cyw43_arch_threadsafe_background.c.obj
                0x100045a4                cyw43_arch_deinit
 .text.cyw43_arch_init
                0x100045cc       0x36 CMakeFiles/picow_blink.dir/C_/Program_Files/Raspberry_Pi/Pico_SDK_v1.5.1/pico-sdk/src/rp2_common/pico_cyw43_arch/cyw43_arch_threadsafe_background.c.obj
                0x100045cc                cyw43_arch_init
 *fill*         0x10004602        0x2 
 .text._retrieve_unique_id_on_boot
                0x10004604       0x10 CMakeFiles/picow_blink.dir/C_/Program_Files/Raspberry_Pi/Pico_SDK_v1.5.1/pico-sdk/src/rp2_common/pico_unique_id/unique_id.c.obj
 .text.pico_get_unique_board_id
                0x10004614       0x10 CMakeFiles/picow_blink.dir/C_/Program_Files/Raspberry_Pi/Pico_SDK_v1.5.1/pico-sdk/src/rp2_common/pico_unique_id/unique_id.c.obj
                0x10004614                pico_get_unique_board_id
 .text.flash_get_unique_id
                0x10004624       0x46 CMakeFiles/picow_blink.dir/C_/Program_Files/Raspberry_Pi/Pico_SDK_v1.5.1/pico-sdk/src/rp2_common/hardware_flash/flash.c.obj
                0x10004624                flash_get_unique_id
 .text.cs_set   0x1000466a       0x1c CMakeFiles/picow_blink.dir/C_/Program_Files/Raspberry_Pi/Pico_SDK_v1.5.1/pico-sdk/src/rp2_common/pico_cyw43_driver/cyw43_bus_pio_spi.c.obj
 *fill*         0x10004686        0x2 
 .text.start_spi_comms
                0x10004688       0x2c CMakeFiles/picow_blink.dir/C_/Program_Files/Raspberry_Pi/Pico_SDK_v1.5.1/pico-sdk/src/rp2_common/pico_cyw43_driver/cyw43_bus_pio_spi.c.obj
 .text.ns_delay
                0x100046b4       0x20 CMakeFiles/picow_blink.dir/C_/Program_Files/Raspberry_Pi/Pico_SDK_v1.5.1/pico-sdk/src/rp2_common/pico_cyw43_driver/cyw43_bus_pio_spi.c.obj
 .text.stop_spi_comms
                0x100046d4       0x10 CMakeFiles/picow_blink.dir/C_/Program_Files/Raspberry_Pi/Pico_SDK_v1.5.1/pico-sdk/src/rp2_common/pico_cyw43_driver/cyw43_bus_pio_spi.c.obj
 .text.cyw43_spi_deinit
                0x100046e4       0x74 CMakeFiles/picow_blink.dir/C_/Program_Files/Raspberry_Pi/Pico_SDK_v1.5.1/pico-sdk/src/rp2_common/pico_cyw43_driver/cyw43_bus_pio_spi.c.obj
                0x100046e4                cyw43_spi_deinit
 .text.cyw43_spi_init
                0x10004758      0x284 CMakeFiles/picow_blink.dir/C_/Program_Files/Raspberry_Pi/Pico_SDK_v1.5.1/pico-sdk/src/rp2_common/pico_cyw43_driver/cyw43_bus_pio_spi.c.obj
                0x10004758                cyw43_spi_init
 .text.cyw43_spi_transfer
                0x100049dc      0x694 CMakeFiles/picow_blink.dir/C_/Program_Files/Raspberry_Pi/Pico_SDK_v1.5.1/pico-sdk/src/rp2_common/pico_cyw43_driver/cyw43_bus_pio_spi.c.obj
                0x100049dc                cyw43_spi_transfer
 .text.cyw43_spi_gpio_setup
                0x10005070       0x3a CMakeFiles/picow_blink.dir/C_/Program_Files/Raspberry_Pi/Pico_SDK_v1.5.1/pico-sdk/src/rp2_common/pico_cyw43_driver/cyw43_bus_pio_spi.c.obj
                0x10005070                cyw43_spi_gpio_setup
 .text.cyw43_spi_reset
                0x100050aa       0x28 CMakeFiles/picow_blink.dir/C_/Program_Files/Raspberry_Pi/Pico_SDK_v1.5.1/pico-sdk/src/rp2_common/pico_cyw43_driver/cyw43_bus_pio_spi.c.obj
                0x100050aa                cyw43_spi_reset
 *fill*         0x100050d2        0x2 
 .text.read_reg_u32_swap
                0x100050d4       0x68 CMakeFiles/picow_blink.dir/C_/Program_Files/Raspberry_Pi/Pico_SDK_v1.5.1/pico-sdk/src/rp2_common/pico_cyw43_driver/cyw43_bus_pio_spi.c.obj
                0x100050d4                read_reg_u32_swap
 .text.cyw43_read_reg_u32
                0x1000513c       0x54 CMakeFiles/picow_blink.dir/C_/Program_Files/Raspberry_Pi/Pico_SDK_v1.5.1/pico-sdk/src/rp2_common/pico_cyw43_driver/cyw43_bus_pio_spi.c.obj
                0x1000513c                cyw43_read_reg_u32
 .text.cyw43_read_reg_u16
                0x10005190       0x54 CMakeFiles/picow_blink.dir/C_/Program_Files/Raspberry_Pi/Pico_SDK_v1.5.1/pico-sdk/src/rp2_common/pico_cyw43_driver/cyw43_bus_pio_spi.c.obj
                0x10005190                cyw43_read_reg_u16
 .text.cyw43_read_reg_u8
                0x100051e4       0x54 CMakeFiles/picow_blink.dir/C_/Program_Files/Raspberry_Pi/Pico_SDK_v1.5.1/pico-sdk/src/rp2_common/pico_cyw43_driver/cyw43_bus_pio_spi.c.obj
                0x100051e4                cyw43_read_reg_u8
 .text.write_reg_u32_swap
                0x10005238       0x34 CMakeFiles/picow_blink.dir/C_/Program_Files/Raspberry_Pi/Pico_SDK_v1.5.1/pico-sdk/src/rp2_common/pico_cyw43_driver/cyw43_bus_pio_spi.c.obj
                0x10005238                write_reg_u32_swap
 .text.cyw43_write_reg_u32
                0x1000526c       0x58 CMakeFiles/picow_blink.dir/C_/Program_Files/Raspberry_Pi/Pico_SDK_v1.5.1/pico-sdk/src/rp2_common/pico_cyw43_driver/cyw43_bus_pio_spi.c.obj
                0x1000526c                cyw43_write_reg_u32
 .text.cyw43_write_reg_u16
                0x100052c4       0x58 CMakeFiles/picow_blink.dir/C_/Program_Files/Raspberry_Pi/Pico_SDK_v1.5.1/pico-sdk/src/rp2_common/pico_cyw43_driver/cyw43_bus_pio_spi.c.obj
                0x100052c4                cyw43_write_reg_u16
 .text.cyw43_write_reg_u8
                0x1000531c       0x58 CMakeFiles/picow_blink.dir/C_/Program_Files/Raspberry_Pi/Pico_SDK_v1.5.1/pico-sdk/src/rp2_common/pico_cyw43_driver/cyw43_bus_pio_spi.c.obj
                0x1000531c                cyw43_write_reg_u8
 .text.cyw43_read_bytes
                0x10005374      0x104 CMakeFiles/picow_blink.dir/C_/Program_Files/Raspberry_Pi/Pico_SDK_v1.5.1/pico-sdk/src/rp2_common/pico_cyw43_driver/cyw43_bus_pio_spi.c.obj
                0x10005374                cyw43_read_bytes
 .text.cyw43_write_bytes
                0x10005478      0x128 CMakeFiles/picow_blink.dir/C_/Program_Files/Raspberry_Pi/Pico_SDK_v1.5.1/pico-sdk/src/rp2_common/pico_cyw43_driver/cyw43_bus_pio_spi.c.obj
                0x10005478                cyw43_write_bytes
 .text.get_core_address
                0x100055a0       0x1c CMakeFiles/picow_blink.dir/C_/Program_Files/Raspberry_Pi/Pico_SDK_v1.5.1/pico-sdk/lib/cyw43-driver/src/cyw43_ll.c.obj
 .text.sdpcm_process_rx_packet
                0x100055bc      0x180 CMakeFiles/picow_blink.dir/C_/Program_Files/Raspberry_Pi/Pico_SDK_v1.5.1/pico-sdk/lib/cyw43-driver/src/cyw43_ll.c.obj
 .text.cyw43_ll_wifi_parse_scan_result
                0x1000573c       0x9c CMakeFiles/picow_blink.dir/C_/Program_Files/Raspberry_Pi/Pico_SDK_v1.5.1/pico-sdk/lib/cyw43-driver/src/cyw43_ll.c.obj
 .text.cyw43_ll_parse_async_event
                0x100057d8       0x8e CMakeFiles/picow_blink.dir/C_/Program_Files/Raspberry_Pi/Pico_SDK_v1.5.1/pico-sdk/lib/cyw43-driver/src/cyw43_ll.c.obj
 *fill*         0x10005866        0x2 
 .text.cyw43_kso_set
                0x10005868       0x98 CMakeFiles/picow_blink.dir/C_/Program_Files/Raspberry_Pi/Pico_SDK_v1.5.1/pico-sdk/lib/cyw43-driver/src/cyw43_ll.c.obj
 .text.cyw43_ll_bus_sleep_helper
                0x10005900        0xe CMakeFiles/picow_blink.dir/C_/Program_Files/Raspberry_Pi/Pico_SDK_v1.5.1/pico-sdk/lib/cyw43-driver/src/cyw43_ll.c.obj
 *fill*         0x1000590e        0x2 
 .text.cyw43_read_reg
                0x10005910       0x48 CMakeFiles/picow_blink.dir/C_/Program_Files/Raspberry_Pi/Pico_SDK_v1.5.1/pico-sdk/lib/cyw43-driver/src/cyw43_ll.c.obj
 .text.cyw43_write_reg
                0x10005958       0x4c CMakeFiles/picow_blink.dir/C_/Program_Files/Raspberry_Pi/Pico_SDK_v1.5.1/pico-sdk/lib/cyw43-driver/src/cyw43_ll.c.obj
 .text.cyw43_set_backplane_window
                0x100059a4       0x74 CMakeFiles/picow_blink.dir/C_/Program_Files/Raspberry_Pi/Pico_SDK_v1.5.1/pico-sdk/lib/cyw43-driver/src/cyw43_ll.c.obj
 .text.cyw43_read_backplane
                0x10005a18       0x30 CMakeFiles/picow_blink.dir/C_/Program_Files/Raspberry_Pi/Pico_SDK_v1.5.1/pico-sdk/lib/cyw43-driver/src/cyw43_ll.c.obj
 .text.disable_device_core
                0x10005a48       0x3c CMakeFiles/picow_blink.dir/C_/Program_Files/Raspberry_Pi/Pico_SDK_v1.5.1/pico-sdk/lib/cyw43-driver/src/cyw43_ll.c.obj
 .text.device_core_is_up
                0x10005a84       0x4c CMakeFiles/picow_blink.dir/C_/Program_Files/Raspberry_Pi/Pico_SDK_v1.5.1/pico-sdk/lib/cyw43-driver/src/cyw43_ll.c.obj
 .text.cyw43_write_backplane
                0x10005ad0       0x34 CMakeFiles/picow_blink.dir/C_/Program_Files/Raspberry_Pi/Pico_SDK_v1.5.1/pico-sdk/lib/cyw43-driver/src/cyw43_ll.c.obj
 .text.reset_device_core
                0x10005b04       0x74 CMakeFiles/picow_blink.dir/C_/Program_Files/Raspberry_Pi/Pico_SDK_v1.5.1/pico-sdk/lib/cyw43-driver/src/cyw43_ll.c.obj
 .text.cyw43_download_resource
                0x10005b78      0x17c CMakeFiles/picow_blink.dir/C_/Program_Files/Raspberry_Pi/Pico_SDK_v1.5.1/pico-sdk/lib/cyw43-driver/src/cyw43_ll.c.obj
 .text.cyw43_ll_init
                0x10005cf4       0x20 CMakeFiles/picow_blink.dir/C_/Program_Files/Raspberry_Pi/Pico_SDK_v1.5.1/pico-sdk/lib/cyw43-driver/src/cyw43_ll.c.obj
                0x10005cf4                cyw43_ll_init
 .text.cyw43_ll_deinit
                0x10005d14        0x8 CMakeFiles/picow_blink.dir/C_/Program_Files/Raspberry_Pi/Pico_SDK_v1.5.1/pico-sdk/lib/cyw43-driver/src/cyw43_ll.c.obj
                0x10005d14                cyw43_ll_deinit
 .text.cyw43_ll_bus_sleep
                0x10005d1c       0x34 CMakeFiles/picow_blink.dir/C_/Program_Files/Raspberry_Pi/Pico_SDK_v1.5.1/pico-sdk/lib/cyw43-driver/src/cyw43_ll.c.obj
                0x10005d1c                cyw43_ll_bus_sleep
 .text.cyw43_ll_sdpcm_poll_device
                0x10005d50      0x158 CMakeFiles/picow_blink.dir/C_/Program_Files/Raspberry_Pi/Pico_SDK_v1.5.1/pico-sdk/lib/cyw43-driver/src/cyw43_ll.c.obj
 .text.cyw43_ll_process_packets
                0x10005ea8       0x5c CMakeFiles/picow_blink.dir/C_/Program_Files/Raspberry_Pi/Pico_SDK_v1.5.1/pico-sdk/lib/cyw43-driver/src/cyw43_ll.c.obj
                0x10005ea8                cyw43_ll_process_packets
 .text.cyw43_sdpcm_send_common
                0x10005f04      0x104 CMakeFiles/picow_blink.dir/C_/Program_Files/Raspberry_Pi/Pico_SDK_v1.5.1/pico-sdk/lib/cyw43-driver/src/cyw43_ll.c.obj
 .text.cyw43_send_ioctl
                0x10006008       0x56 CMakeFiles/picow_blink.dir/C_/Program_Files/Raspberry_Pi/Pico_SDK_v1.5.1/pico-sdk/lib/cyw43-driver/src/cyw43_ll.c.obj
 *fill*         0x1000605e        0x2 
 .text.cyw43_do_ioctl
                0x10006060       0xc0 CMakeFiles/picow_blink.dir/C_/Program_Files/Raspberry_Pi/Pico_SDK_v1.5.1/pico-sdk/lib/cyw43-driver/src/cyw43_ll.c.obj
 .text.cyw43_ll_ioctl
                0x10006120       0x1e CMakeFiles/picow_blink.dir/C_/Program_Files/Raspberry_Pi/Pico_SDK_v1.5.1/pico-sdk/lib/cyw43-driver/src/cyw43_ll.c.obj
                0x10006120                cyw43_ll_ioctl
 *fill*         0x1000613e        0x2 
 .text.cyw43_clm_load
                0x10006140       0xdc CMakeFiles/picow_blink.dir/C_/Program_Files/Raspberry_Pi/Pico_SDK_v1.5.1/pico-sdk/lib/cyw43-driver/src/cyw43_ll.c.obj
 .text.cyw43_write_iovar_u32
                0x1000621c       0x60 CMakeFiles/picow_blink.dir/C_/Program_Files/Raspberry_Pi/Pico_SDK_v1.5.1/pico-sdk/lib/cyw43-driver/src/cyw43_ll.c.obj
 .text.cyw43_write_iovar_n
                0x1000627c       0x50 CMakeFiles/picow_blink.dir/C_/Program_Files/Raspberry_Pi/Pico_SDK_v1.5.1/pico-sdk/lib/cyw43-driver/src/cyw43_ll.c.obj
 .text.cyw43_set_ioctl_u32
                0x100062cc       0x30 CMakeFiles/picow_blink.dir/C_/Program_Files/Raspberry_Pi/Pico_SDK_v1.5.1/pico-sdk/lib/cyw43-driver/src/cyw43_ll.c.obj
 .text.cyw43_write_iovar_u32_u32
                0x100062fc       0x74 CMakeFiles/picow_blink.dir/C_/Program_Files/Raspberry_Pi/Pico_SDK_v1.5.1/pico-sdk/lib/cyw43-driver/src/cyw43_ll.c.obj
 .text.cyw43_ll_wifi_get_mac
                0x10006370       0x48 CMakeFiles/picow_blink.dir/C_/Program_Files/Raspberry_Pi/Pico_SDK_v1.5.1/pico-sdk/lib/cyw43-driver/src/cyw43_ll.c.obj
                0x10006370                cyw43_ll_wifi_get_mac
 .text.cyw43_ll_bus_init
                0x100063b8      0x360 CMakeFiles/picow_blink.dir/C_/Program_Files/Raspberry_Pi/Pico_SDK_v1.5.1/pico-sdk/lib/cyw43-driver/src/cyw43_ll.c.obj
                0x100063b8                cyw43_ll_bus_init
 .text.cyw43_ll_wifi_set_wpa_auth
                0x10006718        0xe CMakeFiles/picow_blink.dir/C_/Program_Files/Raspberry_Pi/Pico_SDK_v1.5.1/pico-sdk/lib/cyw43-driver/src/cyw43_ll.c.obj
                0x10006718                cyw43_ll_wifi_set_wpa_auth
 *fill*         0x10006726        0x2 
 .text.cyw43_ll_wifi_rejoin
                0x10006728       0x20 CMakeFiles/picow_blink.dir/C_/Program_Files/Raspberry_Pi/Pico_SDK_v1.5.1/pico-sdk/lib/cyw43-driver/src/cyw43_ll.c.obj
                0x10006728                cyw43_ll_wifi_rejoin
 .text.cyw43_ll_gpio_set
                0x10006748       0x30 CMakeFiles/picow_blink.dir/C_/Program_Files/Raspberry_Pi/Pico_SDK_v1.5.1/pico-sdk/lib/cyw43-driver/src/cyw43_ll.c.obj
                0x10006748                cyw43_ll_gpio_set
 .text.cyw43_ll_has_work
                0x10006778       0x12 CMakeFiles/picow_blink.dir/C_/Program_Files/Raspberry_Pi/Pico_SDK_v1.5.1/pico-sdk/lib/cyw43-driver/src/cyw43_ll.c.obj
                0x10006778                cyw43_ll_has_work
 *fill*         0x1000678a        0x2 
 .text.cyw43_poll_func
                0x1000678c       0xb0 CMakeFiles/picow_blink.dir/C_/Program_Files/Raspberry_Pi/Pico_SDK_v1.5.1/pico-sdk/lib/cyw43-driver/src/cyw43_ctrl.c.obj
 .text.cyw43_dump_async_event
                0x1000683c       0x8c CMakeFiles/picow_blink.dir/C_/Program_Files/Raspberry_Pi/Pico_SDK_v1.5.1/pico-sdk/lib/cyw43-driver/src/cyw43_ctrl.c.obj
 .text.cyw43_ensure_up
                0x100068c8       0xec CMakeFiles/picow_blink.dir/C_/Program_Files/Raspberry_Pi/Pico_SDK_v1.5.1/pico-sdk/lib/cyw43-driver/src/cyw43_ctrl.c.obj
 .text.cyw43_init
                0x100069b4       0x8c CMakeFiles/picow_blink.dir/C_/Program_Files/Raspberry_Pi/Pico_SDK_v1.5.1/pico-sdk/lib/cyw43-driver/src/cyw43_ctrl.c.obj
                0x100069b4                cyw43_init
 .text.cyw43_deinit
                0x10006a40       0x3c CMakeFiles/picow_blink.dir/C_/Program_Files/Raspberry_Pi/Pico_SDK_v1.5.1/pico-sdk/lib/cyw43-driver/src/cyw43_ctrl.c.obj
                0x10006a40                cyw43_deinit
 .text.cyw43_cb_read_host_interrupt_pin
                0x10006a7c        0xe CMakeFiles/picow_blink.dir/C_/Program_Files/Raspberry_Pi/Pico_SDK_v1.5.1/pico-sdk/lib/cyw43-driver/src/cyw43_ctrl.c.obj
                0x10006a7c                cyw43_cb_read_host_interrupt_pin
 *fill*         0x10006a8a        0x2 
 .text.cyw43_cb_ensure_awake
                0x10006a8c        0xc CMakeFiles/picow_blink.dir/C_/Program_Files/Raspberry_Pi/Pico_SDK_v1.5.1/pico-sdk/lib/cyw43-driver/src/cyw43_ctrl.c.obj
                0x10006a8c                cyw43_cb_ensure_awake
 .text.cyw43_cb_process_async_event
                0x10006a98      0x1b8 CMakeFiles/picow_blink.dir/C_/Program_Files/Raspberry_Pi/Pico_SDK_v1.5.1/pico-sdk/lib/cyw43-driver/src/cyw43_ctrl.c.obj
                0x10006a98                cyw43_cb_process_async_event
 .text.cyw43_gpio_set
                0x10006c50       0x30 CMakeFiles/picow_blink.dir/C_/Program_Files/Raspberry_Pi/Pico_SDK_v1.5.1/pico-sdk/lib/cyw43-driver/src/cyw43_ctrl.c.obj
                0x10006c50                cyw43_gpio_set
 .text._pio_can_add_program_at_offset
                0x10006c80       0x3c CMakeFiles/picow_blink.dir/C_/Program_Files/Raspberry_Pi/Pico_SDK_v1.5.1/pico-sdk/src/rp2_common/hardware_pio/pio.c.obj
 .text._pio_find_offset_for_program
                0x10006cbc       0x7c CMakeFiles/picow_blink.dir/C_/Program_Files/Raspberry_Pi/Pico_SDK_v1.5.1/pico-sdk/src/rp2_common/hardware_pio/pio.c.obj
 .text._pio_add_program_at_offset
                0x10006d38       0x78 CMakeFiles/picow_blink.dir/C_/Program_Files/Raspberry_Pi/Pico_SDK_v1.5.1/pico-sdk/src/rp2_common/hardware_pio/pio.c.obj
 .text.pio_sm_unclaim
                0x10006db0       0x20 CMakeFiles/picow_blink.dir/C_/Program_Files/Raspberry_Pi/Pico_SDK_v1.5.1/pico-sdk/src/rp2_common/hardware_pio/pio.c.obj
                0x10006db0                pio_sm_unclaim
 .text.pio_claim_unused_sm
                0x10006dd0       0x3c CMakeFiles/picow_blink.dir/C_/Program_Files/Raspberry_Pi/Pico_SDK_v1.5.1/pico-sdk/src/rp2_common/hardware_pio/pio.c.obj
                0x10006dd0                pio_claim_unused_sm
 .text.pio_can_add_program
                0x10006e0c       0x26 CMakeFiles/picow_blink.dir/C_/Program_Files/Raspberry_Pi/Pico_SDK_v1.5.1/pico-sdk/src/rp2_common/hardware_pio/pio.c.obj
                0x10006e0c                pio_can_add_program
 *fill*         0x10006e32        0x2 
 .text.pio_add_program
                0x10006e34       0x38 CMakeFiles/picow_blink.dir/C_/Program_Files/Raspberry_Pi/Pico_SDK_v1.5.1/pico-sdk/src/rp2_common/hardware_pio/pio.c.obj
                0x10006e34                pio_add_program
 .text.pio_remove_program
                0x10006e6c       0x58 CMakeFiles/picow_blink.dir/C_/Program_Files/Raspberry_Pi/Pico_SDK_v1.5.1/pico-sdk/src/rp2_common/hardware_pio/pio.c.obj
                0x10006e6c                pio_remove_program
 .text.pio_sm_set_pindirs_with_mask
                0x10006ec4       0x9c CMakeFiles/picow_blink.dir/C_/Program_Files/Raspberry_Pi/Pico_SDK_v1.5.1/pico-sdk/src/rp2_common/hardware_pio/pio.c.obj
                0x10006ec4                pio_sm_set_pindirs_with_mask
 .text.pio_sm_set_consecutive_pindirs
                0x10006f60       0xa4 CMakeFiles/picow_blink.dir/C_/Program_Files/Raspberry_Pi/Pico_SDK_v1.5.1/pico-sdk/src/rp2_common/hardware_pio/pio.c.obj
                0x10006f60                pio_sm_set_consecutive_pindirs
 .text.dma_channel_unclaim
                0x10007004       0x10 CMakeFiles/picow_blink.dir/C_/Program_Files/Raspberry_Pi/Pico_SDK_v1.5.1/pico-sdk/src/rp2_common/hardware_dma/dma.c.obj
                0x10007004                dma_channel_unclaim
 .text.dma_claim_unused_channel
                0x10007014       0x20 CMakeFiles/picow_blink.dir/C_/Program_Files/Raspberry_Pi/Pico_SDK_v1.5.1/pico-sdk/src/rp2_common/hardware_dma/dma.c.obj
                0x10007014                dma_claim_unused_channel
 .text.dma_channel_cleanup
                0x10007034       0x5c CMakeFiles/picow_blink.dir/C_/Program_Files/Raspberry_Pi/Pico_SDK_v1.5.1/pico-sdk/src/rp2_common/hardware_dma/dma.c.obj
                0x10007034                dma_channel_cleanup
 .text.cyw43_sleep_timeout_reached
                0x10007090       0x50 CMakeFiles/picow_blink.dir/C_/Program_Files/Raspberry_Pi/Pico_SDK_v1.5.1/pico-sdk/src/rp2_common/pico_cyw43_driver/cyw43_driver.c.obj
 .text.cyw43_set_irq_enabled
                0x100070e0        0xe CMakeFiles/picow_blink.dir/C_/Program_Files/Raspberry_Pi/Pico_SDK_v1.5.1/pico-sdk/src/rp2_common/pico_cyw43_driver/cyw43_driver.c.obj
 *fill*         0x100070ee        0x2 
 .text.cyw43_irq_init
                0x100070f0       0x50 CMakeFiles/picow_blink.dir/C_/Program_Files/Raspberry_Pi/Pico_SDK_v1.5.1/pico-sdk/src/rp2_common/pico_cyw43_driver/cyw43_driver.c.obj
                0x100070f0                cyw43_irq_init
 .text.cyw43_gpio_irq_handler
                0x10007140       0x40 CMakeFiles/picow_blink.dir/C_/Program_Files/Raspberry_Pi/Pico_SDK_v1.5.1/pico-sdk/src/rp2_common/pico_cyw43_driver/cyw43_driver.c.obj
 .text.cyw43_irq_deinit
                0x10007180       0x48 CMakeFiles/picow_blink.dir/C_/Program_Files/Raspberry_Pi/Pico_SDK_v1.5.1/pico-sdk/src/rp2_common/pico_cyw43_driver/cyw43_driver.c.obj
                0x10007180                cyw43_irq_deinit
 .text.no_lwip_fail
                0x100071c8        0xc CMakeFiles/picow_blink.dir/C_/Program_Files/Raspberry_Pi/Pico_SDK_v1.5.1/pico-sdk/src/rp2_common/pico_cyw43_driver/cyw43_driver.c.obj
 .text.cyw43_do_poll
                0x100071d4       0xc8 CMakeFiles/picow_blink.dir/C_/Program_Files/Raspberry_Pi/Pico_SDK_v1.5.1/pico-sdk/src/rp2_common/pico_cyw43_driver/cyw43_driver.c.obj
 .text.cyw43_post_poll_hook
                0x1000729c       0x38 CMakeFiles/picow_blink.dir/C_/Program_Files/Raspberry_Pi/Pico_SDK_v1.5.1/pico-sdk/src/rp2_common/pico_cyw43_driver/cyw43_driver.c.obj
                0x1000729c                cyw43_post_poll_hook
 .text.cyw43_schedule_internal_poll_dispatch
                0x100072d4       0x3c CMakeFiles/picow_blink.dir/C_/Program_Files/Raspberry_Pi/Pico_SDK_v1.5.1/pico-sdk/src/rp2_common/pico_cyw43_driver/cyw43_driver.c.obj
                0x100072d4                cyw43_schedule_internal_poll_dispatch
 .text.cyw43_driver_init
                0x10007310       0x38 CMakeFiles/picow_blink.dir/C_/Program_Files/Raspberry_Pi/Pico_SDK_v1.5.1/pico-sdk/src/rp2_common/pico_cyw43_driver/cyw43_driver.c.obj
                0x10007310                cyw43_driver_init
 .text.cyw43_driver_deinit
                0x10007348       0x64 CMakeFiles/picow_blink.dir/C_/Program_Files/Raspberry_Pi/Pico_SDK_v1.5.1/pico-sdk/src/rp2_common/pico_cyw43_driver/cyw43_driver.c.obj
                0x10007348                cyw43_driver_deinit
 .text.storage_read_blocks
                0x100073ac        0x6 CMakeFiles/picow_blink.dir/C_/Program_Files/Raspberry_Pi/Pico_SDK_v1.5.1/pico-sdk/src/rp2_common/pico_cyw43_driver/cyw43_driver.c.obj
                0x100073ac                storage_read_blocks
 *fill*         0x100073b2        0x2 
 .text.cyw43_hal_generate_laa_mac
                0x100073b4       0x34 CMakeFiles/picow_blink.dir/C_/Program_Files/Raspberry_Pi/Pico_SDK_v1.5.1/pico-sdk/src/rp2_common/pico_cyw43_driver/cyw43_driver.c.obj
                0x100073b4                cyw43_hal_generate_laa_mac
 .text.cyw43_thread_enter
                0x100073e8       0x14 CMakeFiles/picow_blink.dir/C_/Program_Files/Raspberry_Pi/Pico_SDK_v1.5.1/pico-sdk/src/rp2_common/pico_cyw43_driver/cyw43_driver.c.obj
                0x100073e8                cyw43_thread_enter
 .text.cyw43_thread_exit
                0x100073fc       0x14 CMakeFiles/picow_blink.dir/C_/Program_Files/Raspberry_Pi/Pico_SDK_v1.5.1/pico-sdk/src/rp2_common/pico_cyw43_driver/cyw43_driver.c.obj
                0x100073fc                cyw43_thread_exit
 .text.cyw43_thread_lock_check
                0x10007410       0x14 CMakeFiles/picow_blink.dir/C_/Program_Files/Raspberry_Pi/Pico_SDK_v1.5.1/pico-sdk/src/rp2_common/pico_cyw43_driver/cyw43_driver.c.obj
                0x10007410                cyw43_thread_lock_check
 .text.cyw43_await_background_or_timeout_us
                0x10007424       0x60 CMakeFiles/picow_blink.dir/C_/Program_Files/Raspberry_Pi/Pico_SDK_v1.5.1/pico-sdk/src/rp2_common/pico_cyw43_driver/cyw43_driver.c.obj
                0x10007424                cyw43_await_background_or_timeout_us
 .text.cyw43_delay_ms
                0x10007484       0x70 CMakeFiles/picow_blink.dir/C_/Program_Files/Raspberry_Pi/Pico_SDK_v1.5.1/pico-sdk/src/rp2_common/pico_cyw43_driver/cyw43_driver.c.obj
                0x10007484                cyw43_delay_ms
 .text.cyw43_cb_tcpip_deinit
                0x100074f4        0x2 CMakeFiles/picow_blink.dir/C_/Program_Files/Raspberry_Pi/Pico_SDK_v1.5.1/pico-sdk/src/rp2_common/pico_cyw43_driver/cyw43_driver.c.obj
                0x100074f4                cyw43_cb_tcpip_deinit
 .text.cyw43_cb_tcpip_set_link_up
                0x100074f6        0x6 CMakeFiles/picow_blink.dir/C_/Program_Files/Raspberry_Pi/Pico_SDK_v1.5.1/pico-sdk/src/rp2_common/pico_cyw43_driver/cyw43_driver.c.obj
                0x100074f6                cyw43_cb_tcpip_set_link_up
 .text.cyw43_cb_tcpip_set_link_down
                0x100074fc        0x6 CMakeFiles/picow_blink.dir/C_/Program_Files/Raspberry_Pi/Pico_SDK_v1.5.1/pico-sdk/src/rp2_common/pico_cyw43_driver/cyw43_driver.c.obj
                0x100074fc                cyw43_cb_tcpip_set_link_down
 .text.cyw43_cb_process_ethernet
                0x10007502        0x6 CMakeFiles/picow_blink.dir/C_/Program_Files/Raspberry_Pi/Pico_SDK_v1.5.1/pico-sdk/src/rp2_common/pico_cyw43_driver/cyw43_driver.c.obj
                0x10007502                cyw43_cb_process_ethernet
 .text.async_context_threadsafe_background_acquire_lock_blocking
                0x10007508        0xa CMakeFiles/picow_blink.dir/C_/Program_Files/Raspberry_Pi/Pico_SDK_v1.5.1/pico-sdk/src/rp2_common/pico_async_context/async_context_threadsafe_background.c.obj
 .text.async_context_threadsafe_background_wake_up
                0x10007512       0x16 CMakeFiles/picow_blink.dir/C_/Program_Files/Raspberry_Pi/Pico_SDK_v1.5.1/pico-sdk/src/rp2_common/pico_async_context/async_context_threadsafe_background.c.obj
 .text.alarm_handler
                0x10007528       0x14 CMakeFiles/picow_blink.dir/C_/Program_Files/Raspberry_Pi/Pico_SDK_v1.5.1/pico-sdk/src/rp2_common/pico_async_context/async_context_threadsafe_background.c.obj
 .text.async_context_threadsafe_background_set_work_pending
                0x1000753c        0xc CMakeFiles/picow_blink.dir/C_/Program_Files/Raspberry_Pi/Pico_SDK_v1.5.1/pico-sdk/src/rp2_common/pico_async_context/async_context_threadsafe_background.c.obj
 .text.async_context_threadsafe_background_lock_check
                0x10007548       0x2c CMakeFiles/picow_blink.dir/C_/Program_Files/Raspberry_Pi/Pico_SDK_v1.5.1/pico-sdk/src/rp2_common/pico_async_context/async_context_threadsafe_background.c.obj
 .text.process_under_lock
                0x10007574       0xfc CMakeFiles/picow_blink.dir/C_/Program_Files/Raspberry_Pi/Pico_SDK_v1.5.1/pico-sdk/src/rp2_common/pico_async_context/async_context_threadsafe_background.c.obj
 .text.lock_release
                0x10007670       0x1e CMakeFiles/picow_blink.dir/C_/Program_Files/Raspberry_Pi/Pico_SDK_v1.5.1/pico-sdk/src/rp2_common/pico_async_context/async_context_threadsafe_background.c.obj
 .text.async_context_threadsafe_background_execute_sync
                0x1000768e       0x1e CMakeFiles/picow_blink.dir/C_/Program_Files/Raspberry_Pi/Pico_SDK_v1.5.1/pico-sdk/src/rp2_common/pico_async_context/async_context_threadsafe_background.c.obj
                0x1000768e                async_context_threadsafe_background_execute_sync
 .text.async_context_threadsafe_background_release_lock
                0x100076ac        0x8 CMakeFiles/picow_blink.dir/C_/Program_Files/Raspberry_Pi/Pico_SDK_v1.5.1/pico-sdk/src/rp2_common/pico_async_context/async_context_threadsafe_background.c.obj
 .text.low_prio_irq_deinit
                0x100076b4       0x50 CMakeFiles/picow_blink.dir/C_/Program_Files/Raspberry_Pi/Pico_SDK_v1.5.1/pico-sdk/src/rp2_common/pico_async_context/async_context_threadsafe_background.c.obj
 .text.async_context_threadsafe_background_deinit
                0x10007704       0x58 CMakeFiles/picow_blink.dir/C_/Program_Files/Raspberry_Pi/Pico_SDK_v1.5.1/pico-sdk/src/rp2_common/pico_async_context/async_context_threadsafe_background.c.obj
 .text.low_priority_irq_handler
                0x1000775c       0x78 CMakeFiles/picow_blink.dir/C_/Program_Files/Raspberry_Pi/Pico_SDK_v1.5.1/pico-sdk/src/rp2_common/pico_async_context/async_context_threadsafe_background.c.obj
 .text.async_context_threadsafe_background_wait_for_work_until
                0x100077d4        0xa CMakeFiles/picow_blink.dir/C_/Program_Files/Raspberry_Pi/Pico_SDK_v1.5.1/pico-sdk/src/rp2_common/pico_async_context/async_context_threadsafe_background.c.obj
 .text.async_context_threadsafe_background_wait_until
                0x100077de       0x1a CMakeFiles/picow_blink.dir/C_/Program_Files/Raspberry_Pi/Pico_SDK_v1.5.1/pico-sdk/src/rp2_common/pico_async_context/async_context_threadsafe_background.c.obj
 .text.async_context_threadsafe_background_when_pending_worker
                0x100077f8       0x20 CMakeFiles/picow_blink.dir/C_/Program_Files/Raspberry_Pi/Pico_SDK_v1.5.1/pico-sdk/src/rp2_common/pico_async_context/async_context_threadsafe_background.c.obj
 .text.async_context_threadsafe_background_add_when_pending_worker
                0x10007818       0x20 CMakeFiles/picow_blink.dir/C_/Program_Files/Raspberry_Pi/Pico_SDK_v1.5.1/pico-sdk/src/rp2_common/pico_async_context/async_context_threadsafe_background.c.obj
 .text.async_context_threadsafe_background_remove_at_time_worker
                0x10007838       0x20 CMakeFiles/picow_blink.dir/C_/Program_Files/Raspberry_Pi/Pico_SDK_v1.5.1/pico-sdk/src/rp2_common/pico_async_context/async_context_threadsafe_background.c.obj
 .text.async_context_threadsafe_background_add_at_time_worker
                0x10007858       0x20 CMakeFiles/picow_blink.dir/C_/Program_Files/Raspberry_Pi/Pico_SDK_v1.5.1/pico-sdk/src/rp2_common/pico_async_context/async_context_threadsafe_background.c.obj
 .text.low_prio_irq_init
                0x10007878       0x80 CMakeFiles/picow_blink.dir/C_/Program_Files/Raspberry_Pi/Pico_SDK_v1.5.1/pico-sdk/src/rp2_common/pico_async_context/async_context_threadsafe_background.c.obj
 .text.async_context_threadsafe_background_default_config
                0x100078f8        0xa CMakeFiles/picow_blink.dir/C_/Program_Files/Raspberry_Pi/Pico_SDK_v1.5.1/pico-sdk/src/rp2_common/pico_async_context/async_context_threadsafe_background.c.obj
                0x100078f8                async_context_threadsafe_background_default_config
 *fill*         0x10007902        0x2 
 .text.async_context_threadsafe_background_init
                0x10007904       0x74 CMakeFiles/picow_blink.dir/C_/Program_Files/Raspberry_Pi/Pico_SDK_v1.5.1/pico-sdk/src/rp2_common/pico_async_context/async_context_threadsafe_background.c.obj
                0x10007904                async_context_threadsafe_background_init
 .text.async_context_base_add_at_time_worker
                0x10007978       0x1c CMakeFiles/picow_blink.dir/C_/Program_Files/Raspberry_Pi/Pico_SDK_v1.5.1/pico-sdk/src/rp2_common/pico_async_context/async_context_base.c.obj
                0x10007978                async_context_base_add_at_time_worker
 .text.async_context_base_remove_at_time_worker
                0x10007994       0x1c CMakeFiles/picow_blink.dir/C_/Program_Files/Raspberry_Pi/Pico_SDK_v1.5.1/pico-sdk/src/rp2_common/pico_async_context/async_context_base.c.obj
                0x10007994                async_context_base_remove_at_time_worker
 .text.async_context_base_add_when_pending_worker
                0x100079b0       0x1c CMakeFiles/picow_blink.dir/C_/Program_Files/Raspberry_Pi/Pico_SDK_v1.5.1/pico-sdk/src/rp2_common/pico_async_context/async_context_base.c.obj
                0x100079b0                async_context_base_add_when_pending_worker
 .text.async_context_base_remove_when_pending_worker
                0x100079cc       0x1c CMakeFiles/picow_blink.dir/C_/Program_Files/Raspberry_Pi/Pico_SDK_v1.5.1/pico-sdk/src/rp2_common/pico_async_context/async_context_base.c.obj
                0x100079cc                async_context_base_remove_when_pending_worker
 .text.async_context_base_remove_ready_at_time_worker
                0x100079e8       0x94 CMakeFiles/picow_blink.dir/C_/Program_Files/Raspberry_Pi/Pico_SDK_v1.5.1/pico-sdk/src/rp2_common/pico_async_context/async_context_base.c.obj
                0x100079e8                async_context_base_remove_ready_at_time_worker
 .text.async_context_base_refresh_next_timeout
                0x10007a7c       0x4c CMakeFiles/picow_blink.dir/C_/Program_Files/Raspberry_Pi/Pico_SDK_v1.5.1/pico-sdk/src/rp2_common/pico_async_context/async_context_base.c.obj
                0x10007a7c                async_context_base_refresh_next_timeout
 .text.async_context_base_execute_once
                0x10007ac8       0x48 CMakeFiles/picow_blink.dir/C_/Program_Files/Raspberry_Pi/Pico_SDK_v1.5.1/pico-sdk/src/rp2_common/pico_async_context/async_context_base.c.obj
                0x10007ac8                async_context_base_execute_once
 .text.memcmp   0x10007b10       0x48 c:/progra~1/raspbe~1/picosd~1.1/gcc-ar~1/bin/../lib/gcc/arm-none-eabi/10.3.1/../../../../arm-none-eabi/lib/thumb/v6-m/nofp\libg.a(lib_a-memcmp.o)
                0x10007b10                memcmp
 .text.memmove  0x10007b58       0xac c:/progra~1/raspbe~1/picosd~1.1/gcc-ar~1/bin/../lib/gcc/arm-none-eabi/10.3.1/../../../../arm-none-eabi/lib/thumb/v6-m/nofp\libg.a(lib_a-memmove.o)
                0x10007b58                memmove
 .text.strlen   0x10007c04       0x5c c:/progra~1/raspbe~1/picosd~1.1/gcc-ar~1/bin/../lib/gcc/arm-none-eabi/10.3.1/../../../../arm-none-eabi/lib/thumb/v6-m/nofp\libg.a(lib_a-strlen-stub.o)
                0x10007c04                strlen
 .text.strncmp  0x10007c60       0x74 c:/progra~1/raspbe~1/picosd~1.1/gcc-ar~1/bin/../lib/gcc/arm-none-eabi/10.3.1/../../../../arm-none-eabi/lib/thumb/v6-m/nofp\libg.a(lib_a-strncmp.o)
                0x10007c60                strncmp
 *(.fini)
 .fini          0x10007cd4        0x4 c:/progra~1/raspbe~1/picosd~1.1/gcc-ar~1/bin/../lib/gcc/arm-none-eabi/10.3.1/thumb/v6-m/nofp/crti.o
                0x10007cd4                _fini
 .fini.__stub   0x10007cd8       0xa0 linker stubs
 *crtbegin.o(.ctors)
 *crtbegin?.o(.ctors)
 *(EXCLUDE_FILE(*crtend.o *crtend?.o) .ctors)
 *(SORT_BY_NAME(.ctors.*))
 *(.ctors)
 *crtbegin.o(.dtors)
 *crtbegin?.o(.dtors)
 *(EXCLUDE_FILE(*crtend.o *crtend?.o) .dtors)
 *(SORT_BY_NAME(.dtors.*))
 *(.dtors)
 *(.eh_frame*)
 .eh_frame      0x10007d78        0x0 c:/progra~1/raspbe~1/picosd~1.1/gcc-ar~1/bin/../lib/gcc/arm-none-eabi/10.3.1/thumb/v6-m/nofp/crtbegin.o
                0x10007d78                . = ALIGN (0x4)

.glue_7         0x10007d78        0x0
 .glue_7        0x10007d78        0x0 linker stubs

.glue_7t        0x10007d78        0x0
 .glue_7t       0x10007d78        0x0 linker stubs

.vfp11_veneer   0x10007d78        0x0
 .vfp11_veneer  0x10007d78        0x0 linker stubs

.v4_bx          0x10007d78        0x0
 .v4_bx         0x10007d78        0x0 linker stubs

.iplt           0x10007d78        0x0
 .iplt          0x10007d78        0x0 c:/progra~1/raspbe~1/picosd~1.1/gcc-ar~1/bin/../lib/gcc/arm-none-eabi/10.3.1/thumb/v6-m/nofp/crtbegin.o

.rodata         0x10007d78    0x39a54
 *(EXCLUDE_FILE(*libm.a: *libc.a:*lib_a-mem*.o *libgcc.a:) .rodata*)
 .rodata.main.str1.4
                0x10007d78       0x12 CMakeFiles/picow_blink.dir/picow_blink.c.obj
 *fill*         0x10007d8a        0x2 
 .rodata.gpio_add_raw_irq_handler_with_order_priority_masked.str1.4
                0x10007d8c       0x87 CMakeFiles/picow_blink.dir/C_/Program_Files/Raspberry_Pi/Pico_SDK_v1.5.1/pico-sdk/src/rp2_common/hardware_gpio/gpio.c.obj
 *fill*         0x10007e13        0x1 
 .rodata.gpio_remove_raw_irq_handler_masked.str1.4
                0x10007e14       0x29 CMakeFiles/picow_blink.dir/C_/Program_Files/Raspberry_Pi/Pico_SDK_v1.5.1/pico-sdk/src/rp2_common/hardware_gpio/gpio.c.obj
 *fill*         0x10007e3d        0x3 
 .rodata.__func__.0
                0x10007e40       0x23 CMakeFiles/picow_blink.dir/C_/Program_Files/Raspberry_Pi/Pico_SDK_v1.5.1/pico-sdk/src/rp2_common/hardware_gpio/gpio.c.obj
 *fill*         0x10007e63        0x1 
 .rodata.__func__.1
                0x10007e64       0x34 CMakeFiles/picow_blink.dir/C_/Program_Files/Raspberry_Pi/Pico_SDK_v1.5.1/pico-sdk/src/rp2_common/hardware_gpio/gpio.c.obj
 .rodata.hw_claim_clear.str1.4
                0x10007e98       0x7d CMakeFiles/picow_blink.dir/C_/Program_Files/Raspberry_Pi/Pico_SDK_v1.5.1/pico-sdk/src/rp2_common/hardware_claim/claim.c.obj
 *fill*         0x10007f15        0x3 
 .rodata.__func__.0
                0x10007f18        0xf CMakeFiles/picow_blink.dir/C_/Program_Files/Raspberry_Pi/Pico_SDK_v1.5.1/pico-sdk/src/rp2_common/hardware_claim/claim.c.obj
 *fill*         0x10007f27        0x1 
 .rodata.make_branch.str1.4
                0x10007f28       0x89 CMakeFiles/picow_blink.dir/C_/Program_Files/Raspberry_Pi/Pico_SDK_v1.5.1/pico-sdk/src/rp2_common/hardware_irq/irq.c.obj
 *fill*         0x10007fb1        0x3 
 .rodata.insert_branch_and_link.str1.4
                0x10007fb4       0x10 CMakeFiles/picow_blink.dir/C_/Program_Files/Raspberry_Pi/Pico_SDK_v1.5.1/pico-sdk/src/rp2_common/hardware_irq/irq.c.obj
 .rodata.irq_set_exclusive_handler.str1.4
                0x10007fc4       0x36 CMakeFiles/picow_blink.dir/C_/Program_Files/Raspberry_Pi/Pico_SDK_v1.5.1/pico-sdk/src/rp2_common/hardware_irq/irq.c.obj
 *fill*         0x10007ffa        0x2 
 .rodata.irq_add_shared_handler.str1.4
                0x10007ffc       0xd9 CMakeFiles/picow_blink.dir/C_/Program_Files/Raspberry_Pi/Pico_SDK_v1.5.1/pico-sdk/src/rp2_common/hardware_irq/irq.c.obj
 *fill*         0x100080d5        0x3 
 .rodata.irq_remove_handler.str1.4
                0x100080d8       0x3a CMakeFiles/picow_blink.dir/C_/Program_Files/Raspberry_Pi/Pico_SDK_v1.5.1/pico-sdk/src/rp2_common/hardware_irq/irq.c.obj
 *fill*         0x10008112        0x2 
 .rodata.irq_add_tail_to_free_list.str1.4
                0x10008114       0x3a CMakeFiles/picow_blink.dir/C_/Program_Files/Raspberry_Pi/Pico_SDK_v1.5.1/pico-sdk/src/rp2_common/hardware_irq/irq.c.obj
 *fill*         0x1000814e        0x2 
 .rodata.user_irq_claim_unused.str1.4
                0x10008150       0x1b CMakeFiles/picow_blink.dir/C_/Program_Files/Raspberry_Pi/Pico_SDK_v1.5.1/pico-sdk/src/rp2_common/hardware_irq/irq.c.obj
 *fill*         0x1000816b        0x1 
 .rodata.__func__.0
                0x1000816c       0x1a CMakeFiles/picow_blink.dir/C_/Program_Files/Raspberry_Pi/Pico_SDK_v1.5.1/pico-sdk/src/rp2_common/hardware_irq/irq.c.obj
 *fill*         0x10008186        0x2 
 .rodata.__func__.1
                0x10008188       0x17 CMakeFiles/picow_blink.dir/C_/Program_Files/Raspberry_Pi/Pico_SDK_v1.5.1/pico-sdk/src/rp2_common/hardware_irq/irq.c.obj
 *fill*         0x1000819f        0x1 
 .rodata.__func__.2
                0x100081a0       0x13 CMakeFiles/picow_blink.dir/C_/Program_Files/Raspberry_Pi/Pico_SDK_v1.5.1/pico-sdk/src/rp2_common/hardware_irq/irq.c.obj
 *fill*         0x100081b3        0x1 
 .rodata.__func__.3
                0x100081b4        0xc CMakeFiles/picow_blink.dir/C_/Program_Files/Raspberry_Pi/Pico_SDK_v1.5.1/pico-sdk/src/rp2_common/hardware_irq/irq.c.obj
 .rodata.__func__.4
                0x100081c0        0xf CMakeFiles/picow_blink.dir/C_/Program_Files/Raspberry_Pi/Pico_SDK_v1.5.1/pico-sdk/src/rp2_common/hardware_irq/irq.c.obj
 *fill*         0x100081cf        0x1 
 .rodata.__func__.5
                0x100081d0       0x17 CMakeFiles/picow_blink.dir/C_/Program_Files/Raspberry_Pi/Pico_SDK_v1.5.1/pico-sdk/src/rp2_common/hardware_irq/irq.c.obj
 *fill*         0x100081e7        0x1 
 .rodata.__func__.6
                0x100081e8       0x1a CMakeFiles/picow_blink.dir/C_/Program_Files/Raspberry_Pi/Pico_SDK_v1.5.1/pico-sdk/src/rp2_common/hardware_irq/irq.c.obj
 *fill*         0x10008202        0x2 
 .rodata.str1.4
                0x10008204      0x125 CMakeFiles/picow_blink.dir/C_/Program_Files/Raspberry_Pi/Pico_SDK_v1.5.1/pico-sdk/src/common/pico_sync/mutex.c.obj
 *fill*         0x10008329        0x3 
 .rodata.__func__.0
                0x1000832c       0x15 CMakeFiles/picow_blink.dir/C_/Program_Files/Raspberry_Pi/Pico_SDK_v1.5.1/pico-sdk/src/common/pico_sync/mutex.c.obj
 *fill*         0x10008341        0x3 
 .rodata.__func__.1
                0x10008344        0xb CMakeFiles/picow_blink.dir/C_/Program_Files/Raspberry_Pi/Pico_SDK_v1.5.1/pico-sdk/src/common/pico_sync/mutex.c.obj
 *fill*         0x1000834f        0x1 
 .rodata.__func__.3
                0x10008350       0x18 CMakeFiles/picow_blink.dir/C_/Program_Files/Raspberry_Pi/Pico_SDK_v1.5.1/pico-sdk/src/common/pico_sync/mutex.c.obj
 .rodata.__func__.5
                0x10008368       0x1a CMakeFiles/picow_blink.dir/C_/Program_Files/Raspberry_Pi/Pico_SDK_v1.5.1/pico-sdk/src/common/pico_sync/mutex.c.obj
 *fill*         0x10008382        0x2 
 .rodata.__func__.6
                0x10008384       0x1f CMakeFiles/picow_blink.dir/C_/Program_Files/Raspberry_Pi/Pico_SDK_v1.5.1/pico-sdk/src/common/pico_sync/mutex.c.obj
 *fill*         0x100083a3        0x1 
 .rodata.repeating_timer_callback.str1.4
                0x100083a4       0x67 CMakeFiles/picow_blink.dir/C_/Program_Files/Raspberry_Pi/Pico_SDK_v1.5.1/pico-sdk/src/common/pico_time/time.c.obj
 *fill*         0x1000840b        0x1 
 .rodata.timer_pool_entry_comparator.str1.4
                0x1000840c       0x22 CMakeFiles/picow_blink.dir/C_/Program_Files/Raspberry_Pi/Pico_SDK_v1.5.1/pico-sdk/src/common/pico_time/time.c.obj
 *fill*         0x1000842e        0x2 
 .rodata.ph_add_child_node.str1.4
                0x10008430       0xb2 CMakeFiles/picow_blink.dir/C_/Program_Files/Raspberry_Pi/Pico_SDK_v1.5.1/pico-sdk/src/common/pico_time/time.c.obj
 *fill*         0x100084e2        0x2 
 .rodata.add_alarm_under_lock.str1.4
                0x100084e4       0x28 CMakeFiles/picow_blink.dir/C_/Program_Files/Raspberry_Pi/Pico_SDK_v1.5.1/pico-sdk/src/common/pico_time/time.c.obj
                                 0x2b (size before relaxing)
 .rodata.alarm_pool_alarm_callback.str1.4
                0x1000850c       0x98 CMakeFiles/picow_blink.dir/C_/Program_Files/Raspberry_Pi/Pico_SDK_v1.5.1/pico-sdk/src/common/pico_time/time.c.obj
                                0x118 (size before relaxing)
 .rodata.alarm_pool_get_default.str1.4
                0x100085a4       0x21 CMakeFiles/picow_blink.dir/C_/Program_Files/Raspberry_Pi/Pico_SDK_v1.5.1/pico-sdk/src/common/pico_time/time.c.obj
 *fill*         0x100085c5        0x3 
 .rodata.alarm_pool_cancel_alarm.str1.4
                0x100085c8       0x27 CMakeFiles/picow_blink.dir/C_/Program_Files/Raspberry_Pi/Pico_SDK_v1.5.1/pico-sdk/src/common/pico_time/time.c.obj
 *fill*         0x100085ef        0x1 
 .rodata.sleep_until.str1.4
                0x100085f0       0x4d CMakeFiles/picow_blink.dir/C_/Program_Files/Raspberry_Pi/Pico_SDK_v1.5.1/pico-sdk/src/common/pico_time/time.c.obj
 *fill*         0x1000863d        0x3 
 .rodata.__func__.1
                0x10008640       0x18 CMakeFiles/picow_blink.dir/C_/Program_Files/Raspberry_Pi/Pico_SDK_v1.5.1/pico-sdk/src/common/pico_time/time.c.obj
 .rodata.__func__.10
                0x10008658       0x15 CMakeFiles/picow_blink.dir/C_/Program_Files/Raspberry_Pi/Pico_SDK_v1.5.1/pico-sdk/src/common/pico_time/time.c.obj
 *fill*         0x1000866d        0x3 
 .rodata.__func__.11
                0x10008670       0x1a CMakeFiles/picow_blink.dir/C_/Program_Files/Raspberry_Pi/Pico_SDK_v1.5.1/pico-sdk/src/common/pico_time/time.c.obj
 *fill*         0x1000868a        0x2 
 .rodata.__func__.12
                0x1000868c        0xa CMakeFiles/picow_blink.dir/C_/Program_Files/Raspberry_Pi/Pico_SDK_v1.5.1/pico-sdk/src/common/pico_time/time.c.obj
 *fill*         0x10008696        0x2 
 .rodata.__func__.3
                0x10008698       0x17 CMakeFiles/picow_blink.dir/C_/Program_Files/Raspberry_Pi/Pico_SDK_v1.5.1/pico-sdk/src/common/pico_time/time.c.obj
 *fill*         0x100086af        0x1 
 .rodata.__func__.4
                0x100086b0       0x12 CMakeFiles/picow_blink.dir/C_/Program_Files/Raspberry_Pi/Pico_SDK_v1.5.1/pico-sdk/src/common/pico_time/time.c.obj
 *fill*         0x100086c2        0x2 
 .rodata.__func__.5
                0x100086c4        0xd CMakeFiles/picow_blink.dir/C_/Program_Files/Raspberry_Pi/Pico_SDK_v1.5.1/pico-sdk/src/common/pico_time/time.c.obj
 *fill*         0x100086d1        0x3 
 .rodata.__func__.6
                0x100086d4       0x12 CMakeFiles/picow_blink.dir/C_/Program_Files/Raspberry_Pi/Pico_SDK_v1.5.1/pico-sdk/src/common/pico_time/time.c.obj
 *fill*         0x100086e6        0x2 
 .rodata.__func__.7
                0x100086e8        0xf CMakeFiles/picow_blink.dir/C_/Program_Files/Raspberry_Pi/Pico_SDK_v1.5.1/pico-sdk/src/common/pico_time/time.c.obj
 *fill*         0x100086f7        0x1 
 .rodata.__func__.8
                0x100086f8        0xc CMakeFiles/picow_blink.dir/C_/Program_Files/Raspberry_Pi/Pico_SDK_v1.5.1/pico-sdk/src/common/pico_time/time.c.obj
 .rodata.__func__.9
                0x10008704       0x15 CMakeFiles/picow_blink.dir/C_/Program_Files/Raspberry_Pi/Pico_SDK_v1.5.1/pico-sdk/src/common/pico_time/time.c.obj
 *fill*         0x10008719        0x7 
 .rodata.at_the_end_of_time
                0x10008720        0x8 CMakeFiles/picow_blink.dir/C_/Program_Files/Raspberry_Pi/Pico_SDK_v1.5.1/pico-sdk/src/common/pico_time/time.c.obj
                0x10008720                at_the_end_of_time
 .rodata.hardware_alarm_claim.str1.4
                0x10008728       0x22 CMakeFiles/picow_blink.dir/C_/Program_Files/Raspberry_Pi/Pico_SDK_v1.5.1/pico-sdk/src/rp2_common/hardware_timer/timer.c.obj
 .rodata.busy_wait_us.str1.4
                0x1000874a       0x7d CMakeFiles/picow_blink.dir/C_/Program_Files/Raspberry_Pi/Pico_SDK_v1.5.1/pico-sdk/src/rp2_common/hardware_timer/timer.c.obj
 *fill*         0x1000874a        0x2 
 .rodata.hardware_alarm_set_target.str1.4
                0x1000874c       0x81 CMakeFiles/picow_blink.dir/C_/Program_Files/Raspberry_Pi/Pico_SDK_v1.5.1/pico-sdk/src/rp2_common/hardware_timer/timer.c.obj
 *fill*         0x100087cd        0x3 
 .rodata.__func__.0
                0x100087d0       0x1a CMakeFiles/picow_blink.dir/C_/Program_Files/Raspberry_Pi/Pico_SDK_v1.5.1/pico-sdk/src/rp2_common/hardware_timer/timer.c.obj
 *fill*         0x100087ea        0x2 
 .rodata.__func__.1
                0x100087ec       0x15 CMakeFiles/picow_blink.dir/C_/Program_Files/Raspberry_Pi/Pico_SDK_v1.5.1/pico-sdk/src/rp2_common/hardware_timer/timer.c.obj
 .rodata.ph_add_child_node.str1.4
                0x10008801       0xb2 CMakeFiles/picow_blink.dir/C_/Program_Files/Raspberry_Pi/Pico_SDK_v1.5.1/pico-sdk/src/common/pico_util/pheap.c.obj
 *fill*         0x10008801        0x3 
 .rodata.ph_remove_any_head.str1.4
                0x10008804       0xa8 CMakeFiles/picow_blink.dir/C_/Program_Files/Raspberry_Pi/Pico_SDK_v1.5.1/pico-sdk/src/common/pico_util/pheap.c.obj
                                 0xbc (size before relaxing)
 .rodata.ph_remove_and_free_node.str1.4
                0x100088ac       0x1e CMakeFiles/picow_blink.dir/C_/Program_Files/Raspberry_Pi/Pico_SDK_v1.5.1/pico-sdk/src/common/pico_util/pheap.c.obj
                                 0x26 (size before relaxing)
 *fill*         0x100088ca        0x2 
 .rodata.__func__.0
                0x100088cc       0x18 CMakeFiles/picow_blink.dir/C_/Program_Files/Raspberry_Pi/Pico_SDK_v1.5.1/pico-sdk/src/common/pico_util/pheap.c.obj
 .rodata.__func__.1
                0x100088e4       0x13 CMakeFiles/picow_blink.dir/C_/Program_Files/Raspberry_Pi/Pico_SDK_v1.5.1/pico-sdk/src/common/pico_util/pheap.c.obj
 *fill*         0x100088f7        0x1 
 .rodata.__func__.2
                0x100088f8       0x12 CMakeFiles/picow_blink.dir/C_/Program_Files/Raspberry_Pi/Pico_SDK_v1.5.1/pico-sdk/src/common/pico_util/pheap.c.obj
 *fill*         0x1000890a        0x2 
 .rodata.__func__.3
                0x1000890c        0xc CMakeFiles/picow_blink.dir/C_/Program_Files/Raspberry_Pi/Pico_SDK_v1.5.1/pico-sdk/src/common/pico_util/pheap.c.obj
 .rodata.clock_configure.str1.4
                0x10008918       0x73 CMakeFiles/picow_blink.dir/C_/Program_Files/Raspberry_Pi/Pico_SDK_v1.5.1/pico-sdk/src/rp2_common/hardware_clocks/clocks.c.obj
 *fill*         0x1000898b        0x1 
 .rodata.__func__.1
                0x1000898c       0x10 CMakeFiles/picow_blink.dir/C_/Program_Files/Raspberry_Pi/Pico_SDK_v1.5.1/pico-sdk/src/rp2_common/hardware_clocks/clocks.c.obj
 .rodata.pll_init.str1.4
                0x1000899c      0x140 CMakeFiles/picow_blink.dir/C_/Program_Files/Raspberry_Pi/Pico_SDK_v1.5.1/pico-sdk/src/rp2_common/hardware_pll/pll.c.obj
 .rodata.__func__.0
                0x10008adc        0x9 CMakeFiles/picow_blink.dir/C_/Program_Files/Raspberry_Pi/Pico_SDK_v1.5.1/pico-sdk/src/rp2_common/hardware_pll/pll.c.obj
 *fill*         0x10008ae5        0x3 
 .rodata.__assert_func.str1.4
                0x10008ae8       0x3f CMakeFiles/picow_blink.dir/C_/Program_Files/Raspberry_Pi/Pico_SDK_v1.5.1/pico-sdk/src/rp2_common/pico_runtime/runtime.c.obj
                                 0x43 (size before relaxing)
 *fill*         0x10008b27        0x1 
 .rodata.runtime_init.str1.4
                0x10008b28       0x7d CMakeFiles/picow_blink.dir/C_/Program_Files/Raspberry_Pi/Pico_SDK_v1.5.1/pico-sdk/src/rp2_common/pico_runtime/runtime.c.obj
 *fill*         0x10008ba5        0x3 
 .rodata.panic.str1.4
                0x10008ba8       0x10 CMakeFiles/picow_blink.dir/C_/Program_Files/Raspberry_Pi/Pico_SDK_v1.5.1/pico-sdk/src/rp2_common/pico_runtime/runtime.c.obj
                                 0x12 (size before relaxing)
 .rodata.panic_unsupported.str1.4
                0x10008bb8        0xe CMakeFiles/picow_blink.dir/C_/Program_Files/Raspberry_Pi/Pico_SDK_v1.5.1/pico-sdk/src/rp2_common/pico_runtime/runtime.c.obj
 *fill*         0x10008bc6        0x2 
 .rodata.__func__.2
                0x10008bc8        0xd CMakeFiles/picow_blink.dir/C_/Program_Files/Raspberry_Pi/Pico_SDK_v1.5.1/pico-sdk/src/rp2_common/pico_runtime/runtime.c.obj
 *fill*         0x10008bd5        0x3 
 .rodata._ftoa.str1.4
                0x10008bd8       0x15 CMakeFiles/picow_blink.dir/C_/Program_Files/Raspberry_Pi/Pico_SDK_v1.5.1/pico-sdk/src/rp2_common/pico_printf/printf.c.obj
 *fill*         0x10008bed        0x3 
 .rodata._vsnprintf
                0x10008bf0      0x1e0 CMakeFiles/picow_blink.dir/C_/Program_Files/Raspberry_Pi/Pico_SDK_v1.5.1/pico-sdk/src/rp2_common/pico_printf/printf.c.obj
 .rodata.pow10.0
                0x10008dd0       0x50 CMakeFiles/picow_blink.dir/C_/Program_Files/Raspberry_Pi/Pico_SDK_v1.5.1/pico-sdk/src/rp2_common/pico_printf/printf.c.obj
 .rodata.missing_double_func_shim.str1.4
                0x10008e20       0x18 CMakeFiles/picow_blink.dir/C_/Program_Files/Raspberry_Pi/Pico_SDK_v1.5.1/pico-sdk/src/rp2_common/pico_double/double_init_rom.c.obj
 .rodata.__aeabi_double_init.str1.4
                0x10008e38       0xb8 CMakeFiles/picow_blink.dir/C_/Program_Files/Raspberry_Pi/Pico_SDK_v1.5.1/pico-sdk/src/rp2_common/pico_double/double_init_rom.c.obj
 .rodata.__func__.0
                0x10008ef0       0x14 CMakeFiles/picow_blink.dir/C_/Program_Files/Raspberry_Pi/Pico_SDK_v1.5.1/pico-sdk/src/rp2_common/pico_double/double_init_rom.c.obj
 .rodata.missing_float_func_shim.str1.4
                0x10008f04        0x1 CMakeFiles/picow_blink.dir/C_/Program_Files/Raspberry_Pi/Pico_SDK_v1.5.1/pico-sdk/src/rp2_common/pico_float/float_init_rom.c.obj
 .rodata.__aeabi_float_init.str1.4
                0x10008f04       0x96 CMakeFiles/picow_blink.dir/C_/Program_Files/Raspberry_Pi/Pico_SDK_v1.5.1/pico-sdk/src/rp2_common/pico_float/float_init_rom.c.obj
 *fill*         0x10008f9a        0x2 
 .rodata.__func__.0
                0x10008f9c       0x13 CMakeFiles/picow_blink.dir/C_/Program_Files/Raspberry_Pi/Pico_SDK_v1.5.1/pico-sdk/src/rp2_common/pico_float/float_init_rom.c.obj
 *fill*         0x10008faf        0x1 
 .rodata.str1.4
                0x10008fb0       0x40 CMakeFiles/picow_blink.dir/C_/Program_Files/Raspberry_Pi/Pico_SDK_v1.5.1/pico-sdk/src/rp2_common/pico_standard_link/binary_info.c.obj
 .rodata.__bi_44
                0x10008ff0        0xc CMakeFiles/picow_blink.dir/C_/Program_Files/Raspberry_Pi/Pico_SDK_v1.5.1/pico-sdk/src/rp2_common/pico_standard_link/binary_info.c.obj
 .rodata.__bi_75
                0x10008ffc        0xc CMakeFiles/picow_blink.dir/C_/Program_Files/Raspberry_Pi/Pico_SDK_v1.5.1/pico-sdk/src/rp2_common/pico_standard_link/binary_info.c.obj
 .rodata.__bi_81
                0x10009008        0xc CMakeFiles/picow_blink.dir/C_/Program_Files/Raspberry_Pi/Pico_SDK_v1.5.1/pico-sdk/src/rp2_common/pico_standard_link/binary_info.c.obj
 .rodata.stdout_serialize_begin.str1.4
                0x10009014       0x7d CMakeFiles/picow_blink.dir/C_/Program_Files/Raspberry_Pi/Pico_SDK_v1.5.1/pico-sdk/src/rp2_common/pico_stdio/stdio.c.obj
 .rodata.__func__.3
                0x10009014       0x15 CMakeFiles/picow_blink.dir/C_/Program_Files/Raspberry_Pi/Pico_SDK_v1.5.1/pico-sdk/src/rp2_common/pico_stdio/stdio.c.obj
 *fill*         0x10009029        0x3 
 .rodata.crlf_str.2
                0x1000902c        0x2 CMakeFiles/picow_blink.dir/C_/Program_Files/Raspberry_Pi/Pico_SDK_v1.5.1/pico-sdk/src/rp2_common/pico_stdio/stdio.c.obj
 *fill*         0x1000902e        0x2 
 .rodata.str1.4
                0x10009030       0x2c CMakeFiles/picow_blink.dir/C_/Program_Files/Raspberry_Pi/Pico_SDK_v1.5.1/pico-sdk/src/rp2_common/pico_stdio_uart/stdio_uart.c.obj
 .rodata.__bi_33.4
                0x1000905c        0xc CMakeFiles/picow_blink.dir/C_/Program_Files/Raspberry_Pi/Pico_SDK_v1.5.1/pico-sdk/src/rp2_common/pico_stdio_uart/stdio_uart.c.obj
 .rodata.__bi_34.5
                0x10009068        0x8 CMakeFiles/picow_blink.dir/C_/Program_Files/Raspberry_Pi/Pico_SDK_v1.5.1/pico-sdk/src/rp2_common/pico_stdio_uart/stdio_uart.c.obj
 .rodata.str1.4
                0x10009070      0x176 CMakeFiles/picow_blink.dir/C_/Program_Files/Raspberry_Pi/Pico_SDK_v1.5.1/pico-sdk/src/rp2_common/hardware_flash/flash.c.obj
 *fill*         0x100091e6        0x2 
 .rodata.__func__.0